#
# There is insufficient memory for the Java Runtime Environment to continue.
# Native memory allocation (malloc) failed to allocate 32784 bytes for Chunk::new
# Possible reasons:
#   The system is out of physical RAM or swap space
#   The process is running with CompressedOops enabled, and the Java Heap may be blocking the growth of the native heap
# Possible solutions:
#   Reduce memory load on the system
#   Increase physical memory or swap space
#   Check if swap backing store is full
#   Decrease Java heap size (-Xmx/-Xms)
#   Decrease number of Java threads
#   Decrease Java thread stack sizes (-Xss)
#   Set larger code cache with -XX:ReservedCodeCacheSize=
#   JVM is running with Unscaled Compressed Oops mode in which the Java heap is
#     placed in the first 4GB address space. The Java Heap base address is the
#     maximum limit for the native heap growth. Please use -XX:HeapBaseMinAddress
#     to set the Java Heap base and to place the Java Heap above 4GB virtual address.
# This output file may be truncated or incomplete.
#
#  Out of Memory Error (arena.cpp:168), pid=23772, tid=23440
#
# JRE version: Java(TM) SE Runtime Environment (21.0.10+8) (build 21.0.10+8-LTS-217)
# Java VM: Java HotSpot(TM) 64-Bit Server VM (21.0.10+8-LTS-217, mixed mode, sharing, tiered, compressed oops, compressed class ptrs, g1 gc, windows-amd64)
# No core dump will be written. Minidumps are not enabled by default on client versions of Windows
#

---------------  S U M M A R Y ------------

Command Line: --add-opens=java.base/java.lang=ALL-UNNAMED --add-opens=java.base/java.lang.invoke=ALL-UNNAMED --add-opens=java.base/java.util=ALL-UNNAMED --add-opens=java.prefs/java.util.prefs=ALL-UNNAMED --add-exports=jdk.compiler/com.sun.tools.javac.api=ALL-UNNAMED --add-exports=jdk.compiler/com.sun.tools.javac.util=ALL-UNNAMED --add-opens=java.base/java.util=ALL-UNNAMED --add-opens=java.prefs/java.util.prefs=ALL-UNNAMED --add-opens=java.base/java.nio.charset=ALL-UNNAMED --add-opens=java.base/java.net=ALL-UNNAMED --add-opens=java.base/java.util.concurrent.atomic=ALL-UNNAMED --add-opens=java.xml/javax.xml.namespace=ALL-UNNAMED -XX:MaxMetaspaceSize=384m -XX:+HeapDumpOnOutOfMemoryError -Xms256m -Xmx512m -Dfile.encoding=UTF-8 -Duser.country=US -Duser.language=en -Duser.variant -javaagent:C:\Users\vongo\.gradle\wrapper\dists\gradle-8.14.5-bin\690y85m0j9nfaub7xoiayko8a\gradle-8.14.5\lib\agents\gradle-instrumentation-agent-8.14.5.jar org.gradle.launcher.daemon.bootstrap.GradleDaemon 8.14.5

Host: 12th Gen Intel(R) Core(TM) i5-1235U, 12 cores, 7G,  Windows 11 , 64 bit Build 26100 (10.0.26100.9168)
Time: Sat Sep  5 16:18:33 2026 SE Asia Standard Time elapsed time: 145.796638 seconds (0d 0h 2m 25s)

---------------  T H R E A D  ---------------

Current thread (0x000001fb62c03fd0):  JavaThread "C2 CompilerThread0" daemon [_thread_in_native, id=23440, stack(0x000000f2b5200000,0x000000f2b5300000) (1024K)]


Current CompileTask:
C2: 145796 3031       4       jdk.internal.org.objectweb.asm.Frame::getAbstractTypeFromDescriptor (415 bytes)

Stack: [0x000000f2b5200000,0x000000f2b5300000]
Native frames: (J=compiled Java code, j=interpreted, Vv=VM code, C=native code)
V  [jvm.dll+0x6d0b59]
V  [jvm.dll+0x85fd56]
V  [jvm.dll+0x86224e]
V  [jvm.dll+0x862923]
V  [jvm.dll+0x282a16]
V  [jvm.dll+0xc662d]
V  [jvm.dll+0xc6b71]
V  [jvm.dll+0xc6755]
V  [jvm.dll+0x72731c]
V  [jvm.dll+0x6055b7]
V  [jvm.dll+0x750368]
V  [jvm.dll+0x74f2b1]
V  [jvm.dll+0x611645]
V  [jvm.dll+0x6113d0]
V  [jvm.dll+0x5fb4b1]
V  [jvm.dll+0x2549d7]
V  [jvm.dll+0x24cd64]
V  [jvm.dll+0x24a84e]
V  [jvm.dll+0x1cacfe]
V  [jvm.dll+0x25a629]
V  [jvm.dll+0x258bb5]
V  [jvm.dll+0x3f4da1]
V  [jvm.dll+0x80a83d]
V  [jvm.dll+0x6cf3fd]
C  [ucrtbase.dll+0x2cd30]
C  [KERNEL32.DLL+0x2ccb7]
C  [ntdll.dll+0xaad6c]


---------------  P R O C E S S  ---------------

Threads class SMR info:
_java_thread_list=0x000001fb7df4e6d0, length=25, elements={
0x000001fb4584f900, 0x000001fb62bfae30, 0x000001fb62bfd8a0, 0x000001fb62c01320,
0x000001fb62c01d80, 0x000001fb62c027e0, 0x000001fb62c03240, 0x000001fb62c03fd0,
0x000001fb62c17490, 0x000001fb62ef5b70, 0x000001fb62efee10, 0x000001fb7d357130,
0x000001fb62c7ff80, 0x000001fb62e603f0, 0x000001fb7cd59c90, 0x000001fb7d675fc0,
0x000001fb7d263240, 0x000001fb7d262520, 0x000001fb7d2638d0, 0x000001fb7d262bb0,
0x000001fb7d25d980, 0x000001fb7d25c5d0, 0x000001fb7d25d2f0, 0x000001fb7d25a500,
0x000001fb7d25ab90
}

Java Threads: ( => current thread )
  0x000001fb4584f900 JavaThread "main"                              [_thread_blocked, id=25576, stack(0x000000f2b4300000,0x000000f2b4400000) (1024K)]
  0x000001fb62bfae30 JavaThread "Reference Handler"          daemon [_thread_blocked, id=20968, stack(0x000000f2b4c00000,0x000000f2b4d00000) (1024K)]
  0x000001fb62bfd8a0 JavaThread "Finalizer"                  daemon [_thread_blocked, id=21792, stack(0x000000f2b4d00000,0x000000f2b4e00000) (1024K)]
  0x000001fb62c01320 JavaThread "Signal Dispatcher"          daemon [_thread_blocked, id=21652, stack(0x000000f2b4e00000,0x000000f2b4f00000) (1024K)]
  0x000001fb62c01d80 JavaThread "Attach Listener"            daemon [_thread_blocked, id=21576, stack(0x000000f2b4f00000,0x000000f2b5000000) (1024K)]
  0x000001fb62c027e0 JavaThread "Service Thread"             daemon [_thread_blocked, id=20664, stack(0x000000f2b5000000,0x000000f2b5100000) (1024K)]
  0x000001fb62c03240 JavaThread "Monitor Deflation Thread"   daemon [_thread_blocked, id=5116, stack(0x000000f2b5100000,0x000000f2b5200000) (1024K)]
=>0x000001fb62c03fd0 JavaThread "C2 CompilerThread0"         daemon [_thread_in_native, id=23440, stack(0x000000f2b5200000,0x000000f2b5300000) (1024K)]
  0x000001fb62c17490 JavaThread "C1 CompilerThread0"         daemon [_thread_blocked, id=23444, stack(0x000000f2b5300000,0x000000f2b5400000) (1024K)]
  0x000001fb62ef5b70 JavaThread "Common-Cleaner"             daemon [_thread_blocked, id=18544, stack(0x000000f2b5400000,0x000000f2b5500000) (1024K)]
  0x000001fb62efee10 JavaThread "Notification Thread"        daemon [_thread_blocked, id=23596, stack(0x000000f2b5500000,0x000000f2b5600000) (1024K)]
  0x000001fb7d357130 JavaThread "Daemon health stats"               [_thread_blocked, id=19804, stack(0x000000f2b4400000,0x000000f2b4500000) (1024K)]
  0x000001fb62c7ff80 JavaThread "Incoming local TCP Connector on port 51329"        [_thread_in_native, id=2156, stack(0x000000f2b5c00000,0x000000f2b5d00000) (1024K)]
  0x000001fb62e603f0 JavaThread "Daemon periodic checks"            [_thread_blocked, id=17484, stack(0x000000f2b5d00000,0x000000f2b5e00000) (1024K)]
  0x000001fb7cd59c90 JavaThread "Daemon"                            [_thread_blocked, id=23732, stack(0x000000f2b5e00000,0x000000f2b5f00000) (1024K)]
  0x000001fb7d675fc0 JavaThread "Handler for socket connection from /127.0.0.1:51329 to /127.0.0.1:55393"        [_thread_in_native, id=18244, stack(0x000000f2b5f00000,0x000000f2b6000000) (1024K)]
  0x000001fb7d263240 JavaThread "Cancel handler"                    [_thread_blocked, id=26060, stack(0x000000f2b6000000,0x000000f2b6100000) (1024K)]
  0x000001fb7d262520 JavaThread "Daemon worker"                     [_thread_in_Java, id=24712, stack(0x000000f2b6100000,0x000000f2b6200000) (1024K)]
  0x000001fb7d2638d0 JavaThread "Asynchronous log dispatcher for DefaultDaemonConnection: socket connection from /127.0.0.1:51329 to /127.0.0.1:55393"        [_thread_blocked, id=14540, stack(0x000000f2b6200000,0x000000f2b6300000) (1024K)]
  0x000001fb7d262bb0 JavaThread "Stdin handler"                     [_thread_blocked, id=28832, stack(0x000000f2b6300000,0x000000f2b6400000) (1024K)]
  0x000001fb7d25d980 JavaThread "Daemon client event forwarder"        [_thread_blocked, id=21132, stack(0x000000f2b6400000,0x000000f2b6500000) (1024K)]
  0x000001fb7d25c5d0 JavaThread "Cache worker for journal cache (C:\Users\vongo\.gradle\caches\journal-1)"        [_thread_blocked, id=23184, stack(0x000000f2b6500000,0x000000f2b6600000) (1024K)]
  0x000001fb7d25d2f0 JavaThread "File lock request listener"        [_thread_in_native, id=28652, stack(0x000000f2b6600000,0x000000f2b6700000) (1024K)]
  0x000001fb7d25a500 JavaThread "File lock release action executor"        [_thread_blocked, id=24708, stack(0x000000f2b6700000,0x000000f2b6800000) (1024K)]
  0x000001fb7d25ab90 JavaThread "Cache worker for file hash cache (C:\Users\vongo\.gradle\caches\8.14.5\fileHashes)"        [_thread_blocked, id=25656, stack(0x000000f2b6800000,0x000000f2b6900000) (1024K)]
Total: 25

Other Threads:
  0x000001fb62acfce0 VMThread "VM Thread"                           [id=25296, stack(0x000000f2b4b00000,0x000000f2b4c00000) (1024K)]
  0x000001fb62abcd50 WatcherThread "VM Periodic Task Thread"        [id=22128, stack(0x000000f2b4a00000,0x000000f2b4b00000) (1024K)]
  0x000001fb45af8920 WorkerThread "GC Thread#0"                     [id=20500, stack(0x000000f2b4500000,0x000000f2b4600000) (1024K)]
  0x000001fb62cc4850 WorkerThread "GC Thread#1"                     [id=29040, stack(0x000000f2b5600000,0x000000f2b5700000) (1024K)]
  0x000001fb7c010090 WorkerThread "GC Thread#2"                     [id=28996, stack(0x000000f2b5700000,0x000000f2b5800000) (1024K)]
  0x000001fb7c010440 WorkerThread "GC Thread#3"                     [id=28988, stack(0x000000f2b5800000,0x000000f2b5900000) (1024K)]
  0x000001fb7c0107f0 WorkerThread "GC Thread#4"                     [id=27200, stack(0x000000f2b5900000,0x000000f2b5a00000) (1024K)]
  0x000001fb62e63020 WorkerThread "GC Thread#5"                     [id=14368, stack(0x000000f2b5a00000,0x000000f2b5b00000) (1024K)]
  0x000001fb45afd820 ConcurrentGCThread "G1 Main Marker"            [id=21408, stack(0x000000f2b4600000,0x000000f2b4700000) (1024K)]
  0x000001fb45afe240 WorkerThread "G1 Conc#0"                       [id=17112, stack(0x000000f2b4700000,0x000000f2b4800000) (1024K)]
  0x000001fb45b7eb40 ConcurrentGCThread "G1 Refine#0"               [id=21948, stack(0x000000f2b4800000,0x000000f2b4900000) (1024K)]
  0x000001fb62985850 ConcurrentGCThread "G1 Service"                [id=26228, stack(0x000000f2b4900000,0x000000f2b4a00000) (1024K)]
Total: 12

Threads with active compile tasks:
C2 CompilerThread0   145874 3031       4       jdk.internal.org.objectweb.asm.Frame::getAbstractTypeFromDescriptor (415 bytes)
Total: 1

VM state: not at safepoint (normal execution)

VM Mutex/Monitor currently owned by a thread: None

Heap address: 0x00000000e0000000, size: 512 MB, Compressed Oops mode: 32-bit

CDS archive(s) mapped at: [0x000001fb63000000-0x000001fb63c90000-0x000001fb63c90000), size 13172736, SharedBaseAddress: 0x000001fb63000000, ArchiveRelocationMode: 1.
Compressed class space mapped at: 0x000001fb64000000-0x000001fb78000000, reserved size: 335544320
Narrow klass base: 0x000001fb63000000, Narrow klass shift: 0, Narrow klass range: 0x100000000

GC Precious Log:
 CardTable entry size: 512
 Card Set container configuration: InlinePtr #cards 5 size 8 Array Of Cards #cards 12 size 40 Howl #buckets 4 coarsen threshold 1843 Howl Bitmap #cards 512 size 80 coarsen threshold 460 Card regions per heap region 1 cards per card region 2048
 CPUs: 12 total, 12 available
 Memory: 7916M
 Large Page Support: Disabled
 NUMA Support: Disabled
 Compressed Oops: Enabled (32-bit)
 Heap Region Size: 1M
 Heap Min Capacity: 256M
 Heap Initial Capacity: 256M
 Heap Max Capacity: 512M
 Pre-touch: Disabled
 Parallel Workers: 10
 Concurrent Workers: 3
 Concurrent Refinement Workers: 10
 Periodic GC: Disabled

Heap:
 garbage-first heap   total 262144K, used 72107K [0x00000000e0000000, 0x0000000100000000)
  region size 1024K, 60 young (61440K), 5 survivors (5120K)
 Metaspace       used 15989K, committed 16448K, reserved 393216K
  class space    used 2129K, committed 2368K, reserved 327680K

Heap Regions: E=young(eden), S=young(survivor), O=old, HS=humongous(starts), HC=humongous(continues), CS=collection set, F=free, TAMS=top-at-mark-start, PB=parsable bottom
|   0|0x00000000e0000000, 0x00000000e0100000, 0x00000000e0100000|100%|HS|  |TAMS 0x00000000e0000000| PB 0x00000000e0000000| Complete 
|   1|0x00000000e0100000, 0x00000000e0200000, 0x00000000e0200000|100%|HC|  |TAMS 0x00000000e0100000| PB 0x00000000e0100000| Complete 
|   2|0x00000000e0200000, 0x00000000e0300000, 0x00000000e0300000|100%|HC|  |TAMS 0x00000000e0200000| PB 0x00000000e0200000| Complete 
|   3|0x00000000e0300000, 0x00000000e0400000, 0x00000000e0400000|100%| O|  |TAMS 0x00000000e0300000| PB 0x00000000e0300000| Untracked 
|   4|0x00000000e0400000, 0x00000000e0500000, 0x00000000e0500000|100%| O|  |TAMS 0x00000000e0400000| PB 0x00000000e0400000| Untracked 
|   5|0x00000000e0500000, 0x00000000e0600000, 0x00000000e0600000|100%| O|  |TAMS 0x00000000e0500000| PB 0x00000000e0500000| Untracked 
|   6|0x00000000e0600000, 0x00000000e0700000, 0x00000000e0700000|100%|HS|  |TAMS 0x00000000e0600000| PB 0x00000000e0600000| Complete 
|   7|0x00000000e0700000, 0x00000000e0700000, 0x00000000e0800000|  0%| F|  |TAMS 0x00000000e0700000| PB 0x00000000e0700000| Untracked 
|   8|0x00000000e0800000, 0x00000000e0900000, 0x00000000e0900000|100%| O|  |TAMS 0x00000000e0800000| PB 0x00000000e0800000| Untracked 
|   9|0x00000000e0900000, 0x00000000e0a00000, 0x00000000e0a00000|100%| O|  |TAMS 0x00000000e0900000| PB 0x00000000e0900000| Untracked 
|  10|0x00000000e0a00000, 0x00000000e0b00000, 0x00000000e0b00000|100%| O|  |TAMS 0x00000000e0a00000| PB 0x00000000e0a00000| Untracked 
|  11|0x00000000e0b00000, 0x00000000e0c00000, 0x00000000e0c00000|100%| O|  |TAMS 0x00000000e0b00000| PB 0x00000000e0b00000| Untracked 
|  12|0x00000000e0c00000, 0x00000000e0cb1f18, 0x00000000e0d00000| 69%| O|  |TAMS 0x00000000e0c00000| PB 0x00000000e0c00000| Untracked 
|  13|0x00000000e0d00000, 0x00000000e0d00000, 0x00000000e0e00000|  0%| F|  |TAMS 0x00000000e0d00000| PB 0x00000000e0d00000| Untracked 
|  14|0x00000000e0e00000, 0x00000000e0e00000, 0x00000000e0f00000|  0%| F|  |TAMS 0x00000000e0e00000| PB 0x00000000e0e00000| Untracked 
|  15|0x00000000e0f00000, 0x00000000e0f00000, 0x00000000e1000000|  0%| F|  |TAMS 0x00000000e0f00000| PB 0x00000000e0f00000| Untracked 
|  16|0x00000000e1000000, 0x00000000e1000000, 0x00000000e1100000|  0%| F|  |TAMS 0x00000000e1000000| PB 0x00000000e1000000| Untracked 
|  17|0x00000000e1100000, 0x00000000e1100000, 0x00000000e1200000|  0%| F|  |TAMS 0x00000000e1100000| PB 0x00000000e1100000| Untracked 
|  18|0x00000000e1200000, 0x00000000e1200000, 0x00000000e1300000|  0%| F|  |TAMS 0x00000000e1200000| PB 0x00000000e1200000| Untracked 
|  19|0x00000000e1300000, 0x00000000e1300000, 0x00000000e1400000|  0%| F|  |TAMS 0x00000000e1300000| PB 0x00000000e1300000| Untracked 
|  20|0x00000000e1400000, 0x00000000e1400000, 0x00000000e1500000|  0%| F|  |TAMS 0x00000000e1400000| PB 0x00000000e1400000| Untracked 
|  21|0x00000000e1500000, 0x00000000e1500000, 0x00000000e1600000|  0%| F|  |TAMS 0x00000000e1500000| PB 0x00000000e1500000| Untracked 
|  22|0x00000000e1600000, 0x00000000e1600000, 0x00000000e1700000|  0%| F|  |TAMS 0x00000000e1600000| PB 0x00000000e1600000| Untracked 
|  23|0x00000000e1700000, 0x00000000e1700000, 0x00000000e1800000|  0%| F|  |TAMS 0x00000000e1700000| PB 0x00000000e1700000| Untracked 
|  24|0x00000000e1800000, 0x00000000e1800000, 0x00000000e1900000|  0%| F|  |TAMS 0x00000000e1800000| PB 0x00000000e1800000| Untracked 
|  25|0x00000000e1900000, 0x00000000e1900000, 0x00000000e1a00000|  0%| F|  |TAMS 0x00000000e1900000| PB 0x00000000e1900000| Untracked 
|  26|0x00000000e1a00000, 0x00000000e1a00000, 0x00000000e1b00000|  0%| F|  |TAMS 0x00000000e1a00000| PB 0x00000000e1a00000| Untracked 
|  27|0x00000000e1b00000, 0x00000000e1b00000, 0x00000000e1c00000|  0%| F|  |TAMS 0x00000000e1b00000| PB 0x00000000e1b00000| Untracked 
|  28|0x00000000e1c00000, 0x00000000e1c00000, 0x00000000e1d00000|  0%| F|  |TAMS 0x00000000e1c00000| PB 0x00000000e1c00000| Untracked 
|  29|0x00000000e1d00000, 0x00000000e1d00000, 0x00000000e1e00000|  0%| F|  |TAMS 0x00000000e1d00000| PB 0x00000000e1d00000| Untracked 
|  30|0x00000000e1e00000, 0x00000000e1e00000, 0x00000000e1f00000|  0%| F|  |TAMS 0x00000000e1e00000| PB 0x00000000e1e00000| Untracked 
|  31|0x00000000e1f00000, 0x00000000e1f00000, 0x00000000e2000000|  0%| F|  |TAMS 0x00000000e1f00000| PB 0x00000000e1f00000| Untracked 
|  32|0x00000000e2000000, 0x00000000e2000000, 0x00000000e2100000|  0%| F|  |TAMS 0x00000000e2000000| PB 0x00000000e2000000| Untracked 
|  33|0x00000000e2100000, 0x00000000e2100000, 0x00000000e2200000|  0%| F|  |TAMS 0x00000000e2100000| PB 0x00000000e2100000| Untracked 
|  34|0x00000000e2200000, 0x00000000e2200000, 0x00000000e2300000|  0%| F|  |TAMS 0x00000000e2200000| PB 0x00000000e2200000| Untracked 
|  35|0x00000000e2300000, 0x00000000e2300000, 0x00000000e2400000|  0%| F|  |TAMS 0x00000000e2300000| PB 0x00000000e2300000| Untracked 
|  36|0x00000000e2400000, 0x00000000e2400000, 0x00000000e2500000|  0%| F|  |TAMS 0x00000000e2400000| PB 0x00000000e2400000| Untracked 
|  37|0x00000000e2500000, 0x00000000e2500000, 0x00000000e2600000|  0%| F|  |TAMS 0x00000000e2500000| PB 0x00000000e2500000| Untracked 
|  38|0x00000000e2600000, 0x00000000e2600000, 0x00000000e2700000|  0%| F|  |TAMS 0x00000000e2600000| PB 0x00000000e2600000| Untracked 
|  39|0x00000000e2700000, 0x00000000e2700000, 0x00000000e2800000|  0%| F|  |TAMS 0x00000000e2700000| PB 0x00000000e2700000| Untracked 
|  40|0x00000000e2800000, 0x00000000e2800000, 0x00000000e2900000|  0%| F|  |TAMS 0x00000000e2800000| PB 0x00000000e2800000| Untracked 
|  41|0x00000000e2900000, 0x00000000e2900000, 0x00000000e2a00000|  0%| F|  |TAMS 0x00000000e2900000| PB 0x00000000e2900000| Untracked 
|  42|0x00000000e2a00000, 0x00000000e2a00000, 0x00000000e2b00000|  0%| F|  |TAMS 0x00000000e2a00000| PB 0x00000000e2a00000| Untracked 
|  43|0x00000000e2b00000, 0x00000000e2b00000, 0x00000000e2c00000|  0%| F|  |TAMS 0x00000000e2b00000| PB 0x00000000e2b00000| Untracked 
|  44|0x00000000e2c00000, 0x00000000e2c00000, 0x00000000e2d00000|  0%| F|  |TAMS 0x00000000e2c00000| PB 0x00000000e2c00000| Untracked 
|  45|0x00000000e2d00000, 0x00000000e2d00000, 0x00000000e2e00000|  0%| F|  |TAMS 0x00000000e2d00000| PB 0x00000000e2d00000| Untracked 
|  46|0x00000000e2e00000, 0x00000000e2e00000, 0x00000000e2f00000|  0%| F|  |TAMS 0x00000000e2e00000| PB 0x00000000e2e00000| Untracked 
|  47|0x00000000e2f00000, 0x00000000e2f00000, 0x00000000e3000000|  0%| F|  |TAMS 0x00000000e2f00000| PB 0x00000000e2f00000| Untracked 
|  48|0x00000000e3000000, 0x00000000e3000000, 0x00000000e3100000|  0%| F|  |TAMS 0x00000000e3000000| PB 0x00000000e3000000| Untracked 
|  49|0x00000000e3100000, 0x00000000e3100000, 0x00000000e3200000|  0%| F|  |TAMS 0x00000000e3100000| PB 0x00000000e3100000| Untracked 
|  50|0x00000000e3200000, 0x00000000e3200000, 0x00000000e3300000|  0%| F|  |TAMS 0x00000000e3200000| PB 0x00000000e3200000| Untracked 
|  51|0x00000000e3300000, 0x00000000e3300000, 0x00000000e3400000|  0%| F|  |TAMS 0x00000000e3300000| PB 0x00000000e3300000| Untracked 
|  52|0x00000000e3400000, 0x00000000e3400000, 0x00000000e3500000|  0%| F|  |TAMS 0x00000000e3400000| PB 0x00000000e3400000| Untracked 
|  53|0x00000000e3500000, 0x00000000e3500000, 0x00000000e3600000|  0%| F|  |TAMS 0x00000000e3500000| PB 0x00000000e3500000| Untracked 
|  54|0x00000000e3600000, 0x00000000e3600000, 0x00000000e3700000|  0%| F|  |TAMS 0x00000000e3600000| PB 0x00000000e3600000| Untracked 
|  55|0x00000000e3700000, 0x00000000e3700000, 0x00000000e3800000|  0%| F|  |TAMS 0x00000000e3700000| PB 0x00000000e3700000| Untracked 
|  56|0x00000000e3800000, 0x00000000e3800000, 0x00000000e3900000|  0%| F|  |TAMS 0x00000000e3800000| PB 0x00000000e3800000| Untracked 
|  57|0x00000000e3900000, 0x00000000e3900000, 0x00000000e3a00000|  0%| F|  |TAMS 0x00000000e3900000| PB 0x00000000e3900000| Untracked 
|  58|0x00000000e3a00000, 0x00000000e3a00000, 0x00000000e3b00000|  0%| F|  |TAMS 0x00000000e3a00000| PB 0x00000000e3a00000| Untracked 
|  59|0x00000000e3b00000, 0x00000000e3b00000, 0x00000000e3c00000|  0%| F|  |TAMS 0x00000000e3b00000| PB 0x00000000e3b00000| Untracked 
|  60|0x00000000e3c00000, 0x00000000e3c00000, 0x00000000e3d00000|  0%| F|  |TAMS 0x00000000e3c00000| PB 0x00000000e3c00000| Untracked 
|  61|0x00000000e3d00000, 0x00000000e3d00000, 0x00000000e3e00000|  0%| F|  |TAMS 0x00000000e3d00000| PB 0x00000000e3d00000| Untracked 
|  62|0x00000000e3e00000, 0x00000000e3e00000, 0x00000000e3f00000|  0%| F|  |TAMS 0x00000000e3e00000| PB 0x00000000e3e00000| Untracked 
|  63|0x00000000e3f00000, 0x00000000e3f00000, 0x00000000e4000000|  0%| F|  |TAMS 0x00000000e3f00000| PB 0x00000000e3f00000| Untracked 
|  64|0x00000000e4000000, 0x00000000e4000000, 0x00000000e4100000|  0%| F|  |TAMS 0x00000000e4000000| PB 0x00000000e4000000| Untracked 
|  65|0x00000000e4100000, 0x00000000e4100000, 0x00000000e4200000|  0%| F|  |TAMS 0x00000000e4100000| PB 0x00000000e4100000| Untracked 
|  66|0x00000000e4200000, 0x00000000e4200000, 0x00000000e4300000|  0%| F|  |TAMS 0x00000000e4200000| PB 0x00000000e4200000| Untracked 
|  67|0x00000000e4300000, 0x00000000e4300000, 0x00000000e4400000|  0%| F|  |TAMS 0x00000000e4300000| PB 0x00000000e4300000| Untracked 
|  68|0x00000000e4400000, 0x00000000e4400000, 0x00000000e4500000|  0%| F|  |TAMS 0x00000000e4400000| PB 0x00000000e4400000| Untracked 
|  69|0x00000000e4500000, 0x00000000e4500000, 0x00000000e4600000|  0%| F|  |TAMS 0x00000000e4500000| PB 0x00000000e4500000| Untracked 
|  70|0x00000000e4600000, 0x00000000e4600000, 0x00000000e4700000|  0%| F|  |TAMS 0x00000000e4600000| PB 0x00000000e4600000| Untracked 
|  71|0x00000000e4700000, 0x00000000e4700000, 0x00000000e4800000|  0%| F|  |TAMS 0x00000000e4700000| PB 0x00000000e4700000| Untracked 
|  72|0x00000000e4800000, 0x00000000e4800000, 0x00000000e4900000|  0%| F|  |TAMS 0x00000000e4800000| PB 0x00000000e4800000| Untracked 
|  73|0x00000000e4900000, 0x00000000e4900000, 0x00000000e4a00000|  0%| F|  |TAMS 0x00000000e4900000| PB 0x00000000e4900000| Untracked 
|  74|0x00000000e4a00000, 0x00000000e4a00000, 0x00000000e4b00000|  0%| F|  |TAMS 0x00000000e4a00000| PB 0x00000000e4a00000| Untracked 
|  75|0x00000000e4b00000, 0x00000000e4b00000, 0x00000000e4c00000|  0%| F|  |TAMS 0x00000000e4b00000| PB 0x00000000e4b00000| Untracked 
|  76|0x00000000e4c00000, 0x00000000e4c00000, 0x00000000e4d00000|  0%| F|  |TAMS 0x00000000e4c00000| PB 0x00000000e4c00000| Untracked 
|  77|0x00000000e4d00000, 0x00000000e4d00000, 0x00000000e4e00000|  0%| F|  |TAMS 0x00000000e4d00000| PB 0x00000000e4d00000| Untracked 
|  78|0x00000000e4e00000, 0x00000000e4e00000, 0x00000000e4f00000|  0%| F|  |TAMS 0x00000000e4e00000| PB 0x00000000e4e00000| Untracked 
|  79|0x00000000e4f00000, 0x00000000e4f00000, 0x00000000e5000000|  0%| F|  |TAMS 0x00000000e4f00000| PB 0x00000000e4f00000| Untracked 
|  80|0x00000000e5000000, 0x00000000e5000000, 0x00000000e5100000|  0%| F|  |TAMS 0x00000000e5000000| PB 0x00000000e5000000| Untracked 
|  81|0x00000000e5100000, 0x00000000e5100000, 0x00000000e5200000|  0%| F|  |TAMS 0x00000000e5100000| PB 0x00000000e5100000| Untracked 
|  82|0x00000000e5200000, 0x00000000e5200000, 0x00000000e5300000|  0%| F|  |TAMS 0x00000000e5200000| PB 0x00000000e5200000| Untracked 
|  83|0x00000000e5300000, 0x00000000e5300000, 0x00000000e5400000|  0%| F|  |TAMS 0x00000000e5300000| PB 0x00000000e5300000| Untracked 
|  84|0x00000000e5400000, 0x00000000e5400000, 0x00000000e5500000|  0%| F|  |TAMS 0x00000000e5400000| PB 0x00000000e5400000| Untracked 
|  85|0x00000000e5500000, 0x00000000e5500000, 0x00000000e5600000|  0%| F|  |TAMS 0x00000000e5500000| PB 0x00000000e5500000| Untracked 
|  86|0x00000000e5600000, 0x00000000e5600000, 0x00000000e5700000|  0%| F|  |TAMS 0x00000000e5600000| PB 0x00000000e5600000| Untracked 
|  87|0x00000000e5700000, 0x00000000e5700000, 0x00000000e5800000|  0%| F|  |TAMS 0x00000000e5700000| PB 0x00000000e5700000| Untracked 
|  88|0x00000000e5800000, 0x00000000e5800000, 0x00000000e5900000|  0%| F|  |TAMS 0x00000000e5800000| PB 0x00000000e5800000| Untracked 
|  89|0x00000000e5900000, 0x00000000e5900000, 0x00000000e5a00000|  0%| F|  |TAMS 0x00000000e5900000| PB 0x00000000e5900000| Untracked 
|  90|0x00000000e5a00000, 0x00000000e5a00000, 0x00000000e5b00000|  0%| F|  |TAMS 0x00000000e5a00000| PB 0x00000000e5a00000| Untracked 
|  91|0x00000000e5b00000, 0x00000000e5b00000, 0x00000000e5c00000|  0%| F|  |TAMS 0x00000000e5b00000| PB 0x00000000e5b00000| Untracked 
|  92|0x00000000e5c00000, 0x00000000e5c00000, 0x00000000e5d00000|  0%| F|  |TAMS 0x00000000e5c00000| PB 0x00000000e5c00000| Untracked 
|  93|0x00000000e5d00000, 0x00000000e5d00000, 0x00000000e5e00000|  0%| F|  |TAMS 0x00000000e5d00000| PB 0x00000000e5d00000| Untracked 
|  94|0x00000000e5e00000, 0x00000000e5e00000, 0x00000000e5f00000|  0%| F|  |TAMS 0x00000000e5e00000| PB 0x00000000e5e00000| Untracked 
|  95|0x00000000e5f00000, 0x00000000e5f00000, 0x00000000e6000000|  0%| F|  |TAMS 0x00000000e5f00000| PB 0x00000000e5f00000| Untracked 
|  96|0x00000000e6000000, 0x00000000e6000000, 0x00000000e6100000|  0%| F|  |TAMS 0x00000000e6000000| PB 0x00000000e6000000| Untracked 
|  97|0x00000000e6100000, 0x00000000e6100000, 0x00000000e6200000|  0%| F|  |TAMS 0x00000000e6100000| PB 0x00000000e6100000| Untracked 
|  98|0x00000000e6200000, 0x00000000e6200000, 0x00000000e6300000|  0%| F|  |TAMS 0x00000000e6200000| PB 0x00000000e6200000| Untracked 
|  99|0x00000000e6300000, 0x00000000e6300000, 0x00000000e6400000|  0%| F|  |TAMS 0x00000000e6300000| PB 0x00000000e6300000| Untracked 
| 100|0x00000000e6400000, 0x00000000e6400000, 0x00000000e6500000|  0%| F|  |TAMS 0x00000000e6400000| PB 0x00000000e6400000| Untracked 
| 101|0x00000000e6500000, 0x00000000e6500000, 0x00000000e6600000|  0%| F|  |TAMS 0x00000000e6500000| PB 0x00000000e6500000| Untracked 
| 102|0x00000000e6600000, 0x00000000e6600000, 0x00000000e6700000|  0%| F|  |TAMS 0x00000000e6600000| PB 0x00000000e6600000| Untracked 
| 103|0x00000000e6700000, 0x00000000e6700000, 0x00000000e6800000|  0%| F|  |TAMS 0x00000000e6700000| PB 0x00000000e6700000| Untracked 
| 104|0x00000000e6800000, 0x00000000e6800000, 0x00000000e6900000|  0%| F|  |TAMS 0x00000000e6800000| PB 0x00000000e6800000| Untracked 
| 105|0x00000000e6900000, 0x00000000e6900000, 0x00000000e6a00000|  0%| F|  |TAMS 0x00000000e6900000| PB 0x00000000e6900000| Untracked 
| 106|0x00000000e6a00000, 0x00000000e6a00000, 0x00000000e6b00000|  0%| F|  |TAMS 0x00000000e6a00000| PB 0x00000000e6a00000| Untracked 
| 107|0x00000000e6b00000, 0x00000000e6b00000, 0x00000000e6c00000|  0%| F|  |TAMS 0x00000000e6b00000| PB 0x00000000e6b00000| Untracked 
| 108|0x00000000e6c00000, 0x00000000e6c00000, 0x00000000e6d00000|  0%| F|  |TAMS 0x00000000e6c00000| PB 0x00000000e6c00000| Untracked 
| 109|0x00000000e6d00000, 0x00000000e6d00000, 0x00000000e6e00000|  0%| F|  |TAMS 0x00000000e6d00000| PB 0x00000000e6d00000| Untracked 
| 110|0x00000000e6e00000, 0x00000000e6e00000, 0x00000000e6f00000|  0%| F|  |TAMS 0x00000000e6e00000| PB 0x00000000e6e00000| Untracked 
| 111|0x00000000e6f00000, 0x00000000e6f00000, 0x00000000e7000000|  0%| F|  |TAMS 0x00000000e6f00000| PB 0x00000000e6f00000| Untracked 
| 112|0x00000000e7000000, 0x00000000e7000000, 0x00000000e7100000|  0%| F|  |TAMS 0x00000000e7000000| PB 0x00000000e7000000| Untracked 
| 113|0x00000000e7100000, 0x00000000e7100000, 0x00000000e7200000|  0%| F|  |TAMS 0x00000000e7100000| PB 0x00000000e7100000| Untracked 
| 114|0x00000000e7200000, 0x00000000e7200000, 0x00000000e7300000|  0%| F|  |TAMS 0x00000000e7200000| PB 0x00000000e7200000| Untracked 
| 115|0x00000000e7300000, 0x00000000e7300000, 0x00000000e7400000|  0%| F|  |TAMS 0x00000000e7300000| PB 0x00000000e7300000| Untracked 
| 116|0x00000000e7400000, 0x00000000e7400000, 0x00000000e7500000|  0%| F|  |TAMS 0x00000000e7400000| PB 0x00000000e7400000| Untracked 
| 117|0x00000000e7500000, 0x00000000e7500000, 0x00000000e7600000|  0%| F|  |TAMS 0x00000000e7500000| PB 0x00000000e7500000| Untracked 
| 118|0x00000000e7600000, 0x00000000e7600000, 0x00000000e7700000|  0%| F|  |TAMS 0x00000000e7600000| PB 0x00000000e7600000| Untracked 
| 119|0x00000000e7700000, 0x00000000e7700000, 0x00000000e7800000|  0%| F|  |TAMS 0x00000000e7700000| PB 0x00000000e7700000| Untracked 
| 120|0x00000000e7800000, 0x00000000e7800000, 0x00000000e7900000|  0%| F|  |TAMS 0x00000000e7800000| PB 0x00000000e7800000| Untracked 
| 121|0x00000000e7900000, 0x00000000e7900000, 0x00000000e7a00000|  0%| F|  |TAMS 0x00000000e7900000| PB 0x00000000e7900000| Untracked 
| 122|0x00000000e7a00000, 0x00000000e7a00000, 0x00000000e7b00000|  0%| F|  |TAMS 0x00000000e7a00000| PB 0x00000000e7a00000| Untracked 
| 123|0x00000000e7b00000, 0x00000000e7b00000, 0x00000000e7c00000|  0%| F|  |TAMS 0x00000000e7b00000| PB 0x00000000e7b00000| Untracked 
| 124|0x00000000e7c00000, 0x00000000e7c00000, 0x00000000e7d00000|  0%| F|  |TAMS 0x00000000e7c00000| PB 0x00000000e7c00000| Untracked 
| 125|0x00000000e7d00000, 0x00000000e7d00000, 0x00000000e7e00000|  0%| F|  |TAMS 0x00000000e7d00000| PB 0x00000000e7d00000| Untracked 
| 126|0x00000000e7e00000, 0x00000000e7e00000, 0x00000000e7f00000|  0%| F|  |TAMS 0x00000000e7e00000| PB 0x00000000e7e00000| Untracked 
| 127|0x00000000e7f00000, 0x00000000e7f00000, 0x00000000e8000000|  0%| F|  |TAMS 0x00000000e7f00000| PB 0x00000000e7f00000| Untracked 
| 128|0x00000000e8000000, 0x00000000e8000000, 0x00000000e8100000|  0%| F|  |TAMS 0x00000000e8000000| PB 0x00000000e8000000| Untracked 
| 129|0x00000000e8100000, 0x00000000e8100000, 0x00000000e8200000|  0%| F|  |TAMS 0x00000000e8100000| PB 0x00000000e8100000| Untracked 
| 130|0x00000000e8200000, 0x00000000e8200000, 0x00000000e8300000|  0%| F|  |TAMS 0x00000000e8200000| PB 0x00000000e8200000| Untracked 
| 131|0x00000000e8300000, 0x00000000e8300000, 0x00000000e8400000|  0%| F|  |TAMS 0x00000000e8300000| PB 0x00000000e8300000| Untracked 
| 132|0x00000000e8400000, 0x00000000e8400000, 0x00000000e8500000|  0%| F|  |TAMS 0x00000000e8400000| PB 0x00000000e8400000| Untracked 
| 133|0x00000000e8500000, 0x00000000e8500000, 0x00000000e8600000|  0%| F|  |TAMS 0x00000000e8500000| PB 0x00000000e8500000| Untracked 
| 134|0x00000000e8600000, 0x00000000e8600000, 0x00000000e8700000|  0%| F|  |TAMS 0x00000000e8600000| PB 0x00000000e8600000| Untracked 
| 135|0x00000000e8700000, 0x00000000e8700000, 0x00000000e8800000|  0%| F|  |TAMS 0x00000000e8700000| PB 0x00000000e8700000| Untracked 
| 136|0x00000000e8800000, 0x00000000e8800000, 0x00000000e8900000|  0%| F|  |TAMS 0x00000000e8800000| PB 0x00000000e8800000| Untracked 
| 137|0x00000000e8900000, 0x00000000e8900000, 0x00000000e8a00000|  0%| F|  |TAMS 0x00000000e8900000| PB 0x00000000e8900000| Untracked 
| 138|0x00000000e8a00000, 0x00000000e8a00000, 0x00000000e8b00000|  0%| F|  |TAMS 0x00000000e8a00000| PB 0x00000000e8a00000| Untracked 
| 139|0x00000000e8b00000, 0x00000000e8b00000, 0x00000000e8c00000|  0%| F|  |TAMS 0x00000000e8b00000| PB 0x00000000e8b00000| Untracked 
| 140|0x00000000e8c00000, 0x00000000e8c00000, 0x00000000e8d00000|  0%| F|  |TAMS 0x00000000e8c00000| PB 0x00000000e8c00000| Untracked 
| 141|0x00000000e8d00000, 0x00000000e8d00000, 0x00000000e8e00000|  0%| F|  |TAMS 0x00000000e8d00000| PB 0x00000000e8d00000| Untracked 
| 142|0x00000000e8e00000, 0x00000000e8e00000, 0x00000000e8f00000|  0%| F|  |TAMS 0x00000000e8e00000| PB 0x00000000e8e00000| Untracked 
| 143|0x00000000e8f00000, 0x00000000e8f00000, 0x00000000e9000000|  0%| F|  |TAMS 0x00000000e8f00000| PB 0x00000000e8f00000| Untracked 
| 144|0x00000000e9000000, 0x00000000e9000000, 0x00000000e9100000|  0%| F|  |TAMS 0x00000000e9000000| PB 0x00000000e9000000| Untracked 
| 145|0x00000000e9100000, 0x00000000e9100000, 0x00000000e9200000|  0%| F|  |TAMS 0x00000000e9100000| PB 0x00000000e9100000| Untracked 
| 146|0x00000000e9200000, 0x00000000e9200000, 0x00000000e9300000|  0%| F|  |TAMS 0x00000000e9200000| PB 0x00000000e9200000| Untracked 
| 147|0x00000000e9300000, 0x00000000e9300000, 0x00000000e9400000|  0%| F|  |TAMS 0x00000000e9300000| PB 0x00000000e9300000| Untracked 
| 148|0x00000000e9400000, 0x00000000e9400000, 0x00000000e9500000|  0%| F|  |TAMS 0x00000000e9400000| PB 0x00000000e9400000| Untracked 
| 149|0x00000000e9500000, 0x00000000e9500000, 0x00000000e9600000|  0%| F|  |TAMS 0x00000000e9500000| PB 0x00000000e9500000| Untracked 
| 150|0x00000000e9600000, 0x00000000e9600000, 0x00000000e9700000|  0%| F|  |TAMS 0x00000000e9600000| PB 0x00000000e9600000| Untracked 
| 151|0x00000000e9700000, 0x00000000e9700000, 0x00000000e9800000|  0%| F|  |TAMS 0x00000000e9700000| PB 0x00000000e9700000| Untracked 
| 152|0x00000000e9800000, 0x00000000e9800000, 0x00000000e9900000|  0%| F|  |TAMS 0x00000000e9800000| PB 0x00000000e9800000| Untracked 
| 153|0x00000000e9900000, 0x00000000e9900000, 0x00000000e9a00000|  0%| F|  |TAMS 0x00000000e9900000| PB 0x00000000e9900000| Untracked 
| 154|0x00000000e9a00000, 0x00000000e9a00000, 0x00000000e9b00000|  0%| F|  |TAMS 0x00000000e9a00000| PB 0x00000000e9a00000| Untracked 
| 155|0x00000000e9b00000, 0x00000000e9b00000, 0x00000000e9c00000|  0%| F|  |TAMS 0x00000000e9b00000| PB 0x00000000e9b00000| Untracked 
| 156|0x00000000e9c00000, 0x00000000e9c00000, 0x00000000e9d00000|  0%| F|  |TAMS 0x00000000e9c00000| PB 0x00000000e9c00000| Untracked 
| 157|0x00000000e9d00000, 0x00000000e9d00000, 0x00000000e9e00000|  0%| F|  |TAMS 0x00000000e9d00000| PB 0x00000000e9d00000| Untracked 
| 158|0x00000000e9e00000, 0x00000000e9e00000, 0x00000000e9f00000|  0%| F|  |TAMS 0x00000000e9e00000| PB 0x00000000e9e00000| Untracked 
| 159|0x00000000e9f00000, 0x00000000e9f00000, 0x00000000ea000000|  0%| F|  |TAMS 0x00000000e9f00000| PB 0x00000000e9f00000| Untracked 
| 160|0x00000000ea000000, 0x00000000ea000000, 0x00000000ea100000|  0%| F|  |TAMS 0x00000000ea000000| PB 0x00000000ea000000| Untracked 
| 161|0x00000000ea100000, 0x00000000ea100000, 0x00000000ea200000|  0%| F|  |TAMS 0x00000000ea100000| PB 0x00000000ea100000| Untracked 
| 162|0x00000000ea200000, 0x00000000ea200000, 0x00000000ea300000|  0%| F|  |TAMS 0x00000000ea200000| PB 0x00000000ea200000| Untracked 
| 163|0x00000000ea300000, 0x00000000ea300000, 0x00000000ea400000|  0%| F|  |TAMS 0x00000000ea300000| PB 0x00000000ea300000| Untracked 
| 164|0x00000000ea400000, 0x00000000ea400000, 0x00000000ea500000|  0%| F|  |TAMS 0x00000000ea400000| PB 0x00000000ea400000| Untracked 
| 165|0x00000000ea500000, 0x00000000ea500000, 0x00000000ea600000|  0%| F|  |TAMS 0x00000000ea500000| PB 0x00000000ea500000| Untracked 
| 166|0x00000000ea600000, 0x00000000ea600000, 0x00000000ea700000|  0%| F|  |TAMS 0x00000000ea600000| PB 0x00000000ea600000| Untracked 
| 167|0x00000000ea700000, 0x00000000ea700000, 0x00000000ea800000|  0%| F|  |TAMS 0x00000000ea700000| PB 0x00000000ea700000| Untracked 
| 168|0x00000000ea800000, 0x00000000ea800000, 0x00000000ea900000|  0%| F|  |TAMS 0x00000000ea800000| PB 0x00000000ea800000| Untracked 
| 169|0x00000000ea900000, 0x00000000ea900000, 0x00000000eaa00000|  0%| F|  |TAMS 0x00000000ea900000| PB 0x00000000ea900000| Untracked 
| 170|0x00000000eaa00000, 0x00000000eaa00000, 0x00000000eab00000|  0%| F|  |TAMS 0x00000000eaa00000| PB 0x00000000eaa00000| Untracked 
| 171|0x00000000eab00000, 0x00000000eab00000, 0x00000000eac00000|  0%| F|  |TAMS 0x00000000eab00000| PB 0x00000000eab00000| Untracked 
| 172|0x00000000eac00000, 0x00000000eac00000, 0x00000000ead00000|  0%| F|  |TAMS 0x00000000eac00000| PB 0x00000000eac00000| Untracked 
| 173|0x00000000ead00000, 0x00000000ead00000, 0x00000000eae00000|  0%| F|  |TAMS 0x00000000ead00000| PB 0x00000000ead00000| Untracked 
| 174|0x00000000eae00000, 0x00000000eae00000, 0x00000000eaf00000|  0%| F|  |TAMS 0x00000000eae00000| PB 0x00000000eae00000| Untracked 
| 175|0x00000000eaf00000, 0x00000000eaf00000, 0x00000000eb000000|  0%| F|  |TAMS 0x00000000eaf00000| PB 0x00000000eaf00000| Untracked 
| 176|0x00000000eb000000, 0x00000000eb000000, 0x00000000eb100000|  0%| F|  |TAMS 0x00000000eb000000| PB 0x00000000eb000000| Untracked 
| 177|0x00000000eb100000, 0x00000000eb100000, 0x00000000eb200000|  0%| F|  |TAMS 0x00000000eb100000| PB 0x00000000eb100000| Untracked 
| 178|0x00000000eb200000, 0x00000000eb200000, 0x00000000eb300000|  0%| F|  |TAMS 0x00000000eb200000| PB 0x00000000eb200000| Untracked 
| 179|0x00000000eb300000, 0x00000000eb300000, 0x00000000eb400000|  0%| F|  |TAMS 0x00000000eb300000| PB 0x00000000eb300000| Untracked 
| 180|0x00000000eb400000, 0x00000000eb400000, 0x00000000eb500000|  0%| F|  |TAMS 0x00000000eb400000| PB 0x00000000eb400000| Untracked 
| 181|0x00000000eb500000, 0x00000000eb500000, 0x00000000eb600000|  0%| F|  |TAMS 0x00000000eb500000| PB 0x00000000eb500000| Untracked 
| 182|0x00000000eb600000, 0x00000000eb600000, 0x00000000eb700000|  0%| F|  |TAMS 0x00000000eb600000| PB 0x00000000eb600000| Untracked 
| 183|0x00000000eb700000, 0x00000000eb700000, 0x00000000eb800000|  0%| F|  |TAMS 0x00000000eb700000| PB 0x00000000eb700000| Untracked 
| 184|0x00000000eb800000, 0x00000000eb800000, 0x00000000eb900000|  0%| F|  |TAMS 0x00000000eb800000| PB 0x00000000eb800000| Untracked 
| 185|0x00000000eb900000, 0x00000000eb900000, 0x00000000eba00000|  0%| F|  |TAMS 0x00000000eb900000| PB 0x00000000eb900000| Untracked 
| 186|0x00000000eba00000, 0x00000000eba00000, 0x00000000ebb00000|  0%| F|  |TAMS 0x00000000eba00000| PB 0x00000000eba00000| Untracked 
| 187|0x00000000ebb00000, 0x00000000ebb00000, 0x00000000ebc00000|  0%| F|  |TAMS 0x00000000ebb00000| PB 0x00000000ebb00000| Untracked 
| 188|0x00000000ebc00000, 0x00000000ebc00000, 0x00000000ebd00000|  0%| F|  |TAMS 0x00000000ebc00000| PB 0x00000000ebc00000| Untracked 
| 189|0x00000000ebd00000, 0x00000000ebd00000, 0x00000000ebe00000|  0%| F|  |TAMS 0x00000000ebd00000| PB 0x00000000ebd00000| Untracked 
| 190|0x00000000ebe00000, 0x00000000ebe00000, 0x00000000ebf00000|  0%| F|  |TAMS 0x00000000ebe00000| PB 0x00000000ebe00000| Untracked 
| 191|0x00000000ebf00000, 0x00000000ebf00000, 0x00000000ec000000|  0%| F|  |TAMS 0x00000000ebf00000| PB 0x00000000ebf00000| Untracked 
| 192|0x00000000ec000000, 0x00000000ec000000, 0x00000000ec100000|  0%| F|  |TAMS 0x00000000ec000000| PB 0x00000000ec000000| Untracked 
| 193|0x00000000ec100000, 0x00000000ec100000, 0x00000000ec200000|  0%| F|  |TAMS 0x00000000ec100000| PB 0x00000000ec100000| Untracked 
| 194|0x00000000ec200000, 0x00000000ec200000, 0x00000000ec300000|  0%| F|  |TAMS 0x00000000ec200000| PB 0x00000000ec200000| Untracked 
| 195|0x00000000ec300000, 0x00000000ec300000, 0x00000000ec400000|  0%| F|  |TAMS 0x00000000ec300000| PB 0x00000000ec300000| Untracked 
| 196|0x00000000ec400000, 0x00000000ec4b8f08, 0x00000000ec500000| 72%| S|CS|TAMS 0x00000000ec400000| PB 0x00000000ec400000| Complete 
| 197|0x00000000ec500000, 0x00000000ec600000, 0x00000000ec600000|100%| S|CS|TAMS 0x00000000ec500000| PB 0x00000000ec500000| Complete 
| 198|0x00000000ec600000, 0x00000000ec700000, 0x00000000ec700000|100%| S|CS|TAMS 0x00000000ec600000| PB 0x00000000ec600000| Complete 
| 199|0x00000000ec700000, 0x00000000ec800000, 0x00000000ec800000|100%| S|CS|TAMS 0x00000000ec700000| PB 0x00000000ec700000| Complete 
| 200|0x00000000ec800000, 0x00000000ec900000, 0x00000000ec900000|100%| S|CS|TAMS 0x00000000ec800000| PB 0x00000000ec800000| Complete 
| 201|0x00000000ec900000, 0x00000000eca00000, 0x00000000eca00000|100%| E|  |TAMS 0x00000000ec900000| PB 0x00000000ec900000| Complete 
| 202|0x00000000eca00000, 0x00000000ecb00000, 0x00000000ecb00000|100%| E|CS|TAMS 0x00000000eca00000| PB 0x00000000eca00000| Complete 
| 203|0x00000000ecb00000, 0x00000000ecc00000, 0x00000000ecc00000|100%| E|CS|TAMS 0x00000000ecb00000| PB 0x00000000ecb00000| Complete 
| 204|0x00000000ecc00000, 0x00000000ecd00000, 0x00000000ecd00000|100%| E|CS|TAMS 0x00000000ecc00000| PB 0x00000000ecc00000| Complete 
| 205|0x00000000ecd00000, 0x00000000ece00000, 0x00000000ece00000|100%| E|CS|TAMS 0x00000000ecd00000| PB 0x00000000ecd00000| Complete 
| 206|0x00000000ece00000, 0x00000000ecf00000, 0x00000000ecf00000|100%| E|CS|TAMS 0x00000000ece00000| PB 0x00000000ece00000| Complete 
| 207|0x00000000ecf00000, 0x00000000ed000000, 0x00000000ed000000|100%| E|CS|TAMS 0x00000000ecf00000| PB 0x00000000ecf00000| Complete 
| 208|0x00000000ed000000, 0x00000000ed100000, 0x00000000ed100000|100%| E|CS|TAMS 0x00000000ed000000| PB 0x00000000ed000000| Complete 
| 209|0x00000000ed100000, 0x00000000ed200000, 0x00000000ed200000|100%| E|CS|TAMS 0x00000000ed100000| PB 0x00000000ed100000| Complete 
| 210|0x00000000ed200000, 0x00000000ed300000, 0x00000000ed300000|100%| E|CS|TAMS 0x00000000ed200000| PB 0x00000000ed200000| Complete 
| 211|0x00000000ed300000, 0x00000000ed400000, 0x00000000ed400000|100%| E|CS|TAMS 0x00000000ed300000| PB 0x00000000ed300000| Complete 
| 212|0x00000000ed400000, 0x00000000ed500000, 0x00000000ed500000|100%| E|CS|TAMS 0x00000000ed400000| PB 0x00000000ed400000| Complete 
| 213|0x00000000ed500000, 0x00000000ed600000, 0x00000000ed600000|100%| E|CS|TAMS 0x00000000ed500000| PB 0x00000000ed500000| Complete 
| 214|0x00000000ed600000, 0x00000000ed700000, 0x00000000ed700000|100%| E|CS|TAMS 0x00000000ed600000| PB 0x00000000ed600000| Complete 
| 215|0x00000000ed700000, 0x00000000ed800000, 0x00000000ed800000|100%| E|CS|TAMS 0x00000000ed700000| PB 0x00000000ed700000| Complete 
| 216|0x00000000ed800000, 0x00000000ed900000, 0x00000000ed900000|100%| E|CS|TAMS 0x00000000ed800000| PB 0x00000000ed800000| Complete 
| 217|0x00000000ed900000, 0x00000000eda00000, 0x00000000eda00000|100%| E|CS|TAMS 0x00000000ed900000| PB 0x00000000ed900000| Complete 
| 218|0x00000000eda00000, 0x00000000edb00000, 0x00000000edb00000|100%| E|CS|TAMS 0x00000000eda00000| PB 0x00000000eda00000| Complete 
| 219|0x00000000edb00000, 0x00000000edc00000, 0x00000000edc00000|100%| E|CS|TAMS 0x00000000edb00000| PB 0x00000000edb00000| Complete 
| 220|0x00000000edc00000, 0x00000000edd00000, 0x00000000edd00000|100%| E|CS|TAMS 0x00000000edc00000| PB 0x00000000edc00000| Complete 
| 221|0x00000000edd00000, 0x00000000ede00000, 0x00000000ede00000|100%| E|CS|TAMS 0x00000000edd00000| PB 0x00000000edd00000| Complete 
| 222|0x00000000ede00000, 0x00000000edf00000, 0x00000000edf00000|100%| E|CS|TAMS 0x00000000ede00000| PB 0x00000000ede00000| Complete 
| 223|0x00000000edf00000, 0x00000000ee000000, 0x00000000ee000000|100%| E|CS|TAMS 0x00000000edf00000| PB 0x00000000edf00000| Complete 
| 224|0x00000000ee000000, 0x00000000ee100000, 0x00000000ee100000|100%| E|CS|TAMS 0x00000000ee000000| PB 0x00000000ee000000| Complete 
| 225|0x00000000ee100000, 0x00000000ee200000, 0x00000000ee200000|100%| E|CS|TAMS 0x00000000ee100000| PB 0x00000000ee100000| Complete 
| 226|0x00000000ee200000, 0x00000000ee300000, 0x00000000ee300000|100%| E|CS|TAMS 0x00000000ee200000| PB 0x00000000ee200000| Complete 
| 227|0x00000000ee300000, 0x00000000ee400000, 0x00000000ee400000|100%| E|CS|TAMS 0x00000000ee300000| PB 0x00000000ee300000| Complete 
| 228|0x00000000ee400000, 0x00000000ee500000, 0x00000000ee500000|100%| E|CS|TAMS 0x00000000ee400000| PB 0x00000000ee400000| Complete 
| 229|0x00000000ee500000, 0x00000000ee600000, 0x00000000ee600000|100%| E|CS|TAMS 0x00000000ee500000| PB 0x00000000ee500000| Complete 
| 230|0x00000000ee600000, 0x00000000ee700000, 0x00000000ee700000|100%| E|CS|TAMS 0x00000000ee600000| PB 0x00000000ee600000| Complete 
| 231|0x00000000ee700000, 0x00000000ee800000, 0x00000000ee800000|100%| E|CS|TAMS 0x00000000ee700000| PB 0x00000000ee700000| Complete 
| 232|0x00000000ee800000, 0x00000000ee900000, 0x00000000ee900000|100%| E|CS|TAMS 0x00000000ee800000| PB 0x00000000ee800000| Complete 
| 233|0x00000000ee900000, 0x00000000eea00000, 0x00000000eea00000|100%| E|CS|TAMS 0x00000000ee900000| PB 0x00000000ee900000| Complete 
| 234|0x00000000eea00000, 0x00000000eeb00000, 0x00000000eeb00000|100%| E|CS|TAMS 0x00000000eea00000| PB 0x00000000eea00000| Complete 
| 235|0x00000000eeb00000, 0x00000000eec00000, 0x00000000eec00000|100%| E|CS|TAMS 0x00000000eeb00000| PB 0x00000000eeb00000| Complete 
| 236|0x00000000eec00000, 0x00000000eed00000, 0x00000000eed00000|100%| E|CS|TAMS 0x00000000eec00000| PB 0x00000000eec00000| Complete 
| 237|0x00000000eed00000, 0x00000000eee00000, 0x00000000eee00000|100%| E|CS|TAMS 0x00000000eed00000| PB 0x00000000eed00000| Complete 
| 238|0x00000000eee00000, 0x00000000eef00000, 0x00000000eef00000|100%| E|CS|TAMS 0x00000000eee00000| PB 0x00000000eee00000| Complete 
| 239|0x00000000eef00000, 0x00000000ef000000, 0x00000000ef000000|100%| E|CS|TAMS 0x00000000eef00000| PB 0x00000000eef00000| Complete 
| 240|0x00000000ef000000, 0x00000000ef100000, 0x00000000ef100000|100%| E|CS|TAMS 0x00000000ef000000| PB 0x00000000ef000000| Complete 
| 241|0x00000000ef100000, 0x00000000ef200000, 0x00000000ef200000|100%| E|CS|TAMS 0x00000000ef100000| PB 0x00000000ef100000| Complete 
| 242|0x00000000ef200000, 0x00000000ef300000, 0x00000000ef300000|100%| E|CS|TAMS 0x00000000ef200000| PB 0x00000000ef200000| Complete 
| 243|0x00000000ef300000, 0x00000000ef400000, 0x00000000ef400000|100%| E|CS|TAMS 0x00000000ef300000| PB 0x00000000ef300000| Complete 
| 244|0x00000000ef400000, 0x00000000ef500000, 0x00000000ef500000|100%| E|CS|TAMS 0x00000000ef400000| PB 0x00000000ef400000| Complete 
| 245|0x00000000ef500000, 0x00000000ef600000, 0x00000000ef600000|100%| E|CS|TAMS 0x00000000ef500000| PB 0x00000000ef500000| Complete 
| 246|0x00000000ef600000, 0x00000000ef700000, 0x00000000ef700000|100%| E|CS|TAMS 0x00000000ef600000| PB 0x00000000ef600000| Complete 
| 247|0x00000000ef700000, 0x00000000ef800000, 0x00000000ef800000|100%| E|CS|TAMS 0x00000000ef700000| PB 0x00000000ef700000| Complete 
| 248|0x00000000ef800000, 0x00000000ef900000, 0x00000000ef900000|100%| E|CS|TAMS 0x00000000ef800000| PB 0x00000000ef800000| Complete 
| 249|0x00000000ef900000, 0x00000000efa00000, 0x00000000efa00000|100%| E|CS|TAMS 0x00000000ef900000| PB 0x00000000ef900000| Complete 
| 250|0x00000000efa00000, 0x00000000efb00000, 0x00000000efb00000|100%| E|CS|TAMS 0x00000000efa00000| PB 0x00000000efa00000| Complete 
| 251|0x00000000efb00000, 0x00000000efc00000, 0x00000000efc00000|100%| E|CS|TAMS 0x00000000efb00000| PB 0x00000000efb00000| Complete 
| 252|0x00000000efc00000, 0x00000000efd00000, 0x00000000efd00000|100%| E|CS|TAMS 0x00000000efc00000| PB 0x00000000efc00000| Complete 
| 253|0x00000000efd00000, 0x00000000efe00000, 0x00000000efe00000|100%| E|CS|TAMS 0x00000000efd00000| PB 0x00000000efd00000| Complete 
| 254|0x00000000efe00000, 0x00000000eff00000, 0x00000000eff00000|100%| E|CS|TAMS 0x00000000efe00000| PB 0x00000000efe00000| Complete 
| 255|0x00000000eff00000, 0x00000000f0000000, 0x00000000f0000000|100%| E|CS|TAMS 0x00000000eff00000| PB 0x00000000eff00000| Complete 

Card table byte_map: [0x000001fb5f4f0000,0x000001fb5f5f0000] _byte_map_base: 0x000001fb5edf0000

Marking Bits: (CMBitMap*) 0x000001fb45af8f40
 Bits: [0x000001fb5f5f0000, 0x000001fb5fdf0000)

Polling page: 0x000001fb45b80000

Metaspace:

Usage:
  Non-class:     13.53 MB used.
      Class:      2.08 MB used.
       Both:     15.61 MB used.

Virtual space:
  Non-class space:       64.00 MB reserved,      13.75 MB ( 21%) committed,  1 nodes.
      Class space:      320.00 MB reserved,       2.31 MB ( <1%) committed,  1 nodes.
             Both:      384.00 MB reserved,      16.06 MB (  4%) committed. 

Chunk freelists:
   Non-Class:  1.81 MB
       Class:  13.72 MB
        Both:  15.53 MB

MaxMetaspaceSize: 384.00 MB
CompressedClassSpaceSize: 320.00 MB
Initial GC threshold: 21.00 MB
Current GC threshold: 21.00 MB
CDS: on
 - commit_granule_bytes: 65536.
 - commit_granule_words: 8192.
 - virtual_space_node_default_size: 8388608.
 - enlarge_chunks_in_place: 1.
 - use_allocation_guard: 0.


Internal statistics:

num_allocs_failed_limit: 0.
num_arena_births: 550.
num_arena_deaths: 0.
num_vsnodes_births: 2.
num_vsnodes_deaths: 0.
num_space_committed: 257.
num_space_uncommitted: 0.
num_chunks_returned_to_freelist: 0.
num_chunks_taken_from_freelist: 1100.
num_chunk_merges: 0.
num_chunk_splits: 716.
num_chunks_enlarged: 486.
num_inconsistent_stats: 0.

CodeHeap 'non-profiled nmethods': size=120000Kb used=1531Kb max_used=1531Kb free=118468Kb
 bounds [0x000001fb57240000, 0x000001fb574b0000, 0x000001fb5e770000]
CodeHeap 'profiled nmethods': size=120000Kb used=6099Kb max_used=6099Kb free=113900Kb
 bounds [0x000001fb4f770000, 0x000001fb4fd70000, 0x000001fb56ca0000]
CodeHeap 'non-nmethods': size=5760Kb used=1476Kb max_used=1523Kb free=4283Kb
 bounds [0x000001fb56ca0000, 0x000001fb56f10000, 0x000001fb57240000]
 total_blobs=3591 nmethods=3034 adapters=461
 compilation: enabled
              stopped_count=0, restarted_count=0
 full_count=0

Compilation events (20 events):
Event: 142.677 Thread 0x000001fb62c17490 3022       1       org.gradle.internal.time.ExponentialBackoff::getTimer (5 bytes)
Event: 142.677 Thread 0x000001fb62c17490 nmethod 3022 0x000001fb573bdd90 code [0x000001fb573bdf20, 0x000001fb573bdfe8]
Event: 142.677 Thread 0x000001fb62c17490 3023       1       org.gradle.internal.time.ExponentialBackoff$Result$2::isSuccessful (2 bytes)
Event: 142.677 Thread 0x000001fb62c17490 nmethod 3023 0x000001fb573be090 code [0x000001fb573be220, 0x000001fb573be2e8]
Event: 142.706 Thread 0x000001fb62c17490 3024       3       java.util.jar.JarFile$JarFileEntry::getRealName (5 bytes)
Event: 142.706 Thread 0x000001fb62c17490 nmethod 3024 0x000001fb4fd61090 code [0x000001fb4fd61220, 0x000001fb4fd61340]
Event: 142.821 Thread 0x000001fb62c17490 3025       3       java.lang.Package$VersionInfo::<init> (44 bytes)
Event: 142.821 Thread 0x000001fb62c17490 nmethod 3025 0x000001fb4fd61410 code [0x000001fb4fd615e0, 0x000001fb4fd619d8]
Event: 143.011 Thread 0x000001fb62c17490 3027       3       java.util.ImmutableCollections$Set12::<init> (53 bytes)
Event: 143.012 Thread 0x000001fb62c17490 nmethod 3027 0x000001fb4fd61a90 code [0x000001fb4fd61d40, 0x000001fb4fd62988]
Event: 143.089 Thread 0x000001fb62c17490 3028   !   3       sun.reflect.annotation.AnnotationParser::parseClassValue (56 bytes)
Event: 143.090 Thread 0x000001fb62c17490 nmethod 3028 0x000001fb4fd62d90 code [0x000001fb4fd62fc0, 0x000001fb4fd635a0]
Event: 143.476 Thread 0x000001fb62c17490 3029       3       java.util.HashMap$HashMapSpliterator::getFence (53 bytes)
Event: 143.476 Thread 0x000001fb62c17490 nmethod 3029 0x000001fb4fd63890 code [0x000001fb4fd63a40, 0x000001fb4fd63bf8]
Event: 143.479 Thread 0x000001fb62c17490 3030       3       java.lang.invoke.BoundMethodHandle::speciesDataFor (32 bytes)
Event: 143.479 Thread 0x000001fb62c17490 nmethod 3030 0x000001fb4fd63d10 code [0x000001fb4fd63ee0, 0x000001fb4fd64270]
Event: 143.484 Thread 0x000001fb62c03fd0 3031       4       jdk.internal.org.objectweb.asm.Frame::getAbstractTypeFromDescriptor (415 bytes)
Event: 143.486 Thread 0x000001fb62c17490 3033       3       java.lang.invoke.LambdaFormEditor::oldSpeciesData (8 bytes)
Event: 143.486 Thread 0x000001fb62c17490 nmethod 3033 0x000001fb4fd64390 code [0x000001fb4fd64560, 0x000001fb4fd64968]
Event: 143.613 Thread 0x000001fb62c17490 3034       3       org.gradle.cache.internal.filelock.LockInfo::<init> (22 bytes)

GC Heap History (6 events):
Event: 9.806 GC heap before
{Heap before GC invocations=0 (full 0):
 garbage-first heap   total 262144K, used 23552K [0x00000000e0000000, 0x0000000100000000)
  region size 1024K, 23 young (23552K), 0 survivors (0K)
 Metaspace       used 916K, committed 1024K, reserved 393216K
  class space    used 70K, committed 128K, reserved 327680K
}
Event: 9.811 GC heap after
{Heap after GC invocations=1 (full 0):
 garbage-first heap   total 262144K, used 1610K [0x00000000e0000000, 0x0000000100000000)
  region size 1024K, 2 young (2048K), 2 survivors (2048K)
 Metaspace       used 916K, committed 1024K, reserved 393216K
  class space    used 70K, committed 128K, reserved 327680K
}
Event: 47.579 GC heap before
{Heap before GC invocations=1 (full 0):
 garbage-first heap   total 262144K, used 40522K [0x00000000e0000000, 0x0000000100000000)
  region size 1024K, 38 young (38912K), 2 survivors (2048K)
 Metaspace       used 4419K, committed 4608K, reserved 393216K
  class space    used 541K, committed 640K, reserved 327680K
}
Event: 47.615 GC heap after
{Heap after GC invocations=2 (full 0):
 garbage-first heap   total 262144K, used 10700K [0x00000000e0000000, 0x0000000100000000)
  region size 1024K, 5 young (5120K), 5 survivors (5120K)
 Metaspace       used 4419K, committed 4608K, reserved 393216K
  class space    used 541K, committed 640K, reserved 327680K
}
Event: 95.919 GC heap before
{Heap before GC invocations=2 (full 0):
 garbage-first heap   total 262144K, used 62924K [0x00000000e0000000, 0x0000000100000000)
  region size 1024K, 55 young (56320K), 5 survivors (5120K)
 Metaspace       used 5460K, committed 5696K, reserved 393216K
  class space    used 709K, committed 832K, reserved 327680K
}
Event: 95.954 GC heap after
{Heap after GC invocations=3 (full 0):
 garbage-first heap   total 262144K, used 16811K [0x00000000e0000000, 0x0000000100000000)
  region size 1024K, 5 young (5120K), 5 survivors (5120K)
 Metaspace       used 5460K, committed 5696K, reserved 393216K
  class space    used 709K, committed 832K, reserved 327680K
}

Dll operation events (15 events):
Event: 0.319 Loaded shared library C:\Program Files\Java\jdk-21_windows-x64_bin\jdk-21.0.10\bin\java.dll
Event: 1.154 Loaded shared library C:\Program Files\Java\jdk-21_windows-x64_bin\jdk-21.0.10\bin\jsvml.dll
Event: 1.954 Loaded shared library C:\Program Files\Java\jdk-21_windows-x64_bin\jdk-21.0.10\bin\zip.dll
Event: 1.962 Loaded shared library C:\Program Files\Java\jdk-21_windows-x64_bin\jdk-21.0.10\bin\instrument.dll
Event: 1.977 Loaded shared library C:\Program Files\Java\jdk-21_windows-x64_bin\jdk-21.0.10\bin\net.dll
Event: 1.989 Loaded shared library C:\Program Files\Java\jdk-21_windows-x64_bin\jdk-21.0.10\bin\nio.dll
Event: 2.000 Loaded shared library C:\Program Files\Java\jdk-21_windows-x64_bin\jdk-21.0.10\bin\zip.dll
Event: 9.776 Loaded shared library C:\Program Files\Java\jdk-21_windows-x64_bin\jdk-21.0.10\bin\jimage.dll
Event: 13.879 Loaded shared library C:\Program Files\Java\jdk-21_windows-x64_bin\jdk-21.0.10\bin\verify.dll
Event: 18.470 Loaded shared library C:\Users\vongo\.gradle\native\1def1411415f61bf3af743bc5b6707747c0891f09f0c88961ee8f79bc544acac\windows-amd64\native-platform.dll
Event: 19.155 Loaded shared library C:\Users\vongo\.gradle\native\0.2.7\x86_64-windows-gnu\gradle-fileevents.dll
Event: 98.822 Loaded shared library C:\Program Files\Java\jdk-21_windows-x64_bin\jdk-21.0.10\bin\management.dll
Event: 98.837 Loaded shared library C:\Program Files\Java\jdk-21_windows-x64_bin\jdk-21.0.10\bin\management_ext.dll
Event: 104.170 Loaded shared library C:\Program Files\Java\jdk-21_windows-x64_bin\jdk-21.0.10\bin\extnet.dll
Event: 115.324 Loaded shared library C:\Program Files\Java\jdk-21_windows-x64_bin\jdk-21.0.10\bin\sunmscapi.dll

Deoptimization events (20 events):
Event: 141.437 Thread 0x000001fb7d262520 Uncommon trap: trap_request=0xffffff45 fr.pc=0x000001fb57362a80 relative=0x00000000000000c0
Event: 141.437 Thread 0x000001fb7d262520 Uncommon trap: reason=unstable_if action=reinterpret pc=0x000001fb57362a80 method=jdk.internal.misc.Unsafe.convEndian(ZI)I @ 4 c2
Event: 141.437 Thread 0x000001fb7d262520 DEOPT PACKING pc=0x000001fb57362a80 sp=0x000000f2b61fad20
Event: 141.437 Thread 0x000001fb7d262520 DEOPT UNPACKING pc=0x000001fb56cf46a2 sp=0x000000f2b61fabb8 mode 2
Event: 141.437 Thread 0x000001fb7d262520 Uncommon trap: trap_request=0xffffff45 fr.pc=0x000001fb5734892c relative=0x000000000000008c
Event: 141.437 Thread 0x000001fb7d262520 Uncommon trap: reason=unstable_if action=reinterpret pc=0x000001fb5734892c method=jdk.internal.misc.Unsafe.convEndian(ZI)I @ 4 c2
Event: 141.437 Thread 0x000001fb7d262520 DEOPT PACKING pc=0x000001fb5734892c sp=0x000000f2b61fac80
Event: 141.437 Thread 0x000001fb7d262520 DEOPT UNPACKING pc=0x000001fb56cf46a2 sp=0x000000f2b61fabb0 mode 2
Event: 142.301 Thread 0x000001fb7d262520 Uncommon trap: trap_request=0xffffff45 fr.pc=0x000001fb57264e00 relative=0x0000000000000d00
Event: 142.301 Thread 0x000001fb7d262520 Uncommon trap: reason=unstable_if action=reinterpret pc=0x000001fb57264e00 method=java.io.WinNTFileSystem.resolve(Ljava/lang/String;Ljava/lang/String;)Ljava/lang/String; @ 19 c2
Event: 142.301 Thread 0x000001fb7d262520 DEOPT PACKING pc=0x000001fb57264e00 sp=0x000000f2b61fafa0
Event: 142.301 Thread 0x000001fb7d262520 DEOPT UNPACKING pc=0x000001fb56cf46a2 sp=0x000000f2b61faf38 mode 2
Event: 142.496 Thread 0x000001fb7d262520 Uncommon trap: trap_request=0xffffff45 fr.pc=0x000001fb57389bcc relative=0x000000000000026c
Event: 142.496 Thread 0x000001fb7d262520 Uncommon trap: reason=unstable_if action=reinterpret pc=0x000001fb57389bcc method=java.io.WinNTFileSystem.prefixLength(Ljava/lang/String;)I @ 68 c2
Event: 142.497 Thread 0x000001fb7d262520 DEOPT PACKING pc=0x000001fb57389bcc sp=0x000000f2b61faf10
Event: 142.497 Thread 0x000001fb7d262520 DEOPT UNPACKING pc=0x000001fb56cf46a2 sp=0x000000f2b61fae98 mode 2
Event: 142.497 Thread 0x000001fb7d262520 Uncommon trap: trap_request=0xffffff45 fr.pc=0x000001fb572d2218 relative=0x0000000000000638
Event: 142.497 Thread 0x000001fb7d262520 Uncommon trap: reason=unstable_if action=reinterpret pc=0x000001fb572d2218 method=java.io.File.getName()Ljava/lang/String; @ 16 c2
Event: 142.497 Thread 0x000001fb7d262520 DEOPT PACKING pc=0x000001fb572d2218 sp=0x000000f2b61faf60
Event: 142.497 Thread 0x000001fb7d262520 DEOPT UNPACKING pc=0x000001fb56cf46a2 sp=0x000000f2b61faf30 mode 2

Classes loaded (20 events):
Event: 124.809 Loading class java/util/RegularEnumSet$EnumSetIterator
Event: 124.809 Loading class java/util/RegularEnumSet$EnumSetIterator done
Event: 124.810 Loading class java/nio/file/attribute/PosixFilePermissions$1
Event: 124.810 Loading class java/nio/file/attribute/PosixFilePermissions$1 done
Event: 125.989 Loading class java/util/concurrent/ArrayBlockingQueue
Event: 125.990 Loading class java/util/concurrent/ArrayBlockingQueue done
Event: 125.992 Loading class java/util/concurrent/locks/ReentrantLock$FairSync
Event: 125.992 Loading class java/util/concurrent/locks/ReentrantLock$FairSync done
Event: 128.355 Loading class sun/nio/ch/DatagramChannelImpl$DatagramPackets
Event: 128.356 Loading class sun/nio/ch/DatagramChannelImpl$DatagramPackets done
Event: 141.243 Loading class sun/security/provider/MD5
Event: 141.244 Loading class sun/security/provider/MD5 done
Event: 141.259 Loading class sun/security/provider/SHA5$SHA512
Event: 141.408 Loading class sun/security/provider/SHA5
Event: 141.411 Loading class sun/security/provider/SHA5 done
Event: 141.411 Loading class sun/security/provider/SHA5$SHA512 done
Event: 141.430 Loading class sun/security/provider/ByteArrayAccess$LE
Event: 141.431 Loading class sun/security/provider/ByteArrayAccess$LE done
Event: 142.320 Loading class java/io/File$TempDirectory
Event: 142.433 Loading class java/io/File$TempDirectory done

Classes unloaded (0 events):
No events

Classes redefined (0 events):
No events

Internal exceptions (20 events):
Event: 112.505 Thread 0x000001fb4584f900 Exception <a 'java/io/IOException'{0x00000000ef02a478}> (0x00000000ef02a478) 
thrown [s\open\src\hotspot\share\prims\jni.cpp, line 520]
Event: 112.529 Thread 0x000001fb4584f900 Implicit null exception at 0x000001fb57292ea4 to 0x000001fb57293508
Event: 112.596 Thread 0x000001fb4584f900 Exception <a 'java/lang/NoSuchMethodError'{0x00000000ef09d9e8}: 'java.lang.Object java.lang.invoke.DirectMethodHandle$Holder.newInvokeSpecial(java.lang.Object, java.lang.Object, java.lang.Object, java.lang.Object, java.lang.Object)'> (0x00000000ef09d9e8) 
thrown [s\open\src\hotspot\share\interpreter\linkResolver.cpp, line 773]
Event: 120.145 Thread 0x000001fb7cd59c90 Exception <a 'java/lang/NoSuchMethodError'{0x00000000eea0cbc0}: 'void java.lang.invoke.DirectMethodHandle$Holder.invokeSpecial(java.lang.Object, java.lang.Object, java.lang.Object)'> (0x00000000eea0cbc0) 
thrown [s\open\src\hotspot\share\interpreter\linkResolver.cpp, line 773]
Event: 120.947 Thread 0x000001fb7d262520 Exception <a 'java/lang/NoSuchMethodError'{0x00000000ee53bb90}: 'long java.lang.invoke.DirectMethodHandle$Holder.invokeInterface(java.lang.Object, java.lang.Object)'> (0x00000000ee53bb90) 
thrown [s\open\src\hotspot\share\interpreter\linkResolver.cpp, line 773]
Event: 121.676 Thread 0x000001fb7d262520 Exception <a 'java/lang/NoSuchMethodError'{0x00000000ee16b598}: 'void java.lang.invoke.DirectMethodHandle$Holder.invokeStatic(java.lang.Object, java.lang.Object)'> (0x00000000ee16b598) 
thrown [s\open\src\hotspot\share\interpreter\linkResolver.cpp, line 773]
Event: 121.774 Thread 0x000001fb7d262520 Exception <a 'java/lang/NoSuchMethodError'{0x00000000ee1a59f0}: 'java.lang.Object java.lang.invoke.DirectMethodHandle$Holder.invokeVirtual(java.lang.Object, java.lang.Object, java.lang.Object, java.lang.Object, java.lang.Object, java.lang.Object, java.lang.Object, java.lang.Object, java.lang.Object, java.lang.Object, java.lang.Object, java.lang.Object)'> (0x00000000ee1a59f0) 
thrown [s\open\src\hotspot\share\interpreter\linkResolver.cpp, line 773]
Event: 121.775 Thread 0x000001fb7d262520 Exception <a 'java/lang/NoSuchMethodError'{0x00000000ee1aa978}: 'java.lang.Object java.lang.invoke.DirectMethodHandle$Holder.invokeSpecial(java.lang.Object, java.lang.Object, java.lang.Object, java.lang.Object, java.lang.Object, java.lang.Object, java.lang.Object, java.lang.Object, java.lang.Object, java.lang.Object, java.lang.Object, java.lang.Object, java.lang.Object)'> (0x00000000ee1aa978) 
thrown [s\open\src\hotspot\share\interpreter\linkResolver.cpp, line 773]
Event: 122.307 Thread 0x000001fb7d262520 Exception <a 'java/lang/NoSuchMethodError'{0x00000000ede65b20}: 'int java.lang.invoke.DirectMethodHandle$Holder.invokeVirtual(java.lang.Object, java.lang.Object, java.lang.Object)'> (0x00000000ede65b20) 
thrown [s\open\src\hotspot\share\interpreter\linkResolver.cpp, line 773]
Event: 122.823 Thread 0x000001fb7d262520 Exception <a 'java/lang/NoSuchMethodError'{0x00000000edcd82d0}: 'java.lang.Object java.lang.invoke.DirectMethodHandle$Holder.newInvokeSpecial(java.lang.Object, java.lang.Object, java.lang.Object, java.lang.Object, java.lang.Object, java.lang.Object)'> (0x00000000edcd82d0) 
thrown [s\open\src\hotspot\share\interpreter\linkResolver.cpp, line 773]
Event: 123.381 Thread 0x000001fb7d262520 Exception <a 'java/lang/NoSuchMethodError'{0x00000000ed9ab618}: 'void java.lang.invoke.DelegatingMethodHandle$Holder.reinvoke_L(java.lang.Object, java.lang.Object, java.lang.Object, java.lang.Object, java.lang.Object, java.lang.Object, java.lang.Object, java.lang.Object, java.lang.Object, java.lang.Object)'> (0x00000000ed9ab618) 
thrown [s\open\src\hotspot\share\interpreter\linkResolver.cpp, line 773]
Event: 123.382 Thread 0x000001fb7d262520 Exception <a 'java/lang/NoSuchMethodError'{0x00000000ed9b3038}: 'java.lang.Object java.lang.invoke.Invokers$Holder.invoker(java.lang.Object, java.lang.Object, java.lang.Object, java.lang.Object, java.lang.Object, java.lang.Object, java.lang.Object, java.lang.Object, java.lang.Object, java.lang.Object)'> (0x00000000ed9b3038) 
thrown [s\open\src\hotspot\share\interpreter\linkResolver.cpp, line 773]
Event: 124.828 Thread 0x000001fb7d262520 Exception <a 'java/lang/NoSuchMethodError'{0x00000000ed3f8208}: 'void java.lang.invoke.DirectMethodHandle$Holder.invokeInterface(java.lang.Object, java.lang.Object)'> (0x00000000ed3f8208) 
thrown [s\open\src\hotspot\share\interpreter\linkResolver.cpp, line 773]
Event: 124.829 Thread 0x000001fb7d262520 Exception <a 'java/lang/IncompatibleClassChangeError'{0x00000000ed3fb778}: Found class java.lang.Object, but interface was expected> (0x00000000ed3fb778) 
thrown [s\open\src\hotspot\share\interpreter\linkResolver.cpp, line 840]
Event: 126.002 Thread 0x000001fb7d262520 Exception <a 'java/lang/NoSuchMethodError'{0x00000000ed122b98}: 'java.lang.Object java.lang.invoke.DirectMethodHandle$Holder.newInvokeSpecial(java.lang.Object, java.lang.Object, int)'> (0x00000000ed122b98) 
thrown [s\open\src\hotspot\share\interpreter\linkResolver.cpp, line 773]
Event: 141.551 Thread 0x000001fb7d262520 Exception <a 'java/lang/NoSuchMethodError'{0x00000000eccdeec0}: 'java.lang.Object java.lang.invoke.DirectMethodHandle$Holder.invokeVirtual(java.lang.Object, java.lang.Object, java.lang.Object, java.lang.Object, java.lang.Object, java.lang.Object, java.lang.Object, java.lang.Object)'> (0x00000000eccdeec0) 
thrown [s\open\src\hotspot\share\interpreter\linkResolver.cpp, line 773]
Event: 142.258 Thread 0x000001fb7d262520 Exception <a 'java/lang/NoSuchMethodError'{0x00000000ecb97938}: 'java.lang.Object java.lang.invoke.DirectMethodHandle$Holder.invokeVirtual(java.lang.Object, java.lang.Object, java.lang.Object, java.lang.Object, java.lang.Object, java.lang.Object, java.lang.Object, java.lang.Object, java.lang.Object, java.lang.Object)'> (0x00000000ecb97938) 
thrown [s\open\src\hotspot\share\interpreter\linkResolver.cpp, line 773]
Event: 142.806 Thread 0x000001fb7d262520 Exception <a 'java/lang/NoSuchMethodError'{0x00000000eca2ec50}: 'void java.lang.invoke.DirectMethodHandle$Holder.invokeStatic(java.lang.Object, java.lang.Object, java.lang.Object, java.lang.Object)'> (0x00000000eca2ec50) 
thrown [s\open\src\hotspot\share\interpreter\linkResolver.cpp, line 773]
Event: 142.808 Thread 0x000001fb7d262520 Exception <a 'java/lang/NoSuchMethodError'{0x00000000eca329d8}: 'void java.lang.invoke.DirectMethodHandle$Holder.invokeStaticInit(java.lang.Object, java.lang.Object, java.lang.Object, java.lang.Object)'> (0x00000000eca329d8) 
thrown [s\open\src\hotspot\share\interpreter\linkResolver.cpp, line 773]
Event: 142.917 Thread 0x000001fb7d262520 Exception <a 'java/lang/NoSuchMethodError'{0x00000000ec908458}: 'java.lang.Object java.lang.invoke.DirectMethodHandle$Holder.invokeInterface(java.lang.Object, java.lang.Object, java.lang.Object)'> (0x00000000ec908458) 
thrown [s\open\src\hotspot\share\interpreter\linkResolver.cpp, line 773]

ZGC Phase Switch (0 events):
No events

VM Operations (20 events):
Event: 125.692 Executing VM operation: Cleanup
Event: 125.960 Executing VM operation: Cleanup done
Event: 125.995 Executing VM operation: HandshakeAllThreads (Deoptimize)
Event: 125.995 Executing VM operation: HandshakeAllThreads (Deoptimize) done
Event: 126.999 Executing VM operation: Cleanup
Event: 127.874 Executing VM operation: Cleanup done
Event: 129.897 Executing VM operation: Cleanup
Event: 129.897 Executing VM operation: Cleanup done
Event: 132.925 Executing VM operation: Cleanup
Event: 132.925 Executing VM operation: Cleanup done
Event: 137.967 Executing VM operation: Cleanup
Event: 137.967 Executing VM operation: Cleanup done
Event: 139.975 Executing VM operation: Cleanup
Event: 139.976 Executing VM operation: Cleanup done
Event: 140.981 Executing VM operation: Cleanup
Event: 141.088 Executing VM operation: Cleanup done
Event: 142.090 Executing VM operation: Cleanup
Event: 142.091 Executing VM operation: Cleanup done
Event: 143.103 Executing VM operation: Cleanup
Event: 143.477 Executing VM operation: Cleanup done

Events (20 events):
Event: 0.679 Thread 0x000001fb62c027e0 Thread added: 0x000001fb62c027e0
Event: 0.679 Thread 0x000001fb62c03240 Thread added: 0x000001fb62c03240
Event: 0.797 Thread 0x000001fb62c03fd0 Thread added: 0x000001fb62c03fd0
Event: 0.799 Thread 0x000001fb62c17490 Thread added: 0x000001fb62c17490
Event: 1.967 Thread 0x000001fb62ef5b70 Thread added: 0x000001fb62ef5b70
Event: 3.448 Thread 0x000001fb62efee10 Thread added: 0x000001fb62efee10
Event: 99.299 Thread 0x000001fb7d357130 Thread added: 0x000001fb7d357130
Event: 108.195 Thread 0x000001fb62c7ff80 Thread added: 0x000001fb62c7ff80
Event: 112.609 Thread 0x000001fb62e603f0 Thread added: 0x000001fb62e603f0
Event: 116.466 Thread 0x000001fb7cd59c90 Thread added: 0x000001fb7cd59c90
Event: 116.826 Thread 0x000001fb7d675fc0 Thread added: 0x000001fb7d675fc0
Event: 119.217 Thread 0x000001fb7d263240 Thread added: 0x000001fb7d263240
Event: 120.149 Thread 0x000001fb7d262520 Thread added: 0x000001fb7d262520
Event: 120.244 Thread 0x000001fb7d2638d0 Thread added: 0x000001fb7d2638d0
Event: 120.279 Thread 0x000001fb7d262bb0 Thread added: 0x000001fb7d262bb0
Event: 120.329 Thread 0x000001fb7d25d980 Thread added: 0x000001fb7d25d980
Event: 125.996 Thread 0x000001fb7d25c5d0 Thread added: 0x000001fb7d25c5d0
Event: 127.728 Thread 0x000001fb7d25d2f0 Thread added: 0x000001fb7d25d2f0
Event: 140.299 Thread 0x000001fb7d25a500 Thread added: 0x000001fb7d25a500
Event: 140.946 Thread 0x000001fb7d25ab90 Thread added: 0x000001fb7d25ab90


Dynamic libraries:
0x00007ff6041d0000 - 0x00007ff6041e0000 	C:\Program Files\Java\jdk-21_windows-x64_bin\jdk-21.0.10\bin\java.exe
0x00007ff8307a0000 - 0x00007ff830a06000 	C:\WINDOWS\SYSTEM32\ntdll.dll
0x00007ff82f480000 - 0x00007ff82f549000 	C:\WINDOWS\System32\KERNEL32.DLL
0x00007ff82db30000 - 0x00007ff82df2f000 	C:\WINDOWS\System32\KERNELBASE.dll
0x00007ff82a480000 - 0x00007ff82a51f000 	C:\WINDOWS\SYSTEM32\apphelp.dll
0x00007ff82e370000 - 0x00007ff82e4bc000 	C:\WINDOWS\System32\ucrtbase.dll
0x00007ff824660000 - 0x00007ff824679000 	C:\Program Files\Java\jdk-21_windows-x64_bin\jdk-21.0.10\bin\jli.dll
0x00007ff830010000 - 0x00007ff8300cc000 	C:\WINDOWS\System32\ADVAPI32.dll
0x00007ff82ec00000 - 0x00007ff82eca9000 	C:\WINDOWS\System32\msvcrt.dll
0x00007ff8300e0000 - 0x00007ff83018a000 	C:\WINDOWS\System32\sechost.dll
0x00007ff82e4d0000 - 0x00007ff82e5e8000 	C:\WINDOWS\System32\RPCRT4.dll
0x00007ff82fba0000 - 0x00007ff82fd66000 	C:\WINDOWS\System32\USER32.dll
0x00007ff82d9b0000 - 0x00007ff82d9d7000 	C:\WINDOWS\System32\win32u.dll
0x00007ff82ff20000 - 0x00007ff82ff4b000 	C:\WINDOWS\System32\GDI32.dll
0x00007ff82e000000 - 0x00007ff82e129000 	C:\WINDOWS\System32\gdi32full.dll
0x00007ff82e2c0000 - 0x00007ff82e363000 	C:\WINDOWS\System32\msvcp_win.dll
0x00007ff8246e0000 - 0x00007ff8246fe000 	C:\Program Files\Java\jdk-21_windows-x64_bin\jdk-21.0.10\bin\VCRUNTIME140.dll
0x00007ff8137a0000 - 0x00007ff813a31000 	C:\WINDOWS\WinSxS\amd64_microsoft.windows.common-controls_6595b64144ccf1df_6.0.26100.8972_none_3e0da176e32f9d4b\COMCTL32.dll
0x00007ff826060000 - 0x00007ff82606b000 	C:\WINDOWS\SYSTEM32\VERSION.dll
0x00007ff82e700000 - 0x00007ff82e732000 	C:\WINDOWS\System32\IMM32.DLL
0x00007ff824710000 - 0x00007ff82471c000 	C:\Program Files\Java\jdk-21_windows-x64_bin\jdk-21.0.10\bin\vcruntime140_1.dll
0x00007ff81be60000 - 0x00007ff81beed000 	C:\Program Files\Java\jdk-21_windows-x64_bin\jdk-21.0.10\bin\msvcp140.dll
0x00007fff91e80000 - 0x00007fff92ba7000 	C:\Program Files\Java\jdk-21_windows-x64_bin\jdk-21.0.10\bin\server\jvm.dll
0x00007ff82fe20000 - 0x00007ff82fea2000 	C:\WINDOWS\System32\WS2_32.dll
0x00007ff82d810000 - 0x00007ff82d86e000 	C:\WINDOWS\SYSTEM32\POWRPROF.dll
0x00007ff827dc0000 - 0x00007ff827df6000 	C:\WINDOWS\SYSTEM32\WINMM.dll
0x00007ff82d7f0000 - 0x00007ff82d805000 	C:\WINDOWS\SYSTEM32\UMPDC.dll
0x00007ff82c670000 - 0x00007ff82c68b000 	C:\WINDOWS\SYSTEM32\kernel.appcore.dll
0x00007ff8246d0000 - 0x00007ff8246da000 	C:\Program Files\Java\jdk-21_windows-x64_bin\jdk-21.0.10\bin\jimage.dll
0x00007ff82ae30000 - 0x00007ff82b072000 	C:\WINDOWS\SYSTEM32\DBGHELP.DLL
0x00007ff82f550000 - 0x00007ff82f8d5000 	C:\WINDOWS\System32\combase.dll
0x00007ff8301f0000 - 0x00007ff8302c9000 	C:\WINDOWS\System32\OLEAUT32.dll
0x00007ff827d80000 - 0x00007ff827dbb000 	C:\WINDOWS\SYSTEM32\dbgcore.DLL
0x00007ff82df40000 - 0x00007ff82dfec000 	C:\WINDOWS\System32\bcryptPrimitives.dll
0x00007ff81d020000 - 0x00007ff81d030000 	C:\Program Files\Java\jdk-21_windows-x64_bin\jdk-21.0.10\bin\instrument.dll
0x00007ff81c670000 - 0x00007ff81c691000 	C:\Program Files\Java\jdk-21_windows-x64_bin\jdk-21.0.10\bin\java.dll
0x00007ff82ecc0000 - 0x00007ff82f448000 	C:\WINDOWS\System32\SHELL32.dll
0x00007ff82b420000 - 0x00007ff82bcbb000 	C:\WINDOWS\SYSTEM32\windows.storage.dll
0x00007ff82e920000 - 0x00007ff82ea19000 	C:\WINDOWS\System32\SHCORE.dll
0x00007ff82feb0000 - 0x00007ff82ff16000 	C:\WINDOWS\System32\shlwapi.dll
0x00007ff82d8d0000 - 0x00007ff82d8f9000 	C:\WINDOWS\SYSTEM32\profapi.dll
0x00007ffff5960000 - 0x00007ffff5a37000 	C:\Program Files\Java\jdk-21_windows-x64_bin\jdk-21.0.10\bin\jsvml.dll
0x00007ff81c570000 - 0x00007ff81c588000 	C:\Program Files\Java\jdk-21_windows-x64_bin\jdk-21.0.10\bin\zip.dll
0x00007ff81c550000 - 0x00007ff81c561000 	C:\Program Files\Java\jdk-21_windows-x64_bin\jdk-21.0.10\bin\net.dll
0x00007ff8255e0000 - 0x00007ff825708000 	C:\WINDOWS\SYSTEM32\WINHTTP.dll
0x00007ff82cc30000 - 0x00007ff82cc9c000 	C:\WINDOWS\system32\mswsock.dll
0x00007ff81c430000 - 0x00007ff81c446000 	C:\Program Files\Java\jdk-21_windows-x64_bin\jdk-21.0.10\bin\nio.dll
0x00007ff824700000 - 0x00007ff824710000 	C:\Program Files\Java\jdk-21_windows-x64_bin\jdk-21.0.10\bin\verify.dll
0x00007ff81b5d0000 - 0x00007ff81b5f7000 	C:\Users\vongo\.gradle\native\1def1411415f61bf3af743bc5b6707747c0891f09f0c88961ee8f79bc544acac\windows-amd64\native-platform.dll
0x00007ff81b490000 - 0x00007ff81b508000 	C:\Users\vongo\.gradle\native\0.2.7\x86_64-windows-gnu\gradle-fileevents.dll
0x00007ff81cf60000 - 0x00007ff81cf6a000 	C:\Program Files\Java\jdk-21_windows-x64_bin\jdk-21.0.10\bin\management.dll
0x00007ff81cda0000 - 0x00007ff81cdac000 	C:\Program Files\Java\jdk-21_windows-x64_bin\jdk-21.0.10\bin\management_ext.dll
0x00007ff82ecb0000 - 0x00007ff82ecb8000 	C:\WINDOWS\System32\PSAPI.DLL
0x00007ff82c070000 - 0x00007ff82c0a3000 	C:\WINDOWS\SYSTEM32\IPHLPAPI.DLL
0x00007ff82f470000 - 0x00007ff82f47a000 	C:\WINDOWS\System32\NSI.dll
0x00007ff81c660000 - 0x00007ff81c669000 	C:\Program Files\Java\jdk-21_windows-x64_bin\jdk-21.0.10\bin\extnet.dll
0x00007ff82cf60000 - 0x00007ff82cf7b000 	C:\WINDOWS\SYSTEM32\CRYPTSP.dll
0x00007ff82c5d0000 - 0x00007ff82c609000 	C:\WINDOWS\system32\rsaenh.dll
0x00007ff82cce0000 - 0x00007ff82cd12000 	C:\WINDOWS\SYSTEM32\USERENV.dll
0x00007ff82d8a0000 - 0x00007ff82d8ca000 	C:\WINDOWS\SYSTEM32\bcrypt.dll
0x00007ff82cf40000 - 0x00007ff82cf4c000 	C:\WINDOWS\SYSTEM32\CRYPTBASE.dll
0x00007ff81bf20000 - 0x00007ff81bf2e000 	C:\Program Files\Java\jdk-21_windows-x64_bin\jdk-21.0.10\bin\sunmscapi.dll
0x00007ff82e130000 - 0x00007ff82e2ae000 	C:\WINDOWS\System32\CRYPT32.dll
0x00007ff82d180000 - 0x00007ff82d1b0000 	C:\WINDOWS\SYSTEM32\ncrypt.dll
0x00007ff82d130000 - 0x00007ff82d16f000 	C:\WINDOWS\SYSTEM32\NTASN1.dll
0x00007ff800000000 - 0x00007ff800008000 	C:\WINDOWS\system32\wshunix.dll

dbghelp: loaded successfully - version: 4.0.5 - missing functions: none
symbol engine: initialized successfully - sym options: 0x614 - pdb path: .;C:\Program Files\Java\jdk-21_windows-x64_bin\jdk-21.0.10\bin;C:\WINDOWS\SYSTEM32;C:\WINDOWS\WinSxS\amd64_microsoft.windows.common-controls_6595b64144ccf1df_6.0.26100.8972_none_3e0da176e32f9d4b;C:\Program Files\Java\jdk-21_windows-x64_bin\jdk-21.0.10\bin\server;C:\Users\vongo\.gradle\native\1def1411415f61bf3af743bc5b6707747c0891f09f0c88961ee8f79bc544acac\windows-amd64;C:\Users\vongo\.gradle\native\0.2.7\x86_64-windows-gnu

VM Arguments:
jvm_args: --add-opens=java.base/java.lang=ALL-UNNAMED --add-opens=java.base/java.lang.invoke=ALL-UNNAMED --add-opens=java.base/java.util=ALL-UNNAMED --add-opens=java.prefs/java.util.prefs=ALL-UNNAMED --add-exports=jdk.compiler/com.sun.tools.javac.api=ALL-UNNAMED --add-exports=jdk.compiler/com.sun.tools.javac.util=ALL-UNNAMED --add-opens=java.base/java.util=ALL-UNNAMED --add-opens=java.prefs/java.util.prefs=ALL-UNNAMED --add-opens=java.base/java.nio.charset=ALL-UNNAMED --add-opens=java.base/java.net=ALL-UNNAMED --add-opens=java.base/java.util.concurrent.atomic=ALL-UNNAMED --add-opens=java.xml/javax.xml.namespace=ALL-UNNAMED -XX:MaxMetaspaceSize=384m -XX:+HeapDumpOnOutOfMemoryError -Xms256m -Xmx512m -Dfile.encoding=UTF-8 -Duser.country=US -Duser.language=en -Duser.variant -javaagent:C:\Users\vongo\.gradle\wrapper\dists\gradle-8.14.5-bin\690y85m0j9nfaub7xoiayko8a\gradle-8.14.5\lib\agents\gradle-instrumentation-agent-8.14.5.jar 
java_command: org.gradle.launcher.daemon.bootstrap.GradleDaemon 8.14.5
java_class_path (initial): C:\Users\vongo\.gradle\wrapper\dists\gradle-8.14.5-bin\690y85m0j9nfaub7xoiayko8a\gradle-8.14.5\lib\gradle-daemon-main-8.14.5.jar
Launcher Type: SUN_STANDARD

[Global flags]
     intx CICompilerCount                          = 4                                         {product} {ergonomic}
   size_t CompressedClassSpaceSize                 = 335544320                                 {product} {ergonomic}
     uint ConcGCThreads                            = 3                                         {product} {ergonomic}
     uint G1ConcRefinementThreads                  = 10                                        {product} {ergonomic}
   size_t G1HeapRegionSize                         = 1048576                                   {product} {ergonomic}
    uintx GCDrainStackTargetSize                   = 64                                        {product} {ergonomic}
     bool HeapDumpOnOutOfMemoryError               = true                                   {manageable} {command line}
   size_t InitialHeapSize                          = 268435456                                 {product} {command line}
   size_t MarkStackSize                            = 4194304                                   {product} {ergonomic}
   size_t MaxHeapSize                              = 536870912                                 {product} {command line}
   size_t MaxMetaspaceSize                         = 402653184                                 {product} {command line}
   size_t MaxNewSize                               = 321912832                                 {product} {ergonomic}
   size_t MinHeapDeltaBytes                        = 1048576                                   {product} {ergonomic}
   size_t MinHeapSize                              = 268435456                                 {product} {command line}
    uintx NonNMethodCodeHeapSize                   = 5839372                                {pd product} {ergonomic}
    uintx NonProfiledCodeHeapSize                  = 122909434                              {pd product} {ergonomic}
    uintx ProfiledCodeHeapSize                     = 122909434                              {pd product} {ergonomic}
    uintx ReservedCodeCacheSize                    = 251658240                              {pd product} {ergonomic}
     bool SegmentedCodeCache                       = true                                      {product} {ergonomic}
   size_t SoftMaxHeapSize                          = 536870912                              {manageable} {ergonomic}
     bool UseCompressedOops                        = true                           {product lp64_product} {ergonomic}
     bool UseG1GC                                  = true                                      {product} {ergonomic}
     bool UseLargePagesIndividualAllocation        = false                                  {pd product} {ergonomic}

Logging:
Log output configuration:
 #0: stdout all=warning uptime,level,tags foldmultilines=false
 #1: stderr all=off uptime,level,tags foldmultilines=false

Environment Variables:
JAVA_HOME=C:\Program Files\Java\jdk-17
PATH=C:\Program Files\Common Files\Oracle\Java\javapath;C:\WINDOWS\system32;C:\WINDOWS;C:\WINDOWS\System32\Wbem;C:\WINDOWS\System32\WindowsPowerShell\v1.0\;C:\WINDOWS\System32\OpenSSH\;C:\Program Files\Git\cmd;C:\Program Files\nodejs\;C:\Users\vongo\.local\bin;C:\Users\vongo\AppData\Local\Microsoft\WindowsApps;C:\Program Files\Java\jdk-17\bin;C:\Users\vongo\AppData\Roaming\npm;C:\Users\vongo\AppData\Local\Programs\Microsoft VS Code\bin;C:\Program Files\flutter_windows_3.44.4-stable\flutter\bin;
USERNAME=vongo
OS=Windows_NT
PROCESSOR_IDENTIFIER=Intel64 Family 6 Model 154 Stepping 4, GenuineIntel
TMP=C:\Users\vongo\AppData\Local\Temp
TEMP=C:\Users\vongo\AppData\Local\Temp




Periodic native trim disabled

---------------  S Y S T E M  ---------------

OS:
 Windows 11 , 64 bit Build 26100 (10.0.26100.9168)
OS uptime: 0 days 2:45 hours
Hyper-V role detected

CPU: total 12 (initial active 12) (6 cores per cpu, 2 threads per core) family 6 model 154 stepping 4 microcode 0x41f, cx8, cmov, fxsr, ht, mmx, 3dnowpref, sse, sse2, sse3, ssse3, sse4.1, sse4.2, popcnt, lzcnt, tsc, tscinvbit, avx, avx2, aes, erms, clmul, bmi1, bmi2, adx, sha, fma, vzeroupper, clflush, clflushopt, clwb, hv, serialize, rdtscp, rdpid, fsrm, f16c, cet_ibt, cet_ss
Processor Information for processor 0
  Max Mhz: 1300, Current Mhz: 1300, Mhz Limit: 1300
Processor Information for processor 1
  Max Mhz: 1300, Current Mhz: 1300, Mhz Limit: 1300
Processor Information for processor 2
  Max Mhz: 1300, Current Mhz: 1300, Mhz Limit: 1300
Processor Information for processor 3
  Max Mhz: 1300, Current Mhz: 1300, Mhz Limit: 1300
Processor Information for processor 4
  Max Mhz: 900, Current Mhz: 900, Mhz Limit: 900
Processor Information for processor 5
  Max Mhz: 900, Current Mhz: 900, Mhz Limit: 900
Processor Information for processor 6
  Max Mhz: 900, Current Mhz: 900, Mhz Limit: 900
Processor Information for processor 7
  Max Mhz: 900, Current Mhz: 900, Mhz Limit: 900
Processor Information for processor 8
  Max Mhz: 900, Current Mhz: 900, Mhz Limit: 900
Processor Information for processor 9
  Max Mhz: 900, Current Mhz: 900, Mhz Limit: 900
Processor Information for processor 10
  Max Mhz: 900, Current Mhz: 900, Mhz Limit: 900
Processor Information for processor 11
  Max Mhz: 900, Current Mhz: 900, Mhz Limit: 900

Memory: 4k page, system-wide physical 7916M (371M free)
TotalPageFile size 31191M (AvailPageFile size 355M)
current process WorkingSet (physical memory assigned to process): 57M, peak: 117M
current process commit charge ("private bytes"): 392M, peak: 418M

vm_info: Java HotSpot(TM) 64-Bit Server VM (21.0.10+8-LTS-217) for windows-amd64 JRE (21.0.10+8-LTS-217), built on 2025-12-18T14:59:28Z by "mach5run" with MS VC++ 17.13 (VS2022)

END.
