#
# There is insufficient memory for the Java Runtime Environment to continue.
# Native memory allocation (malloc) failed to allocate 1671136 bytes for Chunk::new
# Possible reasons:
#   The system is out of physical RAM or swap space
#   The process is running with CompressedOops enabled, and the Java Heap may be blocking the growth of the native heap
# Possible solutions:
#   Reduce memory load on the system
#   Increase physical memory or swap space
#   Check if swap backing store is full
#   Decrease Java heap size (-Xmx/-Xms)
#   Decrease number of Java threads
#   Decrease Java thread stack sizes (-Xss)
#   Set larger code cache with -XX:ReservedCodeCacheSize=
#   JVM is running with Unscaled Compressed Oops mode in which the Java heap is
#     placed in the first 4GB address space. The Java Heap base address is the
#     maximum limit for the native heap growth. Please use -XX:HeapBaseMinAddress
#     to set the Java Heap base and to place the Java Heap above 4GB virtual address.
# This output file may be truncated or incomplete.
#
#  Out of Memory Error (arena.cpp:168), pid=24492, tid=936
#
# JRE version: Java(TM) SE Runtime Environment (21.0.10+8) (build 21.0.10+8-LTS-217)
# Java VM: Java HotSpot(TM) 64-Bit Server VM (21.0.10+8-LTS-217, mixed mode, sharing, tiered, compressed oops, compressed class ptrs, g1 gc, windows-amd64)
# No core dump will be written. Minidumps are not enabled by default on client versions of Windows
#

---------------  S U M M A R Y ------------

Command Line: --add-opens=java.base/java.lang=ALL-UNNAMED --add-opens=java.base/java.lang.invoke=ALL-UNNAMED --add-opens=java.base/java.util=ALL-UNNAMED --add-opens=java.prefs/java.util.prefs=ALL-UNNAMED --add-exports=jdk.compiler/com.sun.tools.javac.api=ALL-UNNAMED --add-exports=jdk.compiler/com.sun.tools.javac.util=ALL-UNNAMED --add-opens=java.base/java.util=ALL-UNNAMED --add-opens=java.prefs/java.util.prefs=ALL-UNNAMED --add-opens=java.base/java.nio.charset=ALL-UNNAMED --add-opens=java.base/java.net=ALL-UNNAMED --add-opens=java.base/java.util.concurrent.atomic=ALL-UNNAMED --add-opens=java.xml/javax.xml.namespace=ALL-UNNAMED -XX:MaxMetaspaceSize=384m -XX:+HeapDumpOnOutOfMemoryError -Xms256m -Xmx512m -Dfile.encoding=UTF-8 -Duser.country=US -Duser.language=en -Duser.variant -javaagent:C:\Users\vongo\.gradle\wrapper\dists\gradle-8.14.5-bin\690y85m0j9nfaub7xoiayko8a\gradle-8.14.5\lib\agents\gradle-instrumentation-agent-8.14.5.jar org.gradle.launcher.daemon.bootstrap.GradleDaemon 8.14.5

Host: 12th Gen Intel(R) Core(TM) i5-1235U, 12 cores, 7G,  Windows 11 , 64 bit Build 26100 (10.0.26100.9168)
Time: Sat Sep  5 16:17:43 2026 SE Asia Standard Time elapsed time: 296.348041 seconds (0d 0h 4m 56s)

---------------  T H R E A D  ---------------

Current thread (0x00000264e88ea680):  JavaThread "C2 CompilerThread0" daemon [_thread_in_native, id=936, stack(0x000000e82f500000,0x000000e82f600000) (1024K)]


Current CompileTask:
C2: 296348 5444   !   4       sun.reflect.annotation.AnnotationParser::parseAnnotations (37 bytes)

Stack: [0x000000e82f500000,0x000000e82f600000]
Native frames: (J=compiled Java code, j=interpreted, Vv=VM code, C=native code)
V  [jvm.dll+0x6d0b59]
V  [jvm.dll+0x85fd56]
V  [jvm.dll+0x86224e]
V  [jvm.dll+0x862923]
V  [jvm.dll+0x282a16]
V  [jvm.dll+0xc662d]
V  [jvm.dll+0xc6b71]
V  [jvm.dll+0x3bbb5b]
V  [jvm.dll+0x1e38e9]
V  [jvm.dll+0x24b4c3]
V  [jvm.dll+0x24a94f]
V  [jvm.dll+0x1cacfe]
V  [jvm.dll+0x25a629]
V  [jvm.dll+0x258bb5]
V  [jvm.dll+0x3f4da1]
V  [jvm.dll+0x80a83d]
V  [jvm.dll+0x6cf3fd]
C  [ucrtbase.dll+0x2cd30]
C  [KERNEL32.DLL+0x2ccb7]
C  [ntdll.dll+0xaad6c]


---------------  P R O C E S S  ---------------

Threads class SMR info:
_java_thread_list=0x00000264855cb820, length=34, elements={
0x00000264cb4efe80, 0x00000264e88d60a0, 0x00000264e88d9680, 0x00000264e88dbe10,
0x00000264e88dc870, 0x00000264e88e54f0, 0x00000264e88e8700, 0x00000264e88ea680,
0x00000264e88eb120, 0x00000264e88e8d90, 0x00000264e88e6630, 0x00000264e88e5fa0,
0x00000264e88e9420, 0x00000264e88e6cc0, 0x00000264ff0b7750, 0x00000264ff0b70c0,
0x00000264ff0b4ff0, 0x00000264ff0b6a30, 0x00000264ff0b5d10, 0x00000264ff0bbf80,
0x00000264ff0b8b00, 0x00000264ff0b8470, 0x00000264ff0b5680, 0x00000264ff0b9190,
0x00000264ff0bb260, 0x00000264ff0ba540, 0x00000264ff0b9eb0, 0x00000264ff0babd0,
0x00000264ff0bc610, 0x00000264ff5c2390, 0x00000264ff5c5ea0, 0x00000264ff5c6530,
0x00000264ff5c30b0, 0x00000264ff5c4460
}

Java Threads: ( => current thread )
  0x00000264cb4efe80 JavaThread "main"                              [_thread_blocked, id=14204, stack(0x000000e82e700000,0x000000e82e800000) (1024K)]
  0x00000264e88d60a0 JavaThread "Reference Handler"          daemon [_thread_blocked, id=9320, stack(0x000000e82ef00000,0x000000e82f000000) (1024K)]
  0x00000264e88d9680 JavaThread "Finalizer"                  daemon [_thread_blocked, id=21124, stack(0x000000e82f000000,0x000000e82f100000) (1024K)]
  0x00000264e88dbe10 JavaThread "Signal Dispatcher"          daemon [_thread_blocked, id=23908, stack(0x000000e82f100000,0x000000e82f200000) (1024K)]
  0x00000264e88dc870 JavaThread "Attach Listener"            daemon [_thread_blocked, id=24068, stack(0x000000e82f200000,0x000000e82f300000) (1024K)]
  0x00000264e88e54f0 JavaThread "Service Thread"             daemon [_thread_blocked, id=24056, stack(0x000000e82f300000,0x000000e82f400000) (1024K)]
  0x00000264e88e8700 JavaThread "Monitor Deflation Thread"   daemon [_thread_blocked, id=4428, stack(0x000000e82f400000,0x000000e82f500000) (1024K)]
=>0x00000264e88ea680 JavaThread "C2 CompilerThread0"         daemon [_thread_in_native, id=936, stack(0x000000e82f500000,0x000000e82f600000) (1024K)]
  0x00000264e88eb120 JavaThread "C1 CompilerThread0"         daemon [_thread_blocked, id=5728, stack(0x000000e82f600000,0x000000e82f700000) (1024K)]
  0x00000264e88e8d90 JavaThread "Common-Cleaner"             daemon [_thread_blocked, id=24212, stack(0x000000e82f700000,0x000000e82f800000) (1024K)]
  0x00000264e88e6630 JavaThread "Notification Thread"        daemon [_thread_blocked, id=24192, stack(0x000000e82f800000,0x000000e82f900000) (1024K)]
  0x00000264e88e5fa0 JavaThread "Daemon health stats"               [_thread_blocked, id=26308, stack(0x000000e82e600000,0x000000e82e700000) (1024K)]
  0x00000264e88e9420 JavaThread "Incoming local TCP Connector on port 65079"        [_thread_in_native, id=27808, stack(0x000000e82fe00000,0x000000e82ff00000) (1024K)]
  0x00000264e88e6cc0 JavaThread "Daemon periodic checks"            [_thread_blocked, id=10816, stack(0x000000e82ff00000,0x000000e830000000) (1024K)]
  0x00000264ff0b7750 JavaThread "Daemon"                            [_thread_blocked, id=28440, stack(0x000000e830100000,0x000000e830200000) (1024K)]
  0x00000264ff0b70c0 JavaThread "Daemon worker"                     [_thread_in_Java, id=22360, stack(0x000000e830400000,0x000000e830500000) (1024K)]
  0x00000264ff0b4ff0 JavaThread "Handler for socket connection from /127.0.0.1:65079 to /127.0.0.1:55492"        [_thread_in_native, id=25656, stack(0x000000e830200000,0x000000e830300000) (1024K)]
  0x00000264ff0b6a30 JavaThread "Cancel handler"                    [_thread_blocked, id=23608, stack(0x000000e830500000,0x000000e830600000) (1024K)]
  0x00000264ff0b5d10 JavaThread "Asynchronous log dispatcher for DefaultDaemonConnection: socket connection from /127.0.0.1:65079 to /127.0.0.1:55492"        [_thread_blocked, id=26060, stack(0x000000e830700000,0x000000e830800000) (1024K)]
  0x00000264ff0bbf80 JavaThread "Stdin handler"                     [_thread_blocked, id=26076, stack(0x000000e830a00000,0x000000e830b00000) (1024K)]
  0x00000264ff0b8b00 JavaThread "Daemon client event forwarder"        [_thread_blocked, id=26080, stack(0x000000e830b00000,0x000000e830c00000) (1024K)]
  0x00000264ff0b8470 JavaThread "Cache worker for journal cache (C:\Users\vongo\.gradle\caches\journal-1)"        [_thread_blocked, id=25204, stack(0x000000e830800000,0x000000e830900000) (1024K)]
  0x00000264ff0b5680 JavaThread "File lock request listener"        [_thread_in_native, id=25216, stack(0x000000e830900000,0x000000e830a00000) (1024K)]
  0x00000264ff0b9190 JavaThread "File lock release action executor"        [_thread_blocked, id=23364, stack(0x000000e830c00000,0x000000e830d00000) (1024K)]
  0x00000264ff0bb260 JavaThread "Cache worker for file hash cache (C:\Users\vongo\.gradle\caches\8.14.5\fileHashes)"        [_thread_blocked, id=15848, stack(0x000000e830d00000,0x000000e830e00000) (1024K)]
  0x00000264ff0ba540 JavaThread "Cache worker for file hash cache (D:\aa\FruitApp\backend\fruitapp\.gradle\8.14.5\fileHashes)"        [_thread_blocked, id=28684, stack(0x000000e831400000,0x000000e831500000) (1024K)]
  0x00000264ff0b9eb0 JavaThread "Cache worker for Build Output Cleanup Cache (D:\aa\FruitApp\backend\fruitapp\.gradle\buildOutputCleanup)"        [_thread_blocked, id=28696, stack(0x000000e831500000,0x000000e831600000) (1024K)]
  0x00000264ff0babd0 JavaThread "File watcher server"        daemon [_thread_in_native, id=29532, stack(0x000000e831600000,0x000000e831700000) (1024K)]
  0x00000264ff0bc610 JavaThread "File watcher consumer"      daemon [_thread_blocked, id=21248, stack(0x000000e82e500000,0x000000e82e600000) (1024K)]
  0x00000264ff5c2390 JavaThread "Cache worker for checksums cache (D:\aa\FruitApp\backend\fruitapp\.gradle\8.14.5\checksums)"        [_thread_blocked, id=17472, stack(0x000000e830000000,0x000000e830100000) (1024K)]
  0x00000264ff5c5ea0 JavaThread "Cache worker for file content cache (C:\Users\vongo\.gradle\caches\8.14.5\fileContent)"        [_thread_blocked, id=2732, stack(0x000000e830300000,0x000000e830400000) (1024K)]
  0x00000264ff5c6530 JavaThread "Cache worker for cache directory md-supplier (C:\Users\vongo\.gradle\caches\8.14.5\md-supplier)"        [_thread_blocked, id=23028, stack(0x000000e830600000,0x000000e830700000) (1024K)]
  0x00000264ff5c30b0 JavaThread "Cache worker for cache directory md-rule (C:\Users\vongo\.gradle\caches\8.14.5\md-rule)"        [_thread_blocked, id=26360, stack(0x000000e831700000,0x000000e831800000) (1024K)]
  0x00000264ff5c4460 JavaThread "jar transforms"                    [_thread_blocked, id=25040, stack(0x000000e831800000,0x000000e831900000) (1024K)]
Total: 34

Other Threads:
  0x00000264e87a8930 VMThread "VM Thread"                           [id=652, stack(0x000000e82ee00000,0x000000e82ef00000) (1024K)]
  0x00000264e8795f70 WatcherThread "VM Periodic Task Thread"        [id=23916, stack(0x000000e82ed00000,0x000000e82ee00000) (1024K)]
  0x00000264cd7587b0 WorkerThread "GC Thread#0"                     [id=12112, stack(0x000000e82e800000,0x000000e82e900000) (1024K)]
  0x00000264fe199c20 WorkerThread "GC Thread#1"                     [id=24740, stack(0x000000e82f900000,0x000000e82fa00000) (1024K)]
  0x00000264fe199fd0 WorkerThread "GC Thread#2"                     [id=24744, stack(0x000000e82fa00000,0x000000e82fb00000) (1024K)]
  0x00000264fe19a380 WorkerThread "GC Thread#3"                     [id=24748, stack(0x000000e82fb00000,0x000000e82fc00000) (1024K)]
  0x00000264fe19a730 WorkerThread "GC Thread#4"                     [id=24752, stack(0x000000e82fc00000,0x000000e82fd00000) (1024K)]
  0x00000264fe19aae0 WorkerThread "GC Thread#5"                     [id=24756, stack(0x000000e82fd00000,0x000000e82fe00000) (1024K)]
  0x0000026484966320 WorkerThread "GC Thread#6"                     [id=23156, stack(0x000000e830e00000,0x000000e830f00000) (1024K)]
  0x00000264ff456e30 WorkerThread "GC Thread#7"                     [id=28592, stack(0x000000e830f00000,0x000000e831000000) (1024K)]
  0x00000264ff4571e0 WorkerThread "GC Thread#8"                     [id=23024, stack(0x000000e831000000,0x000000e831100000) (1024K)]
  0x00000264ff457940 WorkerThread "GC Thread#9"                     [id=21824, stack(0x000000e831100000,0x000000e831200000) (1024K)]
  0x00000264cd75d6b0 ConcurrentGCThread "G1 Main Marker"            [id=23588, stack(0x000000e82e900000,0x000000e82ea00000) (1024K)]
  0x00000264cd75e0d0 WorkerThread "G1 Conc#0"                       [id=23776, stack(0x000000e82ea00000,0x000000e82eb00000) (1024K)]
  0x00000264ff459e20 WorkerThread "G1 Conc#1"                       [id=21684, stack(0x000000e831200000,0x000000e831300000) (1024K)]
  0x00000264ff458450 WorkerThread "G1 Conc#2"                       [id=25740, stack(0x000000e831300000,0x000000e831400000) (1024K)]
  0x00000264cd7de9d0 ConcurrentGCThread "G1 Refine#0"               [id=15196, stack(0x000000e82eb00000,0x000000e82ec00000) (1024K)]
  0x00000264e8665750 ConcurrentGCThread "G1 Service"                [id=23760, stack(0x000000e82ec00000,0x000000e82ed00000) (1024K)]
Total: 18

Threads with active compile tasks:
C2 CompilerThread0   296408 5444   !   4       sun.reflect.annotation.AnnotationParser::parseAnnotations (37 bytes)
Total: 1

VM state: not at safepoint (normal execution)

VM Mutex/Monitor currently owned by a thread: None

Heap address: 0x00000000e0000000, size: 512 MB, Compressed Oops mode: 32-bit

CDS archive(s) mapped at: [0x00000264e9000000-0x00000264e9c90000-0x00000264e9c90000), size 13172736, SharedBaseAddress: 0x00000264e9000000, ArchiveRelocationMode: 1.
Compressed class space mapped at: 0x00000264ea000000-0x00000264fe000000, reserved size: 335544320
Narrow klass base: 0x00000264e9000000, Narrow klass shift: 0, Narrow klass range: 0x100000000

GC Precious Log:
 CardTable entry size: 512
 Card Set container configuration: InlinePtr #cards 5 size 8 Array Of Cards #cards 12 size 40 Howl #buckets 4 coarsen threshold 1843 Howl Bitmap #cards 512 size 80 coarsen threshold 460 Card regions per heap region 1 cards per card region 2048
 CPUs: 12 total, 12 available
 Memory: 7916M
 Large Page Support: Disabled
 NUMA Support: Disabled
 Compressed Oops: Enabled (32-bit)
 Heap Region Size: 1M
 Heap Min Capacity: 256M
 Heap Initial Capacity: 256M
 Heap Max Capacity: 512M
 Pre-touch: Disabled
 Parallel Workers: 10
 Concurrent Workers: 3
 Concurrent Refinement Workers: 10
 Periodic GC: Disabled

Heap:
 garbage-first heap   total 262144K, used 129386K [0x00000000e0000000, 0x0000000100000000)
  region size 1024K, 92 young (94208K), 1 survivors (1024K)
 Metaspace       used 46224K, committed 47808K, reserved 393216K
  class space    used 6452K, committed 7232K, reserved 327680K

Heap Regions: E=young(eden), S=young(survivor), O=old, HS=humongous(starts), HC=humongous(continues), CS=collection set, F=free, TAMS=top-at-mark-start, PB=parsable bottom
|   0|0x00000000e0000000, 0x00000000e0100000, 0x00000000e0100000|100%|HS|  |TAMS 0x00000000e0000000| PB 0x00000000e0000000| Complete 
|   1|0x00000000e0100000, 0x00000000e0200000, 0x00000000e0200000|100%|HC|  |TAMS 0x00000000e0100000| PB 0x00000000e0100000| Complete 
|   2|0x00000000e0200000, 0x00000000e0300000, 0x00000000e0300000|100%|HC|  |TAMS 0x00000000e0200000| PB 0x00000000e0200000| Complete 
|   3|0x00000000e0300000, 0x00000000e0400000, 0x00000000e0400000|100%| O|  |TAMS 0x00000000e0300000| PB 0x00000000e0300000| Untracked 
|   4|0x00000000e0400000, 0x00000000e0500000, 0x00000000e0500000|100%| O|  |TAMS 0x00000000e0400000| PB 0x00000000e0400000| Untracked 
|   5|0x00000000e0500000, 0x00000000e0600000, 0x00000000e0600000|100%| O|  |TAMS 0x00000000e0500000| PB 0x00000000e0500000| Untracked 
|   6|0x00000000e0600000, 0x00000000e0700000, 0x00000000e0700000|100%|HS|  |TAMS 0x00000000e0600000| PB 0x00000000e0600000| Complete 
|   7|0x00000000e0700000, 0x00000000e0800000, 0x00000000e0800000|100%| O|  |TAMS 0x00000000e0700000| PB 0x00000000e0700000| Untracked 
|   8|0x00000000e0800000, 0x00000000e0900000, 0x00000000e0900000|100%| O|  |TAMS 0x00000000e0800000| PB 0x00000000e0800000| Untracked 
|   9|0x00000000e0900000, 0x00000000e0a00000, 0x00000000e0a00000|100%|HS|  |TAMS 0x00000000e0900000| PB 0x00000000e0900000| Complete 
|  10|0x00000000e0a00000, 0x00000000e0b00000, 0x00000000e0b00000|100%| O|  |TAMS 0x00000000e0a00000| PB 0x00000000e0a00000| Untracked 
|  11|0x00000000e0b00000, 0x00000000e0c00000, 0x00000000e0c00000|100%| O|  |TAMS 0x00000000e0b00000| PB 0x00000000e0b00000| Untracked 
|  12|0x00000000e0c00000, 0x00000000e0d00000, 0x00000000e0d00000|100%| O|  |TAMS 0x00000000e0c00000| PB 0x00000000e0c00000| Untracked 
|  13|0x00000000e0d00000, 0x00000000e0e00000, 0x00000000e0e00000|100%| O|  |TAMS 0x00000000e0d00000| PB 0x00000000e0d00000| Untracked 
|  14|0x00000000e0e00000, 0x00000000e0f00000, 0x00000000e0f00000|100%| O|  |TAMS 0x00000000e0e00000| PB 0x00000000e0e00000| Untracked 
|  15|0x00000000e0f00000, 0x00000000e1000000, 0x00000000e1000000|100%| O|  |TAMS 0x00000000e0f00000| PB 0x00000000e0f00000| Untracked 
|  16|0x00000000e1000000, 0x00000000e1100000, 0x00000000e1100000|100%| O|  |TAMS 0x00000000e1000000| PB 0x00000000e1000000| Untracked 
|  17|0x00000000e1100000, 0x00000000e1200000, 0x00000000e1200000|100%| O|  |TAMS 0x00000000e1100000| PB 0x00000000e1100000| Untracked 
|  18|0x00000000e1200000, 0x00000000e1300000, 0x00000000e1300000|100%| O|  |TAMS 0x00000000e1200000| PB 0x00000000e1200000| Untracked 
|  19|0x00000000e1300000, 0x00000000e1400000, 0x00000000e1400000|100%| O|  |TAMS 0x00000000e1300000| PB 0x00000000e1300000| Untracked 
|  20|0x00000000e1400000, 0x00000000e1500000, 0x00000000e1500000|100%| O|  |TAMS 0x00000000e1400000| PB 0x00000000e1400000| Untracked 
|  21|0x00000000e1500000, 0x00000000e1600000, 0x00000000e1600000|100%| O|  |TAMS 0x00000000e1500000| PB 0x00000000e1500000| Untracked 
|  22|0x00000000e1600000, 0x00000000e1700000, 0x00000000e1700000|100%| O|  |TAMS 0x00000000e1600000| PB 0x00000000e1600000| Untracked 
|  23|0x00000000e1700000, 0x00000000e1800000, 0x00000000e1800000|100%| O|  |TAMS 0x00000000e1700000| PB 0x00000000e1700000| Untracked 
|  24|0x00000000e1800000, 0x00000000e1900000, 0x00000000e1900000|100%| O|  |TAMS 0x00000000e1800000| PB 0x00000000e1800000| Untracked 
|  25|0x00000000e1900000, 0x00000000e1a00000, 0x00000000e1a00000|100%| O|  |TAMS 0x00000000e1900000| PB 0x00000000e1900000| Untracked 
|  26|0x00000000e1a00000, 0x00000000e1b00000, 0x00000000e1b00000|100%| O|  |TAMS 0x00000000e1a00000| PB 0x00000000e1a00000| Untracked 
|  27|0x00000000e1b00000, 0x00000000e1c00000, 0x00000000e1c00000|100%| O|  |TAMS 0x00000000e1b00000| PB 0x00000000e1b00000| Untracked 
|  28|0x00000000e1c00000, 0x00000000e1d00000, 0x00000000e1d00000|100%| O|  |TAMS 0x00000000e1c00000| PB 0x00000000e1c00000| Untracked 
|  29|0x00000000e1d00000, 0x00000000e1e00000, 0x00000000e1e00000|100%| O|  |TAMS 0x00000000e1d00000| PB 0x00000000e1d00000| Untracked 
|  30|0x00000000e1e00000, 0x00000000e1f00000, 0x00000000e1f00000|100%| O|Cm|TAMS 0x00000000e1e00000| PB 0x00000000e1e00000| Complete 
|  31|0x00000000e1f00000, 0x00000000e1fa4bf0, 0x00000000e2000000| 64%| O|  |TAMS 0x00000000e1f00000| PB 0x00000000e1f00000| Untracked 
|  32|0x00000000e2000000, 0x00000000e2100000, 0x00000000e2100000|100%|HS|  |TAMS 0x00000000e2000000| PB 0x00000000e2000000| Complete 
|  33|0x00000000e2100000, 0x00000000e2200000, 0x00000000e2200000|100%|HC|  |TAMS 0x00000000e2100000| PB 0x00000000e2100000| Complete 
|  34|0x00000000e2200000, 0x00000000e2300000, 0x00000000e2300000|100%|HS|  |TAMS 0x00000000e2200000| PB 0x00000000e2200000| Complete 
|  35|0x00000000e2300000, 0x00000000e2400000, 0x00000000e2400000|100%|HC|  |TAMS 0x00000000e2300000| PB 0x00000000e2300000| Complete 
|  36|0x00000000e2400000, 0x00000000e2400000, 0x00000000e2500000|  0%| F|  |TAMS 0x00000000e2400000| PB 0x00000000e2400000| Untracked 
|  37|0x00000000e2500000, 0x00000000e2500000, 0x00000000e2600000|  0%| F|  |TAMS 0x00000000e2500000| PB 0x00000000e2500000| Untracked 
|  38|0x00000000e2600000, 0x00000000e2600000, 0x00000000e2700000|  0%| F|  |TAMS 0x00000000e2600000| PB 0x00000000e2600000| Untracked 
|  39|0x00000000e2700000, 0x00000000e2700000, 0x00000000e2800000|  0%| F|  |TAMS 0x00000000e2700000| PB 0x00000000e2700000| Untracked 
|  40|0x00000000e2800000, 0x00000000e2800000, 0x00000000e2900000|  0%| F|  |TAMS 0x00000000e2800000| PB 0x00000000e2800000| Untracked 
|  41|0x00000000e2900000, 0x00000000e2900000, 0x00000000e2a00000|  0%| F|  |TAMS 0x00000000e2900000| PB 0x00000000e2900000| Untracked 
|  42|0x00000000e2a00000, 0x00000000e2a00000, 0x00000000e2b00000|  0%| F|  |TAMS 0x00000000e2a00000| PB 0x00000000e2a00000| Untracked 
|  43|0x00000000e2b00000, 0x00000000e2b00000, 0x00000000e2c00000|  0%| F|  |TAMS 0x00000000e2b00000| PB 0x00000000e2b00000| Untracked 
|  44|0x00000000e2c00000, 0x00000000e2c00000, 0x00000000e2d00000|  0%| F|  |TAMS 0x00000000e2c00000| PB 0x00000000e2c00000| Untracked 
|  45|0x00000000e2d00000, 0x00000000e2d00000, 0x00000000e2e00000|  0%| F|  |TAMS 0x00000000e2d00000| PB 0x00000000e2d00000| Untracked 
|  46|0x00000000e2e00000, 0x00000000e2e00000, 0x00000000e2f00000|  0%| F|  |TAMS 0x00000000e2e00000| PB 0x00000000e2e00000| Untracked 
|  47|0x00000000e2f00000, 0x00000000e2f00000, 0x00000000e3000000|  0%| F|  |TAMS 0x00000000e2f00000| PB 0x00000000e2f00000| Untracked 
|  48|0x00000000e3000000, 0x00000000e3000000, 0x00000000e3100000|  0%| F|  |TAMS 0x00000000e3000000| PB 0x00000000e3000000| Untracked 
|  49|0x00000000e3100000, 0x00000000e3100000, 0x00000000e3200000|  0%| F|  |TAMS 0x00000000e3100000| PB 0x00000000e3100000| Untracked 
|  50|0x00000000e3200000, 0x00000000e3200000, 0x00000000e3300000|  0%| F|  |TAMS 0x00000000e3200000| PB 0x00000000e3200000| Untracked 
|  51|0x00000000e3300000, 0x00000000e3300000, 0x00000000e3400000|  0%| F|  |TAMS 0x00000000e3300000| PB 0x00000000e3300000| Untracked 
|  52|0x00000000e3400000, 0x00000000e3400000, 0x00000000e3500000|  0%| F|  |TAMS 0x00000000e3400000| PB 0x00000000e3400000| Untracked 
|  53|0x00000000e3500000, 0x00000000e3500000, 0x00000000e3600000|  0%| F|  |TAMS 0x00000000e3500000| PB 0x00000000e3500000| Untracked 
|  54|0x00000000e3600000, 0x00000000e3600000, 0x00000000e3700000|  0%| F|  |TAMS 0x00000000e3600000| PB 0x00000000e3600000| Untracked 
|  55|0x00000000e3700000, 0x00000000e3700000, 0x00000000e3800000|  0%| F|  |TAMS 0x00000000e3700000| PB 0x00000000e3700000| Untracked 
|  56|0x00000000e3800000, 0x00000000e3800000, 0x00000000e3900000|  0%| F|  |TAMS 0x00000000e3800000| PB 0x00000000e3800000| Untracked 
|  57|0x00000000e3900000, 0x00000000e3900000, 0x00000000e3a00000|  0%| F|  |TAMS 0x00000000e3900000| PB 0x00000000e3900000| Untracked 
|  58|0x00000000e3a00000, 0x00000000e3a00000, 0x00000000e3b00000|  0%| F|  |TAMS 0x00000000e3a00000| PB 0x00000000e3a00000| Untracked 
|  59|0x00000000e3b00000, 0x00000000e3b00000, 0x00000000e3c00000|  0%| F|  |TAMS 0x00000000e3b00000| PB 0x00000000e3b00000| Untracked 
|  60|0x00000000e3c00000, 0x00000000e3c00000, 0x00000000e3d00000|  0%| F|  |TAMS 0x00000000e3c00000| PB 0x00000000e3c00000| Untracked 
|  61|0x00000000e3d00000, 0x00000000e3d00000, 0x00000000e3e00000|  0%| F|  |TAMS 0x00000000e3d00000| PB 0x00000000e3d00000| Untracked 
|  62|0x00000000e3e00000, 0x00000000e3e00000, 0x00000000e3f00000|  0%| F|  |TAMS 0x00000000e3e00000| PB 0x00000000e3e00000| Untracked 
|  63|0x00000000e3f00000, 0x00000000e3f00000, 0x00000000e4000000|  0%| F|  |TAMS 0x00000000e3f00000| PB 0x00000000e3f00000| Untracked 
|  64|0x00000000e4000000, 0x00000000e4000000, 0x00000000e4100000|  0%| F|  |TAMS 0x00000000e4000000| PB 0x00000000e4000000| Untracked 
|  65|0x00000000e4100000, 0x00000000e4100000, 0x00000000e4200000|  0%| F|  |TAMS 0x00000000e4100000| PB 0x00000000e4100000| Untracked 
|  66|0x00000000e4200000, 0x00000000e4200000, 0x00000000e4300000|  0%| F|  |TAMS 0x00000000e4200000| PB 0x00000000e4200000| Untracked 
|  67|0x00000000e4300000, 0x00000000e4300000, 0x00000000e4400000|  0%| F|  |TAMS 0x00000000e4300000| PB 0x00000000e4300000| Untracked 
|  68|0x00000000e4400000, 0x00000000e4400000, 0x00000000e4500000|  0%| F|  |TAMS 0x00000000e4400000| PB 0x00000000e4400000| Untracked 
|  69|0x00000000e4500000, 0x00000000e4500000, 0x00000000e4600000|  0%| F|  |TAMS 0x00000000e4500000| PB 0x00000000e4500000| Untracked 
|  70|0x00000000e4600000, 0x00000000e4600000, 0x00000000e4700000|  0%| F|  |TAMS 0x00000000e4600000| PB 0x00000000e4600000| Untracked 
|  71|0x00000000e4700000, 0x00000000e4700000, 0x00000000e4800000|  0%| F|  |TAMS 0x00000000e4700000| PB 0x00000000e4700000| Untracked 
|  72|0x00000000e4800000, 0x00000000e4800000, 0x00000000e4900000|  0%| F|  |TAMS 0x00000000e4800000| PB 0x00000000e4800000| Untracked 
|  73|0x00000000e4900000, 0x00000000e4900000, 0x00000000e4a00000|  0%| F|  |TAMS 0x00000000e4900000| PB 0x00000000e4900000| Untracked 
|  74|0x00000000e4a00000, 0x00000000e4a00000, 0x00000000e4b00000|  0%| F|  |TAMS 0x00000000e4a00000| PB 0x00000000e4a00000| Untracked 
|  75|0x00000000e4b00000, 0x00000000e4b00000, 0x00000000e4c00000|  0%| F|  |TAMS 0x00000000e4b00000| PB 0x00000000e4b00000| Untracked 
|  76|0x00000000e4c00000, 0x00000000e4c00000, 0x00000000e4d00000|  0%| F|  |TAMS 0x00000000e4c00000| PB 0x00000000e4c00000| Untracked 
|  77|0x00000000e4d00000, 0x00000000e4d00000, 0x00000000e4e00000|  0%| F|  |TAMS 0x00000000e4d00000| PB 0x00000000e4d00000| Untracked 
|  78|0x00000000e4e00000, 0x00000000e4e00000, 0x00000000e4f00000|  0%| F|  |TAMS 0x00000000e4e00000| PB 0x00000000e4e00000| Untracked 
|  79|0x00000000e4f00000, 0x00000000e4f00000, 0x00000000e5000000|  0%| F|  |TAMS 0x00000000e4f00000| PB 0x00000000e4f00000| Untracked 
|  80|0x00000000e5000000, 0x00000000e5000000, 0x00000000e5100000|  0%| F|  |TAMS 0x00000000e5000000| PB 0x00000000e5000000| Untracked 
|  81|0x00000000e5100000, 0x00000000e5100000, 0x00000000e5200000|  0%| F|  |TAMS 0x00000000e5100000| PB 0x00000000e5100000| Untracked 
|  82|0x00000000e5200000, 0x00000000e5200000, 0x00000000e5300000|  0%| F|  |TAMS 0x00000000e5200000| PB 0x00000000e5200000| Untracked 
|  83|0x00000000e5300000, 0x00000000e5300000, 0x00000000e5400000|  0%| F|  |TAMS 0x00000000e5300000| PB 0x00000000e5300000| Untracked 
|  84|0x00000000e5400000, 0x00000000e5400000, 0x00000000e5500000|  0%| F|  |TAMS 0x00000000e5400000| PB 0x00000000e5400000| Untracked 
|  85|0x00000000e5500000, 0x00000000e5500000, 0x00000000e5600000|  0%| F|  |TAMS 0x00000000e5500000| PB 0x00000000e5500000| Untracked 
|  86|0x00000000e5600000, 0x00000000e5600000, 0x00000000e5700000|  0%| F|  |TAMS 0x00000000e5600000| PB 0x00000000e5600000| Untracked 
|  87|0x00000000e5700000, 0x00000000e5700000, 0x00000000e5800000|  0%| F|  |TAMS 0x00000000e5700000| PB 0x00000000e5700000| Untracked 
|  88|0x00000000e5800000, 0x00000000e5800000, 0x00000000e5900000|  0%| F|  |TAMS 0x00000000e5800000| PB 0x00000000e5800000| Untracked 
|  89|0x00000000e5900000, 0x00000000e5900000, 0x00000000e5a00000|  0%| F|  |TAMS 0x00000000e5900000| PB 0x00000000e5900000| Untracked 
|  90|0x00000000e5a00000, 0x00000000e5a00000, 0x00000000e5b00000|  0%| F|  |TAMS 0x00000000e5a00000| PB 0x00000000e5a00000| Untracked 
|  91|0x00000000e5b00000, 0x00000000e5b00000, 0x00000000e5c00000|  0%| F|  |TAMS 0x00000000e5b00000| PB 0x00000000e5b00000| Untracked 
|  92|0x00000000e5c00000, 0x00000000e5c00000, 0x00000000e5d00000|  0%| F|  |TAMS 0x00000000e5c00000| PB 0x00000000e5c00000| Untracked 
|  93|0x00000000e5d00000, 0x00000000e5d00000, 0x00000000e5e00000|  0%| F|  |TAMS 0x00000000e5d00000| PB 0x00000000e5d00000| Untracked 
|  94|0x00000000e5e00000, 0x00000000e5e00000, 0x00000000e5f00000|  0%| F|  |TAMS 0x00000000e5e00000| PB 0x00000000e5e00000| Untracked 
|  95|0x00000000e5f00000, 0x00000000e5f00000, 0x00000000e6000000|  0%| F|  |TAMS 0x00000000e5f00000| PB 0x00000000e5f00000| Untracked 
|  96|0x00000000e6000000, 0x00000000e6000000, 0x00000000e6100000|  0%| F|  |TAMS 0x00000000e6000000| PB 0x00000000e6000000| Untracked 
|  97|0x00000000e6100000, 0x00000000e6100000, 0x00000000e6200000|  0%| F|  |TAMS 0x00000000e6100000| PB 0x00000000e6100000| Untracked 
|  98|0x00000000e6200000, 0x00000000e6200000, 0x00000000e6300000|  0%| F|  |TAMS 0x00000000e6200000| PB 0x00000000e6200000| Untracked 
|  99|0x00000000e6300000, 0x00000000e6300000, 0x00000000e6400000|  0%| F|  |TAMS 0x00000000e6300000| PB 0x00000000e6300000| Untracked 
| 100|0x00000000e6400000, 0x00000000e6400000, 0x00000000e6500000|  0%| F|  |TAMS 0x00000000e6400000| PB 0x00000000e6400000| Untracked 
| 101|0x00000000e6500000, 0x00000000e6500000, 0x00000000e6600000|  0%| F|  |TAMS 0x00000000e6500000| PB 0x00000000e6500000| Untracked 
| 102|0x00000000e6600000, 0x00000000e6600000, 0x00000000e6700000|  0%| F|  |TAMS 0x00000000e6600000| PB 0x00000000e6600000| Untracked 
| 103|0x00000000e6700000, 0x00000000e6700000, 0x00000000e6800000|  0%| F|  |TAMS 0x00000000e6700000| PB 0x00000000e6700000| Untracked 
| 104|0x00000000e6800000, 0x00000000e6800000, 0x00000000e6900000|  0%| F|  |TAMS 0x00000000e6800000| PB 0x00000000e6800000| Untracked 
| 105|0x00000000e6900000, 0x00000000e6900000, 0x00000000e6a00000|  0%| F|  |TAMS 0x00000000e6900000| PB 0x00000000e6900000| Untracked 
| 106|0x00000000e6a00000, 0x00000000e6a00000, 0x00000000e6b00000|  0%| F|  |TAMS 0x00000000e6a00000| PB 0x00000000e6a00000| Untracked 
| 107|0x00000000e6b00000, 0x00000000e6b00000, 0x00000000e6c00000|  0%| F|  |TAMS 0x00000000e6b00000| PB 0x00000000e6b00000| Untracked 
| 108|0x00000000e6c00000, 0x00000000e6c00000, 0x00000000e6d00000|  0%| F|  |TAMS 0x00000000e6c00000| PB 0x00000000e6c00000| Untracked 
| 109|0x00000000e6d00000, 0x00000000e6d00000, 0x00000000e6e00000|  0%| F|  |TAMS 0x00000000e6d00000| PB 0x00000000e6d00000| Untracked 
| 110|0x00000000e6e00000, 0x00000000e6e00000, 0x00000000e6f00000|  0%| F|  |TAMS 0x00000000e6e00000| PB 0x00000000e6e00000| Untracked 
| 111|0x00000000e6f00000, 0x00000000e6f00000, 0x00000000e7000000|  0%| F|  |TAMS 0x00000000e6f00000| PB 0x00000000e6f00000| Untracked 
| 112|0x00000000e7000000, 0x00000000e7000000, 0x00000000e7100000|  0%| F|  |TAMS 0x00000000e7000000| PB 0x00000000e7000000| Untracked 
| 113|0x00000000e7100000, 0x00000000e7100000, 0x00000000e7200000|  0%| F|  |TAMS 0x00000000e7100000| PB 0x00000000e7100000| Untracked 
| 114|0x00000000e7200000, 0x00000000e7200000, 0x00000000e7300000|  0%| F|  |TAMS 0x00000000e7200000| PB 0x00000000e7200000| Untracked 
| 115|0x00000000e7300000, 0x00000000e7300000, 0x00000000e7400000|  0%| F|  |TAMS 0x00000000e7300000| PB 0x00000000e7300000| Untracked 
| 116|0x00000000e7400000, 0x00000000e7400000, 0x00000000e7500000|  0%| F|  |TAMS 0x00000000e7400000| PB 0x00000000e7400000| Untracked 
| 117|0x00000000e7500000, 0x00000000e7500000, 0x00000000e7600000|  0%| F|  |TAMS 0x00000000e7500000| PB 0x00000000e7500000| Untracked 
| 118|0x00000000e7600000, 0x00000000e7600000, 0x00000000e7700000|  0%| F|  |TAMS 0x00000000e7600000| PB 0x00000000e7600000| Untracked 
| 119|0x00000000e7700000, 0x00000000e7700000, 0x00000000e7800000|  0%| F|  |TAMS 0x00000000e7700000| PB 0x00000000e7700000| Untracked 
| 120|0x00000000e7800000, 0x00000000e7800000, 0x00000000e7900000|  0%| F|  |TAMS 0x00000000e7800000| PB 0x00000000e7800000| Untracked 
| 121|0x00000000e7900000, 0x00000000e7900000, 0x00000000e7a00000|  0%| F|  |TAMS 0x00000000e7900000| PB 0x00000000e7900000| Untracked 
| 122|0x00000000e7a00000, 0x00000000e7a00000, 0x00000000e7b00000|  0%| F|  |TAMS 0x00000000e7a00000| PB 0x00000000e7a00000| Untracked 
| 123|0x00000000e7b00000, 0x00000000e7b00000, 0x00000000e7c00000|  0%| F|  |TAMS 0x00000000e7b00000| PB 0x00000000e7b00000| Untracked 
| 124|0x00000000e7c00000, 0x00000000e7c00000, 0x00000000e7d00000|  0%| F|  |TAMS 0x00000000e7c00000| PB 0x00000000e7c00000| Untracked 
| 125|0x00000000e7d00000, 0x00000000e7d00000, 0x00000000e7e00000|  0%| F|  |TAMS 0x00000000e7d00000| PB 0x00000000e7d00000| Untracked 
| 126|0x00000000e7e00000, 0x00000000e7e00000, 0x00000000e7f00000|  0%| F|  |TAMS 0x00000000e7e00000| PB 0x00000000e7e00000| Untracked 
| 127|0x00000000e7f00000, 0x00000000e7f00000, 0x00000000e8000000|  0%| F|  |TAMS 0x00000000e7f00000| PB 0x00000000e7f00000| Untracked 
| 128|0x00000000e8000000, 0x00000000e8000000, 0x00000000e8100000|  0%| F|  |TAMS 0x00000000e8000000| PB 0x00000000e8000000| Untracked 
| 129|0x00000000e8100000, 0x00000000e8100000, 0x00000000e8200000|  0%| F|  |TAMS 0x00000000e8100000| PB 0x00000000e8100000| Untracked 
| 130|0x00000000e8200000, 0x00000000e8200000, 0x00000000e8300000|  0%| F|  |TAMS 0x00000000e8200000| PB 0x00000000e8200000| Untracked 
| 131|0x00000000e8300000, 0x00000000e8300000, 0x00000000e8400000|  0%| F|  |TAMS 0x00000000e8300000| PB 0x00000000e8300000| Untracked 
| 132|0x00000000e8400000, 0x00000000e8400000, 0x00000000e8500000|  0%| F|  |TAMS 0x00000000e8400000| PB 0x00000000e8400000| Untracked 
| 133|0x00000000e8500000, 0x00000000e8500000, 0x00000000e8600000|  0%| F|  |TAMS 0x00000000e8500000| PB 0x00000000e8500000| Untracked 
| 134|0x00000000e8600000, 0x00000000e8600000, 0x00000000e8700000|  0%| F|  |TAMS 0x00000000e8600000| PB 0x00000000e8600000| Untracked 
| 135|0x00000000e8700000, 0x00000000e8700000, 0x00000000e8800000|  0%| F|  |TAMS 0x00000000e8700000| PB 0x00000000e8700000| Untracked 
| 136|0x00000000e8800000, 0x00000000e8800000, 0x00000000e8900000|  0%| F|  |TAMS 0x00000000e8800000| PB 0x00000000e8800000| Untracked 
| 137|0x00000000e8900000, 0x00000000e8900000, 0x00000000e8a00000|  0%| F|  |TAMS 0x00000000e8900000| PB 0x00000000e8900000| Untracked 
| 138|0x00000000e8a00000, 0x00000000e8a00000, 0x00000000e8b00000|  0%| F|  |TAMS 0x00000000e8a00000| PB 0x00000000e8a00000| Untracked 
| 139|0x00000000e8b00000, 0x00000000e8b00000, 0x00000000e8c00000|  0%| F|  |TAMS 0x00000000e8b00000| PB 0x00000000e8b00000| Untracked 
| 140|0x00000000e8c00000, 0x00000000e8c00000, 0x00000000e8d00000|  0%| F|  |TAMS 0x00000000e8c00000| PB 0x00000000e8c00000| Untracked 
| 141|0x00000000e8d00000, 0x00000000e8d00000, 0x00000000e8e00000|  0%| F|  |TAMS 0x00000000e8d00000| PB 0x00000000e8d00000| Untracked 
| 142|0x00000000e8e00000, 0x00000000e8e00000, 0x00000000e8f00000|  0%| F|  |TAMS 0x00000000e8e00000| PB 0x00000000e8e00000| Untracked 
| 143|0x00000000e8f00000, 0x00000000e8f00000, 0x00000000e9000000|  0%| F|  |TAMS 0x00000000e8f00000| PB 0x00000000e8f00000| Untracked 
| 144|0x00000000e9000000, 0x00000000e9000000, 0x00000000e9100000|  0%| F|  |TAMS 0x00000000e9000000| PB 0x00000000e9000000| Untracked 
| 145|0x00000000e9100000, 0x00000000e9100000, 0x00000000e9200000|  0%| F|  |TAMS 0x00000000e9100000| PB 0x00000000e9100000| Untracked 
| 146|0x00000000e9200000, 0x00000000e9200000, 0x00000000e9300000|  0%| F|  |TAMS 0x00000000e9200000| PB 0x00000000e9200000| Untracked 
| 147|0x00000000e9300000, 0x00000000e9300000, 0x00000000e9400000|  0%| F|  |TAMS 0x00000000e9300000| PB 0x00000000e9300000| Untracked 
| 148|0x00000000e9400000, 0x00000000e9400000, 0x00000000e9500000|  0%| F|  |TAMS 0x00000000e9400000| PB 0x00000000e9400000| Untracked 
| 149|0x00000000e9500000, 0x00000000e9500000, 0x00000000e9600000|  0%| F|  |TAMS 0x00000000e9500000| PB 0x00000000e9500000| Untracked 
| 150|0x00000000e9600000, 0x00000000e9600000, 0x00000000e9700000|  0%| F|  |TAMS 0x00000000e9600000| PB 0x00000000e9600000| Untracked 
| 151|0x00000000e9700000, 0x00000000e9700000, 0x00000000e9800000|  0%| F|  |TAMS 0x00000000e9700000| PB 0x00000000e9700000| Untracked 
| 152|0x00000000e9800000, 0x00000000e9800000, 0x00000000e9900000|  0%| F|  |TAMS 0x00000000e9800000| PB 0x00000000e9800000| Untracked 
| 153|0x00000000e9900000, 0x00000000e9900000, 0x00000000e9a00000|  0%| F|  |TAMS 0x00000000e9900000| PB 0x00000000e9900000| Untracked 
| 154|0x00000000e9a00000, 0x00000000e9a00000, 0x00000000e9b00000|  0%| F|  |TAMS 0x00000000e9a00000| PB 0x00000000e9a00000| Untracked 
| 155|0x00000000e9b00000, 0x00000000e9b00000, 0x00000000e9c00000|  0%| F|  |TAMS 0x00000000e9b00000| PB 0x00000000e9b00000| Untracked 
| 156|0x00000000e9c00000, 0x00000000e9c00000, 0x00000000e9d00000|  0%| F|  |TAMS 0x00000000e9c00000| PB 0x00000000e9c00000| Untracked 
| 157|0x00000000e9d00000, 0x00000000e9d00000, 0x00000000e9e00000|  0%| F|  |TAMS 0x00000000e9d00000| PB 0x00000000e9d00000| Untracked 
| 158|0x00000000e9e00000, 0x00000000e9e00000, 0x00000000e9f00000|  0%| F|  |TAMS 0x00000000e9e00000| PB 0x00000000e9e00000| Untracked 
| 159|0x00000000e9f00000, 0x00000000e9f00000, 0x00000000ea000000|  0%| F|  |TAMS 0x00000000e9f00000| PB 0x00000000e9f00000| Untracked 
| 160|0x00000000ea000000, 0x00000000ea000000, 0x00000000ea100000|  0%| F|  |TAMS 0x00000000ea000000| PB 0x00000000ea000000| Untracked 
| 161|0x00000000ea100000, 0x00000000ea100000, 0x00000000ea200000|  0%| F|  |TAMS 0x00000000ea100000| PB 0x00000000ea100000| Untracked 
| 162|0x00000000ea200000, 0x00000000ea200000, 0x00000000ea300000|  0%| F|  |TAMS 0x00000000ea200000| PB 0x00000000ea200000| Untracked 
| 163|0x00000000ea300000, 0x00000000ea300000, 0x00000000ea400000|  0%| F|  |TAMS 0x00000000ea300000| PB 0x00000000ea300000| Untracked 
| 164|0x00000000ea400000, 0x00000000ea480000, 0x00000000ea500000| 50%| E|  |TAMS 0x00000000ea400000| PB 0x00000000ea400000| Complete 
| 165|0x00000000ea500000, 0x00000000ea600000, 0x00000000ea600000|100%| E|CS|TAMS 0x00000000ea500000| PB 0x00000000ea500000| Complete 
| 166|0x00000000ea600000, 0x00000000ea700000, 0x00000000ea700000|100%| E|CS|TAMS 0x00000000ea600000| PB 0x00000000ea600000| Complete 
| 167|0x00000000ea700000, 0x00000000ea800000, 0x00000000ea800000|100%| E|CS|TAMS 0x00000000ea700000| PB 0x00000000ea700000| Complete 
| 168|0x00000000ea800000, 0x00000000ea900000, 0x00000000ea900000|100%| E|CS|TAMS 0x00000000ea800000| PB 0x00000000ea800000| Complete 
| 169|0x00000000ea900000, 0x00000000eaa00000, 0x00000000eaa00000|100%| E|CS|TAMS 0x00000000ea900000| PB 0x00000000ea900000| Complete 
| 170|0x00000000eaa00000, 0x00000000eab00000, 0x00000000eab00000|100%| E|CS|TAMS 0x00000000eaa00000| PB 0x00000000eaa00000| Complete 
| 171|0x00000000eab00000, 0x00000000eac00000, 0x00000000eac00000|100%| E|CS|TAMS 0x00000000eab00000| PB 0x00000000eab00000| Complete 
| 172|0x00000000eac00000, 0x00000000ead00000, 0x00000000ead00000|100%| E|CS|TAMS 0x00000000eac00000| PB 0x00000000eac00000| Complete 
| 173|0x00000000ead00000, 0x00000000eae00000, 0x00000000eae00000|100%| E|CS|TAMS 0x00000000ead00000| PB 0x00000000ead00000| Complete 
| 174|0x00000000eae00000, 0x00000000eaf00000, 0x00000000eaf00000|100%| E|CS|TAMS 0x00000000eae00000| PB 0x00000000eae00000| Complete 
| 175|0x00000000eaf00000, 0x00000000eb000000, 0x00000000eb000000|100%| E|CS|TAMS 0x00000000eaf00000| PB 0x00000000eaf00000| Complete 
| 176|0x00000000eb000000, 0x00000000eb100000, 0x00000000eb100000|100%| E|CS|TAMS 0x00000000eb000000| PB 0x00000000eb000000| Complete 
| 177|0x00000000eb100000, 0x00000000eb200000, 0x00000000eb200000|100%| E|CS|TAMS 0x00000000eb100000| PB 0x00000000eb100000| Complete 
| 178|0x00000000eb200000, 0x00000000eb300000, 0x00000000eb300000|100%| E|CS|TAMS 0x00000000eb200000| PB 0x00000000eb200000| Complete 
| 179|0x00000000eb300000, 0x00000000eb400000, 0x00000000eb400000|100%| E|CS|TAMS 0x00000000eb300000| PB 0x00000000eb300000| Complete 
| 180|0x00000000eb400000, 0x00000000eb500000, 0x00000000eb500000|100%| E|CS|TAMS 0x00000000eb400000| PB 0x00000000eb400000| Complete 
| 181|0x00000000eb500000, 0x00000000eb600000, 0x00000000eb600000|100%| E|CS|TAMS 0x00000000eb500000| PB 0x00000000eb500000| Complete 
| 182|0x00000000eb600000, 0x00000000eb700000, 0x00000000eb700000|100%| E|CS|TAMS 0x00000000eb600000| PB 0x00000000eb600000| Complete 
| 183|0x00000000eb700000, 0x00000000eb800000, 0x00000000eb800000|100%| E|CS|TAMS 0x00000000eb700000| PB 0x00000000eb700000| Complete 
| 184|0x00000000eb800000, 0x00000000eb900000, 0x00000000eb900000|100%| E|CS|TAMS 0x00000000eb800000| PB 0x00000000eb800000| Complete 
| 185|0x00000000eb900000, 0x00000000eba00000, 0x00000000eba00000|100%| E|CS|TAMS 0x00000000eb900000| PB 0x00000000eb900000| Complete 
| 186|0x00000000eba00000, 0x00000000ebb00000, 0x00000000ebb00000|100%| E|CS|TAMS 0x00000000eba00000| PB 0x00000000eba00000| Complete 
| 187|0x00000000ebb00000, 0x00000000ebc00000, 0x00000000ebc00000|100%| E|CS|TAMS 0x00000000ebb00000| PB 0x00000000ebb00000| Complete 
| 188|0x00000000ebc00000, 0x00000000ebd00000, 0x00000000ebd00000|100%| E|CS|TAMS 0x00000000ebc00000| PB 0x00000000ebc00000| Complete 
| 189|0x00000000ebd00000, 0x00000000ebe00000, 0x00000000ebe00000|100%| E|CS|TAMS 0x00000000ebd00000| PB 0x00000000ebd00000| Complete 
| 190|0x00000000ebe00000, 0x00000000ebf00000, 0x00000000ebf00000|100%| E|CS|TAMS 0x00000000ebe00000| PB 0x00000000ebe00000| Complete 
| 191|0x00000000ebf00000, 0x00000000ec000000, 0x00000000ec000000|100%| E|CS|TAMS 0x00000000ebf00000| PB 0x00000000ebf00000| Complete 
| 192|0x00000000ec000000, 0x00000000ec100000, 0x00000000ec100000|100%| E|CS|TAMS 0x00000000ec000000| PB 0x00000000ec000000| Complete 
| 193|0x00000000ec100000, 0x00000000ec200000, 0x00000000ec200000|100%| E|CS|TAMS 0x00000000ec100000| PB 0x00000000ec100000| Complete 
| 194|0x00000000ec200000, 0x00000000ec300000, 0x00000000ec300000|100%| E|CS|TAMS 0x00000000ec200000| PB 0x00000000ec200000| Complete 
| 195|0x00000000ec300000, 0x00000000ec400000, 0x00000000ec400000|100%| E|CS|TAMS 0x00000000ec300000| PB 0x00000000ec300000| Complete 
| 196|0x00000000ec400000, 0x00000000ec500000, 0x00000000ec500000|100%| E|CS|TAMS 0x00000000ec400000| PB 0x00000000ec400000| Complete 
| 197|0x00000000ec500000, 0x00000000ec600000, 0x00000000ec600000|100%| E|CS|TAMS 0x00000000ec500000| PB 0x00000000ec500000| Complete 
| 198|0x00000000ec600000, 0x00000000ec700000, 0x00000000ec700000|100%| E|CS|TAMS 0x00000000ec600000| PB 0x00000000ec600000| Complete 
| 199|0x00000000ec700000, 0x00000000ec800000, 0x00000000ec800000|100%| E|CS|TAMS 0x00000000ec700000| PB 0x00000000ec700000| Complete 
| 200|0x00000000ec800000, 0x00000000ec900000, 0x00000000ec900000|100%| E|CS|TAMS 0x00000000ec800000| PB 0x00000000ec800000| Complete 
| 201|0x00000000ec900000, 0x00000000eca00000, 0x00000000eca00000|100%| E|CS|TAMS 0x00000000ec900000| PB 0x00000000ec900000| Complete 
| 202|0x00000000eca00000, 0x00000000ecb00000, 0x00000000ecb00000|100%| E|CS|TAMS 0x00000000eca00000| PB 0x00000000eca00000| Complete 
| 203|0x00000000ecb00000, 0x00000000ecc00000, 0x00000000ecc00000|100%| E|CS|TAMS 0x00000000ecb00000| PB 0x00000000ecb00000| Complete 
| 204|0x00000000ecc00000, 0x00000000ecd00000, 0x00000000ecd00000|100%| E|CS|TAMS 0x00000000ecc00000| PB 0x00000000ecc00000| Complete 
| 205|0x00000000ecd00000, 0x00000000ece00000, 0x00000000ece00000|100%| E|CS|TAMS 0x00000000ecd00000| PB 0x00000000ecd00000| Complete 
| 206|0x00000000ece00000, 0x00000000ecf00000, 0x00000000ecf00000|100%| E|CS|TAMS 0x00000000ece00000| PB 0x00000000ece00000| Complete 
| 207|0x00000000ecf00000, 0x00000000ed000000, 0x00000000ed000000|100%| E|CS|TAMS 0x00000000ecf00000| PB 0x00000000ecf00000| Complete 
| 208|0x00000000ed000000, 0x00000000ed100000, 0x00000000ed100000|100%| E|CS|TAMS 0x00000000ed000000| PB 0x00000000ed000000| Complete 
| 209|0x00000000ed100000, 0x00000000ed200000, 0x00000000ed200000|100%| E|CS|TAMS 0x00000000ed100000| PB 0x00000000ed100000| Complete 
| 210|0x00000000ed200000, 0x00000000ed300000, 0x00000000ed300000|100%| E|CS|TAMS 0x00000000ed200000| PB 0x00000000ed200000| Complete 
| 211|0x00000000ed300000, 0x00000000ed400000, 0x00000000ed400000|100%| E|CS|TAMS 0x00000000ed300000| PB 0x00000000ed300000| Complete 
| 212|0x00000000ed400000, 0x00000000ed500000, 0x00000000ed500000|100%| E|CS|TAMS 0x00000000ed400000| PB 0x00000000ed400000| Complete 
| 213|0x00000000ed500000, 0x00000000ed600000, 0x00000000ed600000|100%| E|CS|TAMS 0x00000000ed500000| PB 0x00000000ed500000| Complete 
| 214|0x00000000ed600000, 0x00000000ed700000, 0x00000000ed700000|100%| E|CS|TAMS 0x00000000ed600000| PB 0x00000000ed600000| Complete 
| 215|0x00000000ed700000, 0x00000000ed800000, 0x00000000ed800000|100%| E|CS|TAMS 0x00000000ed700000| PB 0x00000000ed700000| Complete 
| 216|0x00000000ed800000, 0x00000000ed900000, 0x00000000ed900000|100%| E|CS|TAMS 0x00000000ed800000| PB 0x00000000ed800000| Complete 
| 217|0x00000000ed900000, 0x00000000eda00000, 0x00000000eda00000|100%| E|CS|TAMS 0x00000000ed900000| PB 0x00000000ed900000| Complete 
| 218|0x00000000eda00000, 0x00000000edb00000, 0x00000000edb00000|100%| E|CS|TAMS 0x00000000eda00000| PB 0x00000000eda00000| Complete 
| 219|0x00000000edb00000, 0x00000000edc00000, 0x00000000edc00000|100%| E|CS|TAMS 0x00000000edb00000| PB 0x00000000edb00000| Complete 
| 220|0x00000000edc00000, 0x00000000edd00000, 0x00000000edd00000|100%| E|CS|TAMS 0x00000000edc00000| PB 0x00000000edc00000| Complete 
| 221|0x00000000edd00000, 0x00000000ede00000, 0x00000000ede00000|100%| E|CS|TAMS 0x00000000edd00000| PB 0x00000000edd00000| Complete 
| 222|0x00000000ede00000, 0x00000000edf00000, 0x00000000edf00000|100%| E|CS|TAMS 0x00000000ede00000| PB 0x00000000ede00000| Complete 
| 223|0x00000000edf00000, 0x00000000ee000000, 0x00000000ee000000|100%| E|CS|TAMS 0x00000000edf00000| PB 0x00000000edf00000| Complete 
| 224|0x00000000ee000000, 0x00000000ee100000, 0x00000000ee100000|100%| E|CS|TAMS 0x00000000ee000000| PB 0x00000000ee000000| Complete 
| 225|0x00000000ee100000, 0x00000000ee200000, 0x00000000ee200000|100%| E|CS|TAMS 0x00000000ee100000| PB 0x00000000ee100000| Complete 
| 226|0x00000000ee200000, 0x00000000ee300000, 0x00000000ee300000|100%| E|CS|TAMS 0x00000000ee200000| PB 0x00000000ee200000| Complete 
| 227|0x00000000ee300000, 0x00000000ee400000, 0x00000000ee400000|100%| E|CS|TAMS 0x00000000ee300000| PB 0x00000000ee300000| Complete 
| 228|0x00000000ee400000, 0x00000000ee500000, 0x00000000ee500000|100%| E|CS|TAMS 0x00000000ee400000| PB 0x00000000ee400000| Complete 
| 229|0x00000000ee500000, 0x00000000ee600000, 0x00000000ee600000|100%| E|CS|TAMS 0x00000000ee500000| PB 0x00000000ee500000| Complete 
| 230|0x00000000ee600000, 0x00000000ee700000, 0x00000000ee700000|100%| E|CS|TAMS 0x00000000ee600000| PB 0x00000000ee600000| Complete 
| 231|0x00000000ee700000, 0x00000000ee800000, 0x00000000ee800000|100%| E|CS|TAMS 0x00000000ee700000| PB 0x00000000ee700000| Complete 
| 232|0x00000000ee800000, 0x00000000ee900000, 0x00000000ee900000|100%| E|CS|TAMS 0x00000000ee800000| PB 0x00000000ee800000| Complete 
| 233|0x00000000ee900000, 0x00000000eea00000, 0x00000000eea00000|100%| E|CS|TAMS 0x00000000ee900000| PB 0x00000000ee900000| Complete 
| 234|0x00000000eea00000, 0x00000000eeb00000, 0x00000000eeb00000|100%| E|CS|TAMS 0x00000000eea00000| PB 0x00000000eea00000| Complete 
| 235|0x00000000eeb00000, 0x00000000eec00000, 0x00000000eec00000|100%| E|CS|TAMS 0x00000000eeb00000| PB 0x00000000eeb00000| Complete 
| 236|0x00000000eec00000, 0x00000000eed00000, 0x00000000eed00000|100%| E|CS|TAMS 0x00000000eec00000| PB 0x00000000eec00000| Complete 
| 237|0x00000000eed00000, 0x00000000eee00000, 0x00000000eee00000|100%| E|CS|TAMS 0x00000000eed00000| PB 0x00000000eed00000| Complete 
| 238|0x00000000eee00000, 0x00000000eef00000, 0x00000000eef00000|100%| E|CS|TAMS 0x00000000eee00000| PB 0x00000000eee00000| Complete 
| 239|0x00000000eef00000, 0x00000000ef000000, 0x00000000ef000000|100%| E|CS|TAMS 0x00000000eef00000| PB 0x00000000eef00000| Complete 
| 240|0x00000000ef000000, 0x00000000ef100000, 0x00000000ef100000|100%| E|CS|TAMS 0x00000000ef000000| PB 0x00000000ef000000| Complete 
| 241|0x00000000ef100000, 0x00000000ef200000, 0x00000000ef200000|100%| E|CS|TAMS 0x00000000ef100000| PB 0x00000000ef100000| Complete 
| 242|0x00000000ef200000, 0x00000000ef300000, 0x00000000ef300000|100%| E|CS|TAMS 0x00000000ef200000| PB 0x00000000ef200000| Complete 
| 243|0x00000000ef300000, 0x00000000ef400000, 0x00000000ef400000|100%| E|CS|TAMS 0x00000000ef300000| PB 0x00000000ef300000| Complete 
| 244|0x00000000ef400000, 0x00000000ef500000, 0x00000000ef500000|100%| E|CS|TAMS 0x00000000ef400000| PB 0x00000000ef400000| Complete 
| 245|0x00000000ef500000, 0x00000000ef600000, 0x00000000ef600000|100%| E|CS|TAMS 0x00000000ef500000| PB 0x00000000ef500000| Complete 
| 246|0x00000000ef600000, 0x00000000ef700000, 0x00000000ef700000|100%| E|CS|TAMS 0x00000000ef600000| PB 0x00000000ef600000| Complete 
| 247|0x00000000ef700000, 0x00000000ef800000, 0x00000000ef800000|100%| E|CS|TAMS 0x00000000ef700000| PB 0x00000000ef700000| Complete 
| 248|0x00000000ef800000, 0x00000000ef900000, 0x00000000ef900000|100%| E|CS|TAMS 0x00000000ef800000| PB 0x00000000ef800000| Complete 
| 249|0x00000000ef900000, 0x00000000efa00000, 0x00000000efa00000|100%| E|CS|TAMS 0x00000000ef900000| PB 0x00000000ef900000| Complete 
| 250|0x00000000efa00000, 0x00000000efb00000, 0x00000000efb00000|100%| E|CS|TAMS 0x00000000efa00000| PB 0x00000000efa00000| Complete 
| 251|0x00000000efb00000, 0x00000000efc00000, 0x00000000efc00000|100%| E|CS|TAMS 0x00000000efb00000| PB 0x00000000efb00000| Complete 
| 252|0x00000000efc00000, 0x00000000efcb5f38, 0x00000000efd00000| 71%| S|CS|TAMS 0x00000000efc00000| PB 0x00000000efc00000| Complete 
| 253|0x00000000efd00000, 0x00000000efe00000, 0x00000000efe00000|100%| E|CS|TAMS 0x00000000efd00000| PB 0x00000000efd00000| Complete 
| 254|0x00000000efe00000, 0x00000000eff00000, 0x00000000eff00000|100%| E|CS|TAMS 0x00000000efe00000| PB 0x00000000efe00000| Complete 
| 255|0x00000000eff00000, 0x00000000f0000000, 0x00000000f0000000|100%| E|CS|TAMS 0x00000000eff00000| PB 0x00000000eff00000| Complete 

Card table byte_map: [0x00000264e5210000,0x00000264e5310000] _byte_map_base: 0x00000264e4b10000

Marking Bits: (CMBitMap*) 0x00000264cd758dd0
 Bits: [0x00000264e5310000, 0x00000264e5b10000)

Polling page: 0x00000264cb8b0000

Metaspace:

Usage:
  Non-class:     38.85 MB used.
      Class:      6.30 MB used.
       Both:     45.15 MB used.

Virtual space:
  Non-class space:       64.00 MB reserved,      39.69 MB ( 62%) committed,  1 nodes.
      Class space:      320.00 MB reserved,       7.06 MB (  2%) committed,  1 nodes.
             Both:      384.00 MB reserved,      46.75 MB ( 12%) committed. 

Chunk freelists:
   Non-Class:  7.98 MB
       Class:  8.88 MB
        Both:  16.87 MB

MaxMetaspaceSize: 384.00 MB
CompressedClassSpaceSize: 320.00 MB
Initial GC threshold: 21.00 MB
Current GC threshold: 59.94 MB
CDS: on
 - commit_granule_bytes: 65536.
 - commit_granule_words: 8192.
 - virtual_space_node_default_size: 8388608.
 - enlarge_chunks_in_place: 1.
 - use_allocation_guard: 0.


Internal statistics:

num_allocs_failed_limit: 12.
num_arena_births: 2892.
num_arena_deaths: 0.
num_vsnodes_births: 2.
num_vsnodes_deaths: 0.
num_space_committed: 748.
num_space_uncommitted: 0.
num_chunks_returned_to_freelist: 12.
num_chunks_taken_from_freelist: 5055.
num_chunk_merges: 12.
num_chunk_splits: 3292.
num_chunks_enlarged: 2014.
num_inconsistent_stats: 0.

CodeHeap 'non-profiled nmethods': size=120000Kb used=3003Kb max_used=3003Kb free=116996Kb
 bounds [0x00000264dd690000, 0x00000264dd980000, 0x00000264e4bc0000]
CodeHeap 'profiled nmethods': size=120000Kb used=9650Kb max_used=9650Kb free=110349Kb
 bounds [0x00000264d5bc0000, 0x00000264d6530000, 0x00000264dd0f0000]
CodeHeap 'non-nmethods': size=5760Kb used=2711Kb max_used=2727Kb free=3048Kb
 bounds [0x00000264dd0f0000, 0x00000264dd3a0000, 0x00000264dd690000]
 total_blobs=5777 nmethods=4929 adapters=752
 compilation: enabled
              stopped_count=0, restarted_count=0
 full_count=0

Compilation events (20 events):
Event: 295.045 Thread 0x00000264e88eb120 5464       3       org.objectweb.asm.Handle::hashCode (43 bytes)
Event: 295.045 Thread 0x00000264e88eb120 nmethod 5464 0x00000264d6527b10 code [0x00000264d6527ce0, 0x00000264d6527f18]
Event: 295.159 Thread 0x00000264e88eb120 5465       3       org.gradle.internal.instantiation.generator.AsmBackedClassGenerator$ClassBuilderImpl$$Lambda/0x00000264ea1efd40::emit (37 bytes)
Event: 295.159 Thread 0x00000264e88eb120 nmethod 5465 0x00000264d6528090 code [0x00000264d6528240, 0x00000264d65283c0]
Event: 295.159 Thread 0x00000264e88eb120 5466       3       org.gradle.internal.instantiation.generator.AsmBackedClassGenerator$ClassBuilderImpl::lambda$applyConventionMappingToGetter$36 (23 bytes)
Event: 295.159 Thread 0x00000264e88eb120 nmethod 5466 0x00000264d6528490 code [0x00000264d6528640, 0x00000264d6528850]
Event: 295.159 Thread 0x00000264e88eb120 5467       3       org.gradle.internal.instantiation.generator.AsmBackedClassGenerator$ClassBuilderImpl::access$4000 (4 bytes)
Event: 295.160 Thread 0x00000264e88eb120 nmethod 5467 0x00000264d5e01990 code [0x00000264d5e01b20, 0x00000264d5e01c18]
Event: 295.372 Thread 0x00000264e88eb120 5470       3       java.lang.invoke.InvokerBytecodeGenerator::addMethod (725 bytes)
Event: 295.377 Thread 0x00000264e88eb120 nmethod 5470 0x00000264d6528990 code [0x00000264d6528f00, 0x00000264d652b2d0]
Event: 295.420 Thread 0x00000264e88eb120 5471       3       java.lang.invoke.DirectMethodHandle$Special::<init> (16 bytes)
Event: 295.421 Thread 0x00000264e88eb120 nmethod 5471 0x00000264d652bf10 code [0x00000264d652c0c0, 0x00000264d652c260]
Event: 295.454 Thread 0x00000264e88eb120 5472       3       java.util.concurrent.locks.AbstractQueuedSynchronizer::acquire (20 bytes)
Event: 295.455 Thread 0x00000264e88eb120 nmethod 5472 0x00000264d652c310 code [0x00000264d652c4e0, 0x00000264d652c758]
Event: 295.586 Thread 0x00000264e88eb120 5473       1       com.google.common.collect.LinkedHashMultimap$ValueSet::setSuccessorInValueSet (6 bytes)
Event: 295.586 Thread 0x00000264e88eb120 nmethod 5473 0x00000264dd97e910 code [0x00000264dd97eaa0, 0x00000264dd97ebb0]
Event: 295.589 Thread 0x00000264e88eb120 5474       3       com.google.common.collect.AbstractMapBasedMultimap$WrappedCollection$WrappedIterator::hasNext (14 bytes)
Event: 295.590 Thread 0x00000264e88eb120 nmethod 5474 0x00000264d652c810 code [0x00000264d652ca00, 0x00000264d652ce38]
Event: 295.626 Thread 0x00000264e88eb120 5475       1       sun.reflect.generics.tree.MethodTypeSignature::getParameterTypes (5 bytes)
Event: 295.626 Thread 0x00000264e88eb120 nmethod 5475 0x00000264dd97ec10 code [0x00000264dd97eda0, 0x00000264dd97ee68]

GC Heap History (14 events):
Event: 1.459 GC heap before
{Heap before GC invocations=0 (full 0):
 garbage-first heap   total 262144K, used 22528K [0x00000000e0000000, 0x0000000100000000)
  region size 1024K, 23 young (23552K), 0 survivors (0K)
 Metaspace       used 923K, committed 1088K, reserved 393216K
  class space    used 70K, committed 128K, reserved 327680K
}
Event: 1.595 GC heap after
{Heap after GC invocations=1 (full 0):
 garbage-first heap   total 262144K, used 1663K [0x00000000e0000000, 0x0000000100000000)
  region size 1024K, 2 young (2048K), 2 survivors (2048K)
 Metaspace       used 923K, committed 1088K, reserved 393216K
  class space    used 70K, committed 128K, reserved 327680K
}
Event: 52.361 GC heap before
{Heap before GC invocations=1 (full 0):
 garbage-first heap   total 262144K, used 40575K [0x00000000e0000000, 0x0000000100000000)
  region size 1024K, 38 young (38912K), 2 survivors (2048K)
 Metaspace       used 4422K, committed 4608K, reserved 393216K
  class space    used 542K, committed 640K, reserved 327680K
}
Event: 52.482 GC heap after
{Heap after GC invocations=2 (full 0):
 garbage-first heap   total 262144K, used 10991K [0x00000000e0000000, 0x0000000100000000)
  region size 1024K, 5 young (5120K), 5 survivors (5120K)
 Metaspace       used 4422K, committed 4608K, reserved 393216K
  class space    used 542K, committed 640K, reserved 327680K
}
Event: 105.999 GC heap before
{Heap before GC invocations=2 (full 0):
 garbage-first heap   total 262144K, used 50927K [0x00000000e0000000, 0x0000000100000000)
  region size 1024K, 42 young (43008K), 5 survivors (5120K)
 Metaspace       used 4493K, committed 4672K, reserved 393216K
  class space    used 542K, committed 640K, reserved 327680K
}
Event: 106.017 GC heap after
{Heap after GC invocations=3 (full 0):
 garbage-first heap   total 262144K, used 16715K [0x00000000e0000000, 0x0000000100000000)
  region size 1024K, 5 young (5120K), 5 survivors (5120K)
 Metaspace       used 4493K, committed 4672K, reserved 393216K
  class space    used 542K, committed 640K, reserved 327680K
}
Event: 203.443 GC heap before
{Heap before GC invocations=3 (full 0):
 garbage-first heap   total 262144K, used 126283K [0x00000000e0000000, 0x0000000100000000)
  region size 1024K, 113 young (115712K), 5 survivors (5120K)
 Metaspace       used 20875K, committed 21504K, reserved 393216K
  class space    used 2926K, committed 3264K, reserved 327680K
}
Event: 203.632 GC heap after
{Heap after GC invocations=4 (full 0):
 garbage-first heap   total 262144K, used 24509K [0x00000000e0000000, 0x0000000100000000)
  region size 1024K, 12 young (12288K), 12 survivors (12288K)
 Metaspace       used 20875K, committed 21504K, reserved 393216K
  class space    used 2926K, committed 3264K, reserved 327680K
}
Event: 237.148 GC heap before
{Heap before GC invocations=5 (full 0):
 garbage-first heap   total 262144K, used 128957K [0x00000000e0000000, 0x0000000100000000)
  region size 1024K, 114 young (116736K), 12 survivors (12288K)
 Metaspace       used 35053K, committed 36096K, reserved 393216K
  class space    used 4701K, committed 5248K, reserved 327680K
}
Event: 237.289 GC heap after
{Heap after GC invocations=6 (full 0):
 garbage-first heap   total 262144K, used 32366K [0x00000000e0000000, 0x0000000100000000)
  region size 1024K, 16 young (16384K), 16 survivors (16384K)
 Metaspace       used 35053K, committed 36096K, reserved 393216K
  class space    used 4701K, committed 5248K, reserved 327680K
}
Event: 243.485 GC heap before
{Heap before GC invocations=6 (full 0):
 garbage-first heap   total 262144K, used 60014K [0x00000000e0000000, 0x0000000100000000)
  region size 1024K, 44 young (45056K), 16 survivors (16384K)
 Metaspace       used 35425K, committed 36416K, reserved 393216K
  class space    used 4758K, committed 5248K, reserved 327680K
}
Event: 243.508 GC heap after
{Heap after GC invocations=7 (full 0):
 garbage-first heap   total 262144K, used 33674K [0x00000000e0000000, 0x0000000100000000)
  region size 1024K, 3 young (3072K), 3 survivors (3072K)
 Metaspace       used 35425K, committed 36416K, reserved 393216K
  class space    used 4758K, committed 5248K, reserved 327680K
}
Event: 244.598 GC heap before
{Heap before GC invocations=7 (full 0):
 garbage-first heap   total 262144K, used 35722K [0x00000000e0000000, 0x0000000100000000)
  region size 1024K, 6 young (6144K), 3 survivors (3072K)
 Metaspace       used 35766K, committed 36736K, reserved 393216K
  class space    used 4817K, committed 5312K, reserved 327680K
}
Event: 244.603 GC heap after
{Heap after GC invocations=8 (full 0):
 garbage-first heap   total 262144K, used 32106K [0x00000000e0000000, 0x0000000100000000)
  region size 1024K, 1 young (1024K), 1 survivors (1024K)
 Metaspace       used 35766K, committed 36736K, reserved 393216K
  class space    used 4817K, committed 5312K, reserved 327680K
}

Dll operation events (15 events):
Event: 0.031 Loaded shared library C:\Program Files\Java\jdk-21_windows-x64_bin\jdk-21.0.10\bin\java.dll
Event: 0.258 Loaded shared library C:\Program Files\Java\jdk-21_windows-x64_bin\jdk-21.0.10\bin\jsvml.dll
Event: 0.287 Loaded shared library C:\Program Files\Java\jdk-21_windows-x64_bin\jdk-21.0.10\bin\zip.dll
Event: 0.297 Loaded shared library C:\Program Files\Java\jdk-21_windows-x64_bin\jdk-21.0.10\bin\instrument.dll
Event: 0.316 Loaded shared library C:\Program Files\Java\jdk-21_windows-x64_bin\jdk-21.0.10\bin\net.dll
Event: 0.321 Loaded shared library C:\Program Files\Java\jdk-21_windows-x64_bin\jdk-21.0.10\bin\nio.dll
Event: 0.342 Loaded shared library C:\Program Files\Java\jdk-21_windows-x64_bin\jdk-21.0.10\bin\zip.dll
Event: 1.399 Loaded shared library C:\Program Files\Java\jdk-21_windows-x64_bin\jdk-21.0.10\bin\jimage.dll
Event: 1.887 Loaded shared library C:\Program Files\Java\jdk-21_windows-x64_bin\jdk-21.0.10\bin\verify.dll
Event: 2.231 Loaded shared library C:\Users\vongo\.gradle\native\1def1411415f61bf3af743bc5b6707747c0891f09f0c88961ee8f79bc544acac\windows-amd64\native-platform.dll
Event: 2.256 Loaded shared library C:\Users\vongo\.gradle\native\0.2.7\x86_64-windows-gnu\gradle-fileevents.dll
Event: 126.584 Loaded shared library C:\Program Files\Java\jdk-21_windows-x64_bin\jdk-21.0.10\bin\management.dll
Event: 126.671 Loaded shared library C:\Program Files\Java\jdk-21_windows-x64_bin\jdk-21.0.10\bin\management_ext.dll
Event: 135.063 Loaded shared library C:\Program Files\Java\jdk-21_windows-x64_bin\jdk-21.0.10\bin\extnet.dll
Event: 152.967 Loaded shared library C:\Program Files\Java\jdk-21_windows-x64_bin\jdk-21.0.10\bin\sunmscapi.dll

Deoptimization events (20 events):
Event: 292.028 Thread 0x00000264ff0b70c0 Uncommon trap: trap_request=0xffffffc6 fr.pc=0x00000264dd88765c relative=0x00000000000002fc
Event: 292.028 Thread 0x00000264ff0b70c0 Uncommon trap: reason=bimorphic_or_optimized_type_check action=maybe_recompile pc=0x00000264dd88765c method=com.google.common.base.CharMatcher.indexIn(Ljava/lang/CharSequence;I)I @ 31 c2
Event: 292.028 Thread 0x00000264ff0b70c0 DEOPT PACKING pc=0x00000264dd88765c sp=0x000000e8304f81b0
Event: 292.028 Thread 0x00000264ff0b70c0 DEOPT UNPACKING pc=0x00000264dd1446a2 sp=0x000000e8304f8158 mode 2
Event: 292.028 Thread 0x00000264ff0b70c0 Uncommon trap: trap_request=0xffffffc6 fr.pc=0x00000264dd88765c relative=0x00000000000002fc
Event: 292.028 Thread 0x00000264ff0b70c0 Uncommon trap: reason=bimorphic_or_optimized_type_check action=maybe_recompile pc=0x00000264dd88765c method=com.google.common.base.CharMatcher.indexIn(Ljava/lang/CharSequence;I)I @ 31 c2
Event: 292.028 Thread 0x00000264ff0b70c0 DEOPT PACKING pc=0x00000264dd88765c sp=0x000000e8304f81a0
Event: 292.028 Thread 0x00000264ff0b70c0 DEOPT UNPACKING pc=0x00000264dd1446a2 sp=0x000000e8304f8148 mode 2
Event: 292.195 Thread 0x00000264ff0b70c0 Uncommon trap: trap_request=0xffffffc6 fr.pc=0x00000264dd88765c relative=0x00000000000002fc
Event: 292.195 Thread 0x00000264ff0b70c0 Uncommon trap: reason=bimorphic_or_optimized_type_check action=maybe_recompile pc=0x00000264dd88765c method=com.google.common.base.CharMatcher.indexIn(Ljava/lang/CharSequence;I)I @ 31 c2
Event: 292.195 Thread 0x00000264ff0b70c0 DEOPT PACKING pc=0x00000264dd88765c sp=0x000000e8304f81a0
Event: 292.195 Thread 0x00000264ff0b70c0 DEOPT UNPACKING pc=0x00000264dd1446a2 sp=0x000000e8304f8148 mode 2
Event: 294.092 Thread 0x00000264ff0b70c0 Uncommon trap: trap_request=0xffffff45 fr.pc=0x00000264dd732290 relative=0x0000000000000250
Event: 294.092 Thread 0x00000264ff0b70c0 Uncommon trap: reason=unstable_if action=reinterpret pc=0x00000264dd732290 method=org.objectweb.asm.Frame.push(I)V @ 26 c2
Event: 294.092 Thread 0x00000264ff0b70c0 DEOPT PACKING pc=0x00000264dd732290 sp=0x000000e8304f84d0
Event: 294.092 Thread 0x00000264ff0b70c0 DEOPT UNPACKING pc=0x00000264dd1446a2 sp=0x000000e8304f8478 mode 2
Event: 294.228 Thread 0x00000264ff0b70c0 Uncommon trap: trap_request=0xffffffc6 fr.pc=0x00000264dd88765c relative=0x00000000000002fc
Event: 294.228 Thread 0x00000264ff0b70c0 Uncommon trap: reason=bimorphic_or_optimized_type_check action=maybe_recompile pc=0x00000264dd88765c method=com.google.common.base.CharMatcher.indexIn(Ljava/lang/CharSequence;I)I @ 31 c2
Event: 294.228 Thread 0x00000264ff0b70c0 DEOPT PACKING pc=0x00000264dd88765c sp=0x000000e8304f8ef0
Event: 294.228 Thread 0x00000264ff0b70c0 DEOPT UNPACKING pc=0x00000264dd1446a2 sp=0x000000e8304f8e98 mode 2

Classes loaded (20 events):
Event: 279.073 Loading class java/math/MutableBigInteger
Event: 279.083 Loading class java/math/MutableBigInteger done
Event: 285.757 Loading class java/lang/ProcessBuilder
Event: 285.759 Loading class java/lang/ProcessBuilder done
Event: 289.141 Loading class com/sun/beans/finder/MethodFinder
Event: 289.206 Loading class com/sun/beans/finder/AbstractFinder
Event: 289.216 Loading class com/sun/beans/finder/AbstractFinder done
Event: 289.216 Loading class com/sun/beans/finder/MethodFinder done
Event: 289.216 Loading class com/sun/beans/finder/MethodFinder$1
Event: 289.217 Loading class com/sun/beans/finder/MethodFinder$1 done
Event: 289.217 Loading class com/sun/beans/finder/FinderUtils
Event: 289.222 Loading class com/sun/beans/finder/FinderUtils done
Event: 290.789 Loading class sun/reflect/MagicAccessorImpl
Event: 290.789 Loading class sun/reflect/MagicAccessorImpl done
Event: 291.795 Loading class java/util/function/IntBinaryOperator
Event: 291.797 Loading class java/util/function/IntBinaryOperator done
Event: 291.868 Loading class sun/invoke/util/ValueConversions$1
Event: 291.870 Loading class sun/invoke/util/ValueConversions$1 done
Event: 291.886 Loading class java/lang/invoke/BoundMethodHandle$Species_LI
Event: 291.886 Loading class java/lang/invoke/BoundMethodHandle$Species_LI done

Classes unloaded (0 events):
No events

Classes redefined (0 events):
No events

Internal exceptions (20 events):
Event: 288.886 Thread 0x00000264ff0b70c0 Exception <a 'java/lang/ClassNotFoundException'{0x00000000eb3b2e08}: build_b2rxveolqa0n3k9f5wuoyst93Customizer> (0x00000000eb3b2e08) 
thrown [s\open\src\hotspot\share\classfile\systemDictionary.cpp, line 312]
Event: 289.106 Thread 0x00000264ff0b70c0 Exception <a 'java/lang/ClassNotFoundException'{0x00000000eb20fac0}: groovy/lang/Closure$1BeanInfo> (0x00000000eb20fac0) 
thrown [s\open\src\hotspot\share\classfile\systemDictionary.cpp, line 312]
Event: 289.115 Thread 0x00000264ff0b70c0 Exception <a 'java/lang/ClassNotFoundException'{0x00000000eb21e9c8}: groovy/lang/ClosureBeanInfo> (0x00000000eb21e9c8) 
thrown [s\open\src\hotspot\share\classfile\systemDictionary.cpp, line 312]
Event: 289.128 Thread 0x00000264ff0b70c0 Exception <a 'java/lang/ClassNotFoundException'{0x00000000eb22d898}: groovy/lang/ClosureCustomizer> (0x00000000eb22d898) 
thrown [s\open\src\hotspot\share\classfile\systemDictionary.cpp, line 312]
Event: 289.140 Thread 0x00000264ff0b70c0 Exception <a 'java/lang/ClassNotFoundException'{0x00000000eb260990}: groovy/lang/Closure$1Customizer> (0x00000000eb260990) 
thrown [s\open\src\hotspot\share\classfile\systemDictionary.cpp, line 312]
Event: 291.552 Thread 0x00000264ff0b70c0 Exception <a 'java/lang/ClassNotFoundException'{0x00000000eafbb220}: org/gradle/internal/metaobject/ConfigureDelegateBeanInfo> (0x00000000eafbb220) 
thrown [s\open\src\hotspot\share\classfile\systemDictionary.cpp, line 312]
Event: 291.554 Thread 0x00000264ff0b70c0 Exception <a 'java/lang/ClassNotFoundException'{0x00000000eafca9f8}: org/gradle/internal/metaobject/ConfigureDelegateCustomizer> (0x00000000eafca9f8) 
thrown [s\open\src\hotspot\share\classfile\systemDictionary.cpp, line 312]
Event: 291.812 Thread 0x00000264ff0b70c0 Exception <a 'java/lang/NoSuchMethodError'{0x00000000eae65b20}: 'void java.lang.invoke.Invokers$Holder.invoke_MT(java.lang.Object, java.lang.Object, java.lang.Object, java.lang.Object)'> (0x00000000eae65b20) 
thrown [s\open\src\hotspot\share\interpreter\linkResolver.cpp, line 773]
Event: 291.835 Thread 0x00000264ff0b70c0 Exception <a 'java/lang/ClassNotFoundException'{0x00000000eae9e468}: org/gradle/plugin/use/internal/PluginRequestCollector$PluginDependenciesSpecImplBeanInfo> (0x00000000eae9e468) 
thrown [s\open\src\hotspot\share\classfile\systemDictionary.cpp, line 312]
Event: 291.851 Thread 0x00000264ff0b70c0 Exception <a 'java/lang/ClassNotFoundException'{0x00000000eaeaf078}: org/gradle/plugin/use/internal/PluginRequestCollector$PluginDependenciesSpecImplCustomizer> (0x00000000eaeaf078) 
thrown [s\open\src\hotspot\share\classfile\systemDictionary.cpp, line 312]
Event: 291.861 Thread 0x00000264ff0b70c0 Exception <a 'java/lang/NoSuchMethodError'{0x00000000eaebdbe8}: 'java.lang.Object java.lang.invoke.DirectMethodHandle$Holder.invokeVirtual(java.lang.Object, java.lang.Object, java.lang.Object, int)'> (0x00000000eaebdbe8) 
thrown [s\open\src\hotspot\share\interpreter\linkResolver.cpp, line 773]
Event: 291.861 Thread 0x00000264ff0b70c0 Implicit null exception at 0x00000264dd81daf2 to 0x00000264dd81dd70
Event: 291.885 Thread 0x00000264ff0b70c0 Exception <a 'java/lang/NoSuchMethodError'{0x00000000eaec2c10}: 'int java.lang.invoke.DirectMethodHandle$Holder.invokeSpecial(java.lang.Object, java.lang.Object, java.lang.Object, int)'> (0x00000000eaec2c10) 
thrown [s\open\src\hotspot\share\interpreter\linkResolver.cpp, line 773]
Event: 291.895 Thread 0x00000264ff0b70c0 Exception <a 'java/lang/NoSuchMethodError'{0x00000000eaed39e0}: 'java.lang.Object java.lang.invoke.DirectMethodHandle$Holder.invokeStatic(java.lang.Object, java.lang.Object, java.lang.Object, java.lang.Object, int)'> (0x00000000eaed39e0) 
thrown [s\open\src\hotspot\share\interpreter\linkResolver.cpp, line 773]
Event: 292.176 Thread 0x00000264ff0b70c0 Exception <a 'java/lang/ClassNotFoundException'{0x00000000ead2a3b8}: org/gradle/plugin/use/internal/PluginRequestCollector$PluginDependencySpecImplBeanInfo> (0x00000000ead2a3b8) 
thrown [s\open\src\hotspot\share\classfile\systemDictionary.cpp, line 312]
Event: 292.178 Thread 0x00000264ff0b70c0 Exception <a 'java/lang/ClassNotFoundException'{0x00000000ead3a4c0}: org/gradle/plugin/use/internal/PluginRequestCollector$PluginDependencySpecImplCustomizer> (0x00000000ead3a4c0) 
thrown [s\open\src\hotspot\share\classfile\systemDictionary.cpp, line 312]
Event: 294.074 Thread 0x00000264ff0b70c0 Exception <a 'java/lang/NoSuchMethodError'{0x00000000eaa8ad38}: 'java.lang.Object java.lang.invoke.DirectMethodHandle$Holder.newInvokeSpecial(java.lang.Object, java.lang.Object, java.lang.Object, java.lang.Object, int)'> (0x00000000eaa8ad38) 
thrown [s\open\src\hotspot\share\interpreter\linkResolver.cpp, line 773]
Event: 294.077 Thread 0x00000264ff0b70c0 Exception <a 'java/lang/NoSuchMethodError'{0x00000000eaa8fab0}: 'java.lang.Object java.lang.invoke.DirectMethodHandle$Holder.invokeSpecial(java.lang.Object, java.lang.Object, java.lang.Object, java.lang.Object, java.lang.Object, int)'> (0x00000000eaa8fab0) 
thrown [s\open\src\hotspot\share\interpreter\linkResolver.cpp, line 773]
Event: 294.079 Thread 0x00000264ff0b70c0 Exception <a 'java/lang/NoSuchMethodError'{0x00000000eaa94230}: 'java.lang.Object java.lang.invoke.Invokers$Holder.linkToTargetMethod(java.lang.Object, java.lang.Object, java.lang.Object, int, java.lang.Object)'> (0x00000000eaa94230) 
thrown [s\open\src\hotspot\share\interpreter\linkResolver.cpp, line 773]
Event: 295.274 Thread 0x00000264ff0b70c0 Exception <a 'java/lang/NoSuchMethodError'{0x00000000ea689e20}: 'java.lang.Object java.lang.invoke.DirectMethodHandle$Holder.newInvokeSpecial(java.lang.Object, java.lang.Object, java.lang.Object, java.lang.Object, java.lang.Object, java.lang.Object, java.lang.Object, java.lang.Object, java.lang.Object, java.lang.Object, java.lang.Object, java.lang.Object, java.lang.Object, java.lang.Object, java.lang.Object, java.lang.Object, java.lang.Object, java.lang.Object, java.lang.Object, java.lang.Object, java.lang

ZGC Phase Switch (0 events):
No events

VM Operations (20 events):
Event: 281.919 Executing VM operation: Cleanup
Event: 283.624 Executing VM operation: Cleanup done
Event: 284.666 Executing VM operation: Cleanup
Event: 284.685 Executing VM operation: Cleanup done
Event: 286.701 Executing VM operation: Cleanup
Event: 286.765 Executing VM operation: Cleanup done
Event: 287.774 Executing VM operation: Cleanup
Event: 288.633 Executing VM operation: Cleanup done
Event: 289.644 Executing VM operation: Cleanup
Event: 289.678 Executing VM operation: Cleanup done
Event: 290.690 Executing VM operation: Cleanup
Event: 290.692 Executing VM operation: Cleanup done
Event: 291.695 Executing VM operation: Cleanup
Event: 291.782 Executing VM operation: Cleanup done
Event: 292.783 Executing VM operation: Cleanup
Event: 292.931 Executing VM operation: Cleanup done
Event: 293.944 Executing VM operation: Cleanup
Event: 293.959 Executing VM operation: Cleanup done
Event: 295.971 Executing VM operation: Cleanup
Event: 295.971 Executing VM operation: Cleanup done

Events (20 events):
Event: 244.708 Thread 0x00000264e87a8930 flushing nmethod 0x00000264d5e16e10
Event: 244.709 Thread 0x00000264e87a8930 flushing nmethod 0x00000264d5e18410
Event: 244.709 Thread 0x00000264e87a8930 flushing nmethod 0x00000264d5e32a90
Event: 244.709 Thread 0x00000264e87a8930 flushing nmethod 0x00000264d5e33910
Event: 244.709 Thread 0x00000264e87a8930 flushing nmethod 0x00000264d5e39d10
Event: 244.709 Thread 0x00000264e87a8930 flushing nmethod 0x00000264d5e3a490
Event: 244.709 Thread 0x00000264e87a8930 flushing nmethod 0x00000264d5e3fb90
Event: 244.709 Thread 0x00000264e87a8930 flushing nmethod 0x00000264d5e83490
Event: 244.709 Thread 0x00000264e87a8930 flushing nmethod 0x00000264d5e85c10
Event: 244.709 Thread 0x00000264e87a8930 flushing nmethod 0x00000264d606c410
Event: 244.709 Thread 0x00000264e87a8930 flushing nmethod 0x00000264d606ce10
Event: 244.709 Thread 0x00000264e87a8930 flushing nmethod 0x00000264d606d310
Event: 244.709 Thread 0x00000264e87a8930 flushing nmethod 0x00000264d6070190
Event: 247.684 Thread 0x00000264ff0b63a0 Thread exited: 0x00000264ff0b63a0
Event: 247.935 Thread 0x00000264ff0b7de0 Thread exited: 0x00000264ff0b7de0
Event: 254.626 Thread 0x00000264ff5c2390 Thread added: 0x00000264ff5c2390
Event: 255.466 Thread 0x00000264ff5c5ea0 Thread added: 0x00000264ff5c5ea0
Event: 259.975 Thread 0x00000264ff5c6530 Thread added: 0x00000264ff5c6530
Event: 263.011 Thread 0x00000264ff5c30b0 Thread added: 0x00000264ff5c30b0
Event: 281.540 Thread 0x00000264ff5c4460 Thread added: 0x00000264ff5c4460


Dynamic libraries:
0x00007ff6041d0000 - 0x00007ff6041e0000 	C:\Program Files\Java\jdk-21_windows-x64_bin\jdk-21.0.10\bin\java.exe
0x00007ff8307a0000 - 0x00007ff830a06000 	C:\WINDOWS\SYSTEM32\ntdll.dll
0x00007ff82f480000 - 0x00007ff82f549000 	C:\WINDOWS\System32\KERNEL32.DLL
0x00007ff82db30000 - 0x00007ff82df2f000 	C:\WINDOWS\System32\KERNELBASE.dll
0x00007ff82a480000 - 0x00007ff82a51f000 	C:\WINDOWS\SYSTEM32\apphelp.dll
0x00007ff82e370000 - 0x00007ff82e4bc000 	C:\WINDOWS\System32\ucrtbase.dll
0x00007ff824660000 - 0x00007ff824679000 	C:\Program Files\Java\jdk-21_windows-x64_bin\jdk-21.0.10\bin\jli.dll
0x00007ff830010000 - 0x00007ff8300cc000 	C:\WINDOWS\System32\ADVAPI32.dll
0x00007ff82ec00000 - 0x00007ff82eca9000 	C:\WINDOWS\System32\msvcrt.dll
0x00007ff8300e0000 - 0x00007ff83018a000 	C:\WINDOWS\System32\sechost.dll
0x00007ff82e4d0000 - 0x00007ff82e5e8000 	C:\WINDOWS\System32\RPCRT4.dll
0x00007ff82fba0000 - 0x00007ff82fd66000 	C:\WINDOWS\System32\USER32.dll
0x00007ff82d9b0000 - 0x00007ff82d9d7000 	C:\WINDOWS\System32\win32u.dll
0x00007ff82ff20000 - 0x00007ff82ff4b000 	C:\WINDOWS\System32\GDI32.dll
0x00007ff82e000000 - 0x00007ff82e129000 	C:\WINDOWS\System32\gdi32full.dll
0x00007ff82e2c0000 - 0x00007ff82e363000 	C:\WINDOWS\System32\msvcp_win.dll
0x00007ff8246e0000 - 0x00007ff8246fe000 	C:\Program Files\Java\jdk-21_windows-x64_bin\jdk-21.0.10\bin\VCRUNTIME140.dll
0x00007ff8137a0000 - 0x00007ff813a31000 	C:\WINDOWS\WinSxS\amd64_microsoft.windows.common-controls_6595b64144ccf1df_6.0.26100.8972_none_3e0da176e32f9d4b\COMCTL32.dll
0x00007ff826060000 - 0x00007ff82606b000 	C:\WINDOWS\SYSTEM32\VERSION.dll
0x00007ff82e700000 - 0x00007ff82e732000 	C:\WINDOWS\System32\IMM32.DLL
0x00007ff824710000 - 0x00007ff82471c000 	C:\Program Files\Java\jdk-21_windows-x64_bin\jdk-21.0.10\bin\vcruntime140_1.dll
0x00007ff81be60000 - 0x00007ff81beed000 	C:\Program Files\Java\jdk-21_windows-x64_bin\jdk-21.0.10\bin\msvcp140.dll
0x00007fff91e80000 - 0x00007fff92ba7000 	C:\Program Files\Java\jdk-21_windows-x64_bin\jdk-21.0.10\bin\server\jvm.dll
0x00007ff82fe20000 - 0x00007ff82fea2000 	C:\WINDOWS\System32\WS2_32.dll
0x00007ff82d810000 - 0x00007ff82d86e000 	C:\WINDOWS\SYSTEM32\POWRPROF.dll
0x00007ff827dc0000 - 0x00007ff827df6000 	C:\WINDOWS\SYSTEM32\WINMM.dll
0x00007ff82d7f0000 - 0x00007ff82d805000 	C:\WINDOWS\SYSTEM32\UMPDC.dll
0x00007ff82c670000 - 0x00007ff82c68b000 	C:\WINDOWS\SYSTEM32\kernel.appcore.dll
0x00007ff8246d0000 - 0x00007ff8246da000 	C:\Program Files\Java\jdk-21_windows-x64_bin\jdk-21.0.10\bin\jimage.dll
0x00007ff82ae30000 - 0x00007ff82b072000 	C:\WINDOWS\SYSTEM32\DBGHELP.DLL
0x00007ff82f550000 - 0x00007ff82f8d5000 	C:\WINDOWS\System32\combase.dll
0x00007ff8301f0000 - 0x00007ff8302c9000 	C:\WINDOWS\System32\OLEAUT32.dll
0x00007ff827d80000 - 0x00007ff827dbb000 	C:\WINDOWS\SYSTEM32\dbgcore.DLL
0x00007ff82df40000 - 0x00007ff82dfec000 	C:\WINDOWS\System32\bcryptPrimitives.dll
0x00007ff81d020000 - 0x00007ff81d030000 	C:\Program Files\Java\jdk-21_windows-x64_bin\jdk-21.0.10\bin\instrument.dll
0x00007ff81c670000 - 0x00007ff81c691000 	C:\Program Files\Java\jdk-21_windows-x64_bin\jdk-21.0.10\bin\java.dll
0x00007ff82ecc0000 - 0x00007ff82f448000 	C:\WINDOWS\System32\SHELL32.dll
0x00007ff82b420000 - 0x00007ff82bcbb000 	C:\WINDOWS\SYSTEM32\windows.storage.dll
0x00007ff82e920000 - 0x00007ff82ea19000 	C:\WINDOWS\System32\SHCORE.dll
0x00007ff82feb0000 - 0x00007ff82ff16000 	C:\WINDOWS\System32\shlwapi.dll
0x00007ff82d8d0000 - 0x00007ff82d8f9000 	C:\WINDOWS\SYSTEM32\profapi.dll
0x00007ffff5960000 - 0x00007ffff5a37000 	C:\Program Files\Java\jdk-21_windows-x64_bin\jdk-21.0.10\bin\jsvml.dll
0x00007ff81c570000 - 0x00007ff81c588000 	C:\Program Files\Java\jdk-21_windows-x64_bin\jdk-21.0.10\bin\zip.dll
0x00007ff81c550000 - 0x00007ff81c561000 	C:\Program Files\Java\jdk-21_windows-x64_bin\jdk-21.0.10\bin\net.dll
0x00007ff8255e0000 - 0x00007ff825708000 	C:\WINDOWS\SYSTEM32\WINHTTP.dll
0x00007ff82cc30000 - 0x00007ff82cc9c000 	C:\WINDOWS\system32\mswsock.dll
0x00007ff81c430000 - 0x00007ff81c446000 	C:\Program Files\Java\jdk-21_windows-x64_bin\jdk-21.0.10\bin\nio.dll
0x00007ff824700000 - 0x00007ff824710000 	C:\Program Files\Java\jdk-21_windows-x64_bin\jdk-21.0.10\bin\verify.dll
0x00007ff81b5d0000 - 0x00007ff81b5f7000 	C:\Users\vongo\.gradle\native\1def1411415f61bf3af743bc5b6707747c0891f09f0c88961ee8f79bc544acac\windows-amd64\native-platform.dll
0x00007ff81b490000 - 0x00007ff81b508000 	C:\Users\vongo\.gradle\native\0.2.7\x86_64-windows-gnu\gradle-fileevents.dll
0x00007ff81cf60000 - 0x00007ff81cf6a000 	C:\Program Files\Java\jdk-21_windows-x64_bin\jdk-21.0.10\bin\management.dll
0x00007ff81cda0000 - 0x00007ff81cdac000 	C:\Program Files\Java\jdk-21_windows-x64_bin\jdk-21.0.10\bin\management_ext.dll
0x00007ff82ecb0000 - 0x00007ff82ecb8000 	C:\WINDOWS\System32\PSAPI.DLL
0x00007ff82c070000 - 0x00007ff82c0a3000 	C:\WINDOWS\SYSTEM32\IPHLPAPI.DLL
0x00007ff82f470000 - 0x00007ff82f47a000 	C:\WINDOWS\System32\NSI.dll
0x00007ff81c660000 - 0x00007ff81c669000 	C:\Program Files\Java\jdk-21_windows-x64_bin\jdk-21.0.10\bin\extnet.dll
0x00007ff82cf60000 - 0x00007ff82cf7b000 	C:\WINDOWS\SYSTEM32\CRYPTSP.dll
0x00007ff82c5d0000 - 0x00007ff82c609000 	C:\WINDOWS\system32\rsaenh.dll
0x00007ff82cce0000 - 0x00007ff82cd12000 	C:\WINDOWS\SYSTEM32\USERENV.dll
0x00007ff82d8a0000 - 0x00007ff82d8ca000 	C:\WINDOWS\SYSTEM32\bcrypt.dll
0x00007ff82cf40000 - 0x00007ff82cf4c000 	C:\WINDOWS\SYSTEM32\CRYPTBASE.dll
0x00007ff81bf20000 - 0x00007ff81bf2e000 	C:\Program Files\Java\jdk-21_windows-x64_bin\jdk-21.0.10\bin\sunmscapi.dll
0x00007ff82e130000 - 0x00007ff82e2ae000 	C:\WINDOWS\System32\CRYPT32.dll
0x00007ff82d180000 - 0x00007ff82d1b0000 	C:\WINDOWS\SYSTEM32\ncrypt.dll
0x00007ff82d130000 - 0x00007ff82d16f000 	C:\WINDOWS\SYSTEM32\NTASN1.dll
0x00007ff800000000 - 0x00007ff800008000 	C:\WINDOWS\system32\wshunix.dll

dbghelp: loaded successfully - version: 4.0.5 - missing functions: none
symbol engine: initialized successfully - sym options: 0x614 - pdb path: .;C:\Program Files\Java\jdk-21_windows-x64_bin\jdk-21.0.10\bin;C:\WINDOWS\SYSTEM32;C:\WINDOWS\WinSxS\amd64_microsoft.windows.common-controls_6595b64144ccf1df_6.0.26100.8972_none_3e0da176e32f9d4b;C:\Program Files\Java\jdk-21_windows-x64_bin\jdk-21.0.10\bin\server;C:\Users\vongo\.gradle\native\1def1411415f61bf3af743bc5b6707747c0891f09f0c88961ee8f79bc544acac\windows-amd64;C:\Users\vongo\.gradle\native\0.2.7\x86_64-windows-gnu

VM Arguments:
jvm_args: --add-opens=java.base/java.lang=ALL-UNNAMED --add-opens=java.base/java.lang.invoke=ALL-UNNAMED --add-opens=java.base/java.util=ALL-UNNAMED --add-opens=java.prefs/java.util.prefs=ALL-UNNAMED --add-exports=jdk.compiler/com.sun.tools.javac.api=ALL-UNNAMED --add-exports=jdk.compiler/com.sun.tools.javac.util=ALL-UNNAMED --add-opens=java.base/java.util=ALL-UNNAMED --add-opens=java.prefs/java.util.prefs=ALL-UNNAMED --add-opens=java.base/java.nio.charset=ALL-UNNAMED --add-opens=java.base/java.net=ALL-UNNAMED --add-opens=java.base/java.util.concurrent.atomic=ALL-UNNAMED --add-opens=java.xml/javax.xml.namespace=ALL-UNNAMED -XX:MaxMetaspaceSize=384m -XX:+HeapDumpOnOutOfMemoryError -Xms256m -Xmx512m -Dfile.encoding=UTF-8 -Duser.country=US -Duser.language=en -Duser.variant -javaagent:C:\Users\vongo\.gradle\wrapper\dists\gradle-8.14.5-bin\690y85m0j9nfaub7xoiayko8a\gradle-8.14.5\lib\agents\gradle-instrumentation-agent-8.14.5.jar 
java_command: org.gradle.launcher.daemon.bootstrap.GradleDaemon 8.14.5
java_class_path (initial): C:\Users\vongo\.gradle\wrapper\dists\gradle-8.14.5-bin\690y85m0j9nfaub7xoiayko8a\gradle-8.14.5\lib\gradle-daemon-main-8.14.5.jar
Launcher Type: SUN_STANDARD

[Global flags]
     intx CICompilerCount                          = 4                                         {product} {ergonomic}
   size_t CompressedClassSpaceSize                 = 335544320                                 {product} {ergonomic}
     uint ConcGCThreads                            = 3                                         {product} {ergonomic}
     uint G1ConcRefinementThreads                  = 10                                        {product} {ergonomic}
   size_t G1HeapRegionSize                         = 1048576                                   {product} {ergonomic}
    uintx GCDrainStackTargetSize                   = 64                                        {product} {ergonomic}
     bool HeapDumpOnOutOfMemoryError               = true                                   {manageable} {command line}
   size_t InitialHeapSize                          = 268435456                                 {product} {command line}
   size_t MarkStackSize                            = 4194304                                   {product} {ergonomic}
   size_t MaxHeapSize                              = 536870912                                 {product} {command line}
   size_t MaxMetaspaceSize                         = 402653184                                 {product} {command line}
   size_t MaxNewSize                               = 321912832                                 {product} {ergonomic}
   size_t MinHeapDeltaBytes                        = 1048576                                   {product} {ergonomic}
   size_t MinHeapSize                              = 268435456                                 {product} {command line}
    uintx NonNMethodCodeHeapSize                   = 5839372                                {pd product} {ergonomic}
    uintx NonProfiledCodeHeapSize                  = 122909434                              {pd product} {ergonomic}
    uintx ProfiledCodeHeapSize                     = 122909434                              {pd product} {ergonomic}
    uintx ReservedCodeCacheSize                    = 251658240                              {pd product} {ergonomic}
     bool SegmentedCodeCache                       = true                                      {product} {ergonomic}
   size_t SoftMaxHeapSize                          = 536870912                              {manageable} {ergonomic}
     bool UseCompressedOops                        = true                           {product lp64_product} {ergonomic}
     bool UseG1GC                                  = true                                      {product} {ergonomic}
     bool UseLargePagesIndividualAllocation        = false                                  {pd product} {ergonomic}

Logging:
Log output configuration:
 #0: stdout all=warning uptime,level,tags foldmultilines=false
 #1: stderr all=off uptime,level,tags foldmultilines=false

Environment Variables:
JAVA_HOME=C:\Program Files\Java\jdk-17
PATH=C:\Program Files\Common Files\Oracle\Java\javapath;C:\WINDOWS\system32;C:\WINDOWS;C:\WINDOWS\System32\Wbem;C:\WINDOWS\System32\WindowsPowerShell\v1.0\;C:\WINDOWS\System32\OpenSSH\;C:\Program Files\Git\cmd;C:\Program Files\nodejs\;C:\Users\vongo\.local\bin;C:\Users\vongo\AppData\Local\Microsoft\WindowsApps;C:\Program Files\Java\jdk-17\bin;C:\Users\vongo\AppData\Roaming\npm;C:\Users\vongo\AppData\Local\Programs\Microsoft VS Code\bin;C:\Program Files\flutter_windows_3.44.4-stable\flutter\bin;
USERNAME=vongo
OS=Windows_NT
PROCESSOR_IDENTIFIER=Intel64 Family 6 Model 154 Stepping 4, GenuineIntel
TMP=C:\Users\vongo\AppData\Local\Temp
TEMP=C:\Users\vongo\AppData\Local\Temp




Periodic native trim disabled

---------------  S Y S T E M  ---------------

OS:
 Windows 11 , 64 bit Build 26100 (10.0.26100.9168)
OS uptime: 0 days 2:44 hours
Hyper-V role detected

CPU: total 12 (initial active 12) (6 cores per cpu, 2 threads per core) family 6 model 154 stepping 4 microcode 0x41f, cx8, cmov, fxsr, ht, mmx, 3dnowpref, sse, sse2, sse3, ssse3, sse4.1, sse4.2, popcnt, lzcnt, tsc, tscinvbit, avx, avx2, aes, erms, clmul, bmi1, bmi2, adx, sha, fma, vzeroupper, clflush, clflushopt, clwb, hv, serialize, rdtscp, rdpid, fsrm, f16c, cet_ibt, cet_ss
Processor Information for processor 0
  Max Mhz: 1300, Current Mhz: 1300, Mhz Limit: 1300
Processor Information for processor 1
  Max Mhz: 1300, Current Mhz: 1300, Mhz Limit: 1300
Processor Information for processor 2
  Max Mhz: 1300, Current Mhz: 1300, Mhz Limit: 1300
Processor Information for processor 3
  Max Mhz: 1300, Current Mhz: 1300, Mhz Limit: 1300
Processor Information for processor 4
  Max Mhz: 900, Current Mhz: 900, Mhz Limit: 900
Processor Information for processor 5
  Max Mhz: 900, Current Mhz: 900, Mhz Limit: 900
Processor Information for processor 6
  Max Mhz: 900, Current Mhz: 900, Mhz Limit: 900
Processor Information for processor 7
  Max Mhz: 900, Current Mhz: 900, Mhz Limit: 900
Processor Information for processor 8
  Max Mhz: 900, Current Mhz: 900, Mhz Limit: 900
Processor Information for processor 9
  Max Mhz: 900, Current Mhz: 900, Mhz Limit: 900
Processor Information for processor 10
  Max Mhz: 900, Current Mhz: 900, Mhz Limit: 900
Processor Information for processor 11
  Max Mhz: 900, Current Mhz: 900, Mhz Limit: 900

Memory: 4k page, system-wide physical 7916M (320M free)
TotalPageFile size 31191M (AvailPageFile size 177M)
current process WorkingSet (physical memory assigned to process): 122M, peak: 188M
current process commit charge ("private bytes"): 470M, peak: 471M

vm_info: Java HotSpot(TM) 64-Bit Server VM (21.0.10+8-LTS-217) for windows-amd64 JRE (21.0.10+8-LTS-217), built on 2025-12-18T14:59:28Z by "mach5run" with MS VC++ 17.13 (VS2022)

END.
