#
# There is insufficient memory for the Java Runtime Environment to continue.
# Native memory allocation (malloc) failed to allocate 567792 bytes for Chunk::new
# Possible reasons:
#   The system is out of physical RAM or swap space
#   The process is running with CompressedOops enabled, and the Java Heap may be blocking the growth of the native heap
# Possible solutions:
#   Reduce memory load on the system
#   Increase physical memory or swap space
#   Check if swap backing store is full
#   Decrease Java heap size (-Xmx/-Xms)
#   Decrease number of Java threads
#   Decrease Java thread stack sizes (-Xss)
#   Set larger code cache with -XX:ReservedCodeCacheSize=
#   JVM is running with Unscaled Compressed Oops mode in which the Java heap is
#     placed in the first 4GB address space. The Java Heap base address is the
#     maximum limit for the native heap growth. Please use -XX:HeapBaseMinAddress
#     to set the Java Heap base and to place the Java Heap above 4GB virtual address.
# This output file may be truncated or incomplete.
#
#  Out of Memory Error (arena.cpp:168), pid=22692, tid=23144
#
# JRE version: Java(TM) SE Runtime Environment (21.0.10+8) (build 21.0.10+8-LTS-217)
# Java VM: Java HotSpot(TM) 64-Bit Server VM (21.0.10+8-LTS-217, mixed mode, sharing, tiered, compressed oops, compressed class ptrs, g1 gc, windows-amd64)
# No core dump will be written. Minidumps are not enabled by default on client versions of Windows
#

---------------  S U M M A R Y ------------

Command Line: --add-opens=java.base/java.lang=ALL-UNNAMED --add-opens=java.base/java.lang.invoke=ALL-UNNAMED --add-opens=java.base/java.util=ALL-UNNAMED --add-opens=java.prefs/java.util.prefs=ALL-UNNAMED --add-exports=jdk.compiler/com.sun.tools.javac.api=ALL-UNNAMED --add-exports=jdk.compiler/com.sun.tools.javac.util=ALL-UNNAMED --add-opens=java.base/java.util=ALL-UNNAMED --add-opens=java.prefs/java.util.prefs=ALL-UNNAMED --add-opens=java.base/java.nio.charset=ALL-UNNAMED --add-opens=java.base/java.net=ALL-UNNAMED --add-opens=java.base/java.util.concurrent.atomic=ALL-UNNAMED --add-opens=java.xml/javax.xml.namespace=ALL-UNNAMED -XX:MaxMetaspaceSize=384m -XX:+HeapDumpOnOutOfMemoryError -Xms256m -Xmx512m -Dfile.encoding=UTF-8 -Duser.country=US -Duser.language=en -Duser.variant -javaagent:C:\Users\vongo\.gradle\wrapper\dists\gradle-8.14.5-bin\690y85m0j9nfaub7xoiayko8a\gradle-8.14.5\lib\agents\gradle-instrumentation-agent-8.14.5.jar org.gradle.launcher.daemon.bootstrap.GradleDaemon 8.14.5

Host: 12th Gen Intel(R) Core(TM) i5-1235U, 12 cores, 7G,  Windows 11 , 64 bit Build 26100 (10.0.26100.9168)
Time: Sat Sep  5 16:17:35 2026 SE Asia Standard Time elapsed time: 294.078601 seconds (0d 0h 4m 54s)

---------------  T H R E A D  ---------------

Current thread (0x000001ec7fa62520):  JavaThread "C2 CompilerThread0" daemon [_thread_in_native, id=23144, stack(0x000000c71b400000,0x000000c71b500000) (1024K)]


Current CompileTask:
C2: 294078 4777       4       jdk.internal.org.objectweb.asm.Frame::setInputFrameFromDescriptor (175 bytes)

Stack: [0x000000c71b400000,0x000000c71b500000]
Native frames: (J=compiled Java code, j=interpreted, Vv=VM code, C=native code)
V  [jvm.dll+0x6d0b59]
V  [jvm.dll+0x85fd56]
V  [jvm.dll+0x86224e]
V  [jvm.dll+0x862923]
V  [jvm.dll+0x282a16]
V  [jvm.dll+0xc662d]
V  [jvm.dll+0xc6b71]
V  [jvm.dll+0x3bbb5b]
V  [jvm.dll+0x387fd2]
V  [jvm.dll+0x38741a]
V  [jvm.dll+0x24b370]
V  [jvm.dll+0x24a94f]
V  [jvm.dll+0x1cacfe]
V  [jvm.dll+0x25a629]
V  [jvm.dll+0x258bb5]
V  [jvm.dll+0x3f4da1]
V  [jvm.dll+0x80a83d]
V  [jvm.dll+0x6cf3fd]
C  [ucrtbase.dll+0x2cd30]
C  [KERNEL32.DLL+0x2ccb7]
C  [ntdll.dll+0xaad6c]


---------------  P R O C E S S  ---------------

Threads class SMR info:
_java_thread_list=0x000001ec2dd92120, length=33, elements={
0x000001ec735cf3c0, 0x000001ec7fa57330, 0x000001ec7fa5aac0, 0x000001ec7fa5d250,
0x000001ec7fa5e2c0, 0x000001ec7fa60d30, 0x000001ec7fa61790, 0x000001ec7fa62520,
0x000001ec7fa6b4d0, 0x000001ec7fc2ea10, 0x000001ec7fd47f80, 0x000001ec7fd98570,
0x000001ec2b240700, 0x000001ec2b479410, 0x000001ec2b4d4280, 0x000001ec7fd2f960,
0x000001ec2b05b300, 0x000001ec2b059f50, 0x000001ec2b05a5e0, 0x000001ec2b05ac70,
0x000001ec2af603f0, 0x000001ec2af5e9b0, 0x000001ec2af5d600, 0x000001ec2af5cf70,
0x000001ec2af5e320, 0x000001ec2af5fd60, 0x000001ec2af61110, 0x000001ec2af5dc90,
0x000001ec2af64590, 0x000001ec2af631e0, 0x000001ec2af617a0, 0x000001ec2af61e30,
0x000001ec2af624c0
}

Java Threads: ( => current thread )
  0x000001ec735cf3c0 JavaThread "main"                              [_thread_blocked, id=23036, stack(0x000000c71a600000,0x000000c71a700000) (1024K)]
  0x000001ec7fa57330 JavaThread "Reference Handler"          daemon [_thread_blocked, id=23120, stack(0x000000c71ae00000,0x000000c71af00000) (1024K)]
  0x000001ec7fa5aac0 JavaThread "Finalizer"                  daemon [_thread_blocked, id=23124, stack(0x000000c71af00000,0x000000c71b000000) (1024K)]
  0x000001ec7fa5d250 JavaThread "Signal Dispatcher"          daemon [_thread_blocked, id=23128, stack(0x000000c71b000000,0x000000c71b100000) (1024K)]
  0x000001ec7fa5e2c0 JavaThread "Attach Listener"            daemon [_thread_blocked, id=23132, stack(0x000000c71b100000,0x000000c71b200000) (1024K)]
  0x000001ec7fa60d30 JavaThread "Service Thread"             daemon [_thread_blocked, id=23136, stack(0x000000c71b200000,0x000000c71b300000) (1024K)]
  0x000001ec7fa61790 JavaThread "Monitor Deflation Thread"   daemon [_thread_blocked, id=23140, stack(0x000000c71b300000,0x000000c71b400000) (1024K)]
=>0x000001ec7fa62520 JavaThread "C2 CompilerThread0"         daemon [_thread_in_native, id=23144, stack(0x000000c71b400000,0x000000c71b500000) (1024K)]
  0x000001ec7fa6b4d0 JavaThread "C1 CompilerThread0"         daemon [_thread_blocked, id=23148, stack(0x000000c71b500000,0x000000c71b600000) (1024K)]
  0x000001ec7fc2ea10 JavaThread "Common-Cleaner"             daemon [_thread_blocked, id=23152, stack(0x000000c71b600000,0x000000c71b700000) (1024K)]
  0x000001ec7fd47f80 JavaThread "Notification Thread"        daemon [_thread_blocked, id=23160, stack(0x000000c71b700000,0x000000c71b800000) (1024K)]
  0x000001ec7fd98570 JavaThread "Daemon health stats"               [_thread_blocked, id=27128, stack(0x000000c71be00000,0x000000c71bf00000) (1024K)]
  0x000001ec2b240700 JavaThread "Incoming local TCP Connector on port 61064"        [_thread_in_native, id=25324, stack(0x000000c71bf00000,0x000000c71c000000) (1024K)]
  0x000001ec2b479410 JavaThread "Daemon periodic checks"            [_thread_blocked, id=22700, stack(0x000000c71c000000,0x000000c71c100000) (1024K)]
  0x000001ec2b4d4280 JavaThread "Daemon"                            [_thread_blocked, id=20904, stack(0x000000c71c300000,0x000000c71c400000) (1024K)]
  0x000001ec7fd2f960 JavaThread "Handler for socket connection from /127.0.0.1:61064 to /127.0.0.1:56096"        [_thread_in_native, id=21172, stack(0x000000c71c400000,0x000000c71c500000) (1024K)]
  0x000001ec2b05b300 JavaThread "Cancel handler"                    [_thread_blocked, id=22288, stack(0x000000c71c500000,0x000000c71c600000) (1024K)]
  0x000001ec2b059f50 JavaThread "Daemon worker"                     [_thread_in_Java, id=27424, stack(0x000000c71c600000,0x000000c71c700000) (1024K)]
  0x000001ec2b05a5e0 JavaThread "Asynchronous log dispatcher for DefaultDaemonConnection: socket connection from /127.0.0.1:61064 to /127.0.0.1:56096"        [_thread_blocked, id=4276, stack(0x000000c71c700000,0x000000c71c800000) (1024K)]
  0x000001ec2b05ac70 JavaThread "Stdin handler"                     [_thread_blocked, id=21020, stack(0x000000c71c800000,0x000000c71c900000) (1024K)]
  0x000001ec2af603f0 JavaThread "Daemon client event forwarder"        [_thread_blocked, id=11448, stack(0x000000c71c900000,0x000000c71ca00000) (1024K)]
  0x000001ec2af5e9b0 JavaThread "Cache worker for journal cache (C:\Users\vongo\.gradle\caches\journal-1)"        [_thread_blocked, id=21744, stack(0x000000c71ca00000,0x000000c71cb00000) (1024K)]
  0x000001ec2af5d600 JavaThread "File lock request listener"        [_thread_in_native, id=3748, stack(0x000000c71cb00000,0x000000c71cc00000) (1024K)]
  0x000001ec2af5cf70 JavaThread "Cache worker for file hash cache (C:\Users\vongo\.gradle\caches\8.14.5\fileHashes)"        [_thread_blocked, id=25580, stack(0x000000c71cd00000,0x000000c71ce00000) (1024K)]
  0x000001ec2af5e320 JavaThread "Cache worker for file hash cache (D:\aa\FruitApp\backend\fruitapp\.gradle\8.14.5\fileHashes)"        [_thread_blocked, id=27112, stack(0x000000c71d100000,0x000000c71d200000) (1024K)]
  0x000001ec2af5fd60 JavaThread "Cache worker for Build Output Cleanup Cache (D:\aa\FruitApp\backend\fruitapp\.gradle\buildOutputCleanup)"        [_thread_blocked, id=24724, stack(0x000000c71d200000,0x000000c71d300000) (1024K)]
  0x000001ec2af61110 JavaThread "File watcher server"        daemon [_thread_in_native, id=24528, stack(0x000000c71d400000,0x000000c71d500000) (1024K)]
  0x000001ec2af5dc90 JavaThread "File watcher consumer"      daemon [_thread_blocked, id=25792, stack(0x000000c71d500000,0x000000c71d600000) (1024K)]
  0x000001ec2af64590 JavaThread "jar transforms"                    [_thread_blocked, id=26164, stack(0x000000c71d600000,0x000000c71d700000) (1024K)]
  0x000001ec2af631e0 JavaThread "jar transforms Thread 2"           [_thread_blocked, id=21016, stack(0x000000c71d700000,0x000000c71d800000) (1024K)]
  0x000001ec2af617a0 JavaThread "Cache worker for checksums cache (D:\aa\FruitApp\backend\fruitapp\.gradle\8.14.5\checksums)"        [_thread_blocked, id=20880, stack(0x000000c71bd00000,0x000000c71be00000) (1024K)]
  0x000001ec2af61e30 JavaThread "File lock release action executor Thread 3"        [_thread_blocked, id=29084, stack(0x000000c71c100000,0x000000c71c200000) (1024K)]
  0x000001ec2af624c0 JavaThread "Cache worker for file content cache (C:\Users\vongo\.gradle\caches\8.14.5\fileContent)"        [_thread_blocked, id=17720, stack(0x000000c71c200000,0x000000c71c300000) (1024K)]
Total: 33

Other Threads:
  0x000001ec7f92a450 VMThread "VM Thread"                           [id=23116, stack(0x000000c71ad00000,0x000000c71ae00000) (1024K)]
  0x000001ec7f9163c0 WatcherThread "VM Periodic Task Thread"        [id=23112, stack(0x000000c71ac00000,0x000000c71ad00000) (1024K)]
  0x000001ec7397bc10 WorkerThread "GC Thread#0"                     [id=23056, stack(0x000000c71a700000,0x000000c71a800000) (1024K)]
  0x000001ec7fe39ce0 WorkerThread "GC Thread#1"                     [id=12644, stack(0x000000c71b800000,0x000000c71b900000) (1024K)]
  0x000001ec7fe3a090 WorkerThread "GC Thread#2"                     [id=21716, stack(0x000000c71b900000,0x000000c71ba00000) (1024K)]
  0x000001ec7fe4e650 WorkerThread "GC Thread#3"                     [id=22588, stack(0x000000c71ba00000,0x000000c71bb00000) (1024K)]
  0x000001ec7fe4ea00 WorkerThread "GC Thread#4"                     [id=2800, stack(0x000000c71bb00000,0x000000c71bc00000) (1024K)]
  0x000001ec2a09fb00 WorkerThread "GC Thread#5"                     [id=22560, stack(0x000000c71bc00000,0x000000c71bd00000) (1024K)]
  0x000001ec2ace6c10 WorkerThread "GC Thread#6"                     [id=24648, stack(0x000000c71a300000,0x000000c71a400000) (1024K)]
  0x000001ec2aaa7680 WorkerThread "GC Thread#7"                     [id=24652, stack(0x000000c71a400000,0x000000c71a500000) (1024K)]
  0x000001ec2aaa7a30 WorkerThread "GC Thread#8"                     [id=24656, stack(0x000000c71a500000,0x000000c71a600000) (1024K)]
  0x000001ec2d3bff10 WorkerThread "GC Thread#9"                     [id=13872, stack(0x000000c71ce00000,0x000000c71cf00000) (1024K)]
  0x000001ec73980b90 ConcurrentGCThread "G1 Main Marker"            [id=23060, stack(0x000000c71a800000,0x000000c71a900000) (1024K)]
  0x000001ec739815b0 WorkerThread "G1 Conc#0"                       [id=23064, stack(0x000000c71a900000,0x000000c71aa00000) (1024K)]
  0x000001ec2d3c02c0 WorkerThread "G1 Conc#1"                       [id=27932, stack(0x000000c71cf00000,0x000000c71d000000) (1024K)]
  0x000001ec2d3c0dd0 WorkerThread "G1 Conc#2"                       [id=27144, stack(0x000000c71d000000,0x000000c71d100000) (1024K)]
  0x000001ec7f7e31f0 ConcurrentGCThread "G1 Refine#0"               [id=23068, stack(0x000000c71aa00000,0x000000c71ab00000) (1024K)]
  0x000001ec7f7e3b80 ConcurrentGCThread "G1 Service"                [id=23072, stack(0x000000c71ab00000,0x000000c71ac00000) (1024K)]
Total: 18

Threads with active compile tasks:
C2 CompilerThread0   294171 4777       4       jdk.internal.org.objectweb.asm.Frame::setInputFrameFromDescriptor (175 bytes)
Total: 1

VM state: not at safepoint (normal execution)

VM Mutex/Monitor currently owned by a thread: None

Heap address: 0x00000000e0000000, size: 512 MB, Compressed Oops mode: 32-bit

CDS archive(s) mapped at: [0x000001ec11000000-0x000001ec11c90000-0x000001ec11c90000), size 13172736, SharedBaseAddress: 0x000001ec11000000, ArchiveRelocationMode: 1.
Compressed class space mapped at: 0x000001ec12000000-0x000001ec26000000, reserved size: 335544320
Narrow klass base: 0x000001ec11000000, Narrow klass shift: 0, Narrow klass range: 0x100000000

GC Precious Log:
 CardTable entry size: 512
 Card Set container configuration: InlinePtr #cards 5 size 8 Array Of Cards #cards 12 size 40 Howl #buckets 4 coarsen threshold 1843 Howl Bitmap #cards 512 size 80 coarsen threshold 460 Card regions per heap region 1 cards per card region 2048
 CPUs: 12 total, 12 available
 Memory: 7916M
 Large Page Support: Disabled
 NUMA Support: Disabled
 Compressed Oops: Enabled (32-bit)
 Heap Region Size: 1M
 Heap Min Capacity: 256M
 Heap Initial Capacity: 256M
 Heap Max Capacity: 512M
 Pre-touch: Disabled
 Parallel Workers: 10
 Concurrent Workers: 3
 Concurrent Refinement Workers: 10
 Periodic GC: Disabled

Heap:
 garbage-first heap   total 262144K, used 34770K [0x00000000e0000000, 0x0000000100000000)
  region size 1024K, 4 young (4096K), 2 survivors (2048K)
 Metaspace       used 35068K, committed 36224K, reserved 393216K
  class space    used 4800K, committed 5376K, reserved 327680K

Heap Regions: E=young(eden), S=young(survivor), O=old, HS=humongous(starts), HC=humongous(continues), CS=collection set, F=free, TAMS=top-at-mark-start, PB=parsable bottom
|   0|0x00000000e0000000, 0x00000000e0100000, 0x00000000e0100000|100%|HS|  |TAMS 0x00000000e0000000| PB 0x00000000e0000000| Complete 
|   1|0x00000000e0100000, 0x00000000e0200000, 0x00000000e0200000|100%|HC|  |TAMS 0x00000000e0100000| PB 0x00000000e0100000| Complete 
|   2|0x00000000e0200000, 0x00000000e0300000, 0x00000000e0300000|100%|HC|  |TAMS 0x00000000e0200000| PB 0x00000000e0200000| Complete 
|   3|0x00000000e0300000, 0x00000000e0400000, 0x00000000e0400000|100%| O|  |TAMS 0x00000000e0300000| PB 0x00000000e0300000| Untracked 
|   4|0x00000000e0400000, 0x00000000e0500000, 0x00000000e0500000|100%| O|  |TAMS 0x00000000e0400000| PB 0x00000000e0400000| Untracked 
|   5|0x00000000e0500000, 0x00000000e0600000, 0x00000000e0600000|100%| O|  |TAMS 0x00000000e0500000| PB 0x00000000e0500000| Untracked 
|   6|0x00000000e0600000, 0x00000000e0700000, 0x00000000e0700000|100%|HS|  |TAMS 0x00000000e0600000| PB 0x00000000e0600000| Complete 
|   7|0x00000000e0700000, 0x00000000e0800000, 0x00000000e0800000|100%| O|  |TAMS 0x00000000e0700000| PB 0x00000000e0700000| Untracked 
|   8|0x00000000e0800000, 0x00000000e0900000, 0x00000000e0900000|100%| O|  |TAMS 0x00000000e0800000| PB 0x00000000e0800000| Untracked 
|   9|0x00000000e0900000, 0x00000000e0a00000, 0x00000000e0a00000|100%| O|  |TAMS 0x00000000e0900000| PB 0x00000000e0900000| Untracked 
|  10|0x00000000e0a00000, 0x00000000e0b00000, 0x00000000e0b00000|100%| O|  |TAMS 0x00000000e0a00000| PB 0x00000000e0a00000| Untracked 
|  11|0x00000000e0b00000, 0x00000000e0c00000, 0x00000000e0c00000|100%| O|  |TAMS 0x00000000e0b00000| PB 0x00000000e0b00000| Untracked 
|  12|0x00000000e0c00000, 0x00000000e0d00000, 0x00000000e0d00000|100%| O|  |TAMS 0x00000000e0c00000| PB 0x00000000e0c00000| Untracked 
|  13|0x00000000e0d00000, 0x00000000e0e00000, 0x00000000e0e00000|100%| O|  |TAMS 0x00000000e0d00000| PB 0x00000000e0d00000| Untracked 
|  14|0x00000000e0e00000, 0x00000000e0f00000, 0x00000000e0f00000|100%| O|  |TAMS 0x00000000e0e00000| PB 0x00000000e0e00000| Untracked 
|  15|0x00000000e0f00000, 0x00000000e1000000, 0x00000000e1000000|100%| O|  |TAMS 0x00000000e0f00000| PB 0x00000000e0f00000| Untracked 
|  16|0x00000000e1000000, 0x00000000e1100000, 0x00000000e1100000|100%| O|  |TAMS 0x00000000e1000000| PB 0x00000000e1000000| Untracked 
|  17|0x00000000e1100000, 0x00000000e1200000, 0x00000000e1200000|100%| O|  |TAMS 0x00000000e1100000| PB 0x00000000e1100000| Untracked 
|  18|0x00000000e1200000, 0x00000000e1300000, 0x00000000e1300000|100%| O|  |TAMS 0x00000000e1200000| PB 0x00000000e1200000| Untracked 
|  19|0x00000000e1300000, 0x00000000e1400000, 0x00000000e1400000|100%| O|  |TAMS 0x00000000e1300000| PB 0x00000000e1300000| Untracked 
|  20|0x00000000e1400000, 0x00000000e1500000, 0x00000000e1500000|100%| O|  |TAMS 0x00000000e1400000| PB 0x00000000e1400000| Untracked 
|  21|0x00000000e1500000, 0x00000000e1600000, 0x00000000e1600000|100%| O|  |TAMS 0x00000000e1500000| PB 0x00000000e1500000| Untracked 
|  22|0x00000000e1600000, 0x00000000e1700000, 0x00000000e1700000|100%| O|  |TAMS 0x00000000e1600000| PB 0x00000000e1600000| Untracked 
|  23|0x00000000e1700000, 0x00000000e1800000, 0x00000000e1800000|100%| O|  |TAMS 0x00000000e1700000| PB 0x00000000e1700000| Untracked 
|  24|0x00000000e1800000, 0x00000000e1900000, 0x00000000e1900000|100%| O|  |TAMS 0x00000000e1800000| PB 0x00000000e1800000| Untracked 
|  25|0x00000000e1900000, 0x00000000e1a00000, 0x00000000e1a00000|100%| O|  |TAMS 0x00000000e1900000| PB 0x00000000e1900000| Untracked 
|  26|0x00000000e1a00000, 0x00000000e1b00000, 0x00000000e1b00000|100%| O|  |TAMS 0x00000000e1a00000| PB 0x00000000e1a00000| Untracked 
|  27|0x00000000e1b00000, 0x00000000e1c00000, 0x00000000e1c00000|100%| O|  |TAMS 0x00000000e1b00000| PB 0x00000000e1b00000| Untracked 
|  28|0x00000000e1c00000, 0x00000000e1d00000, 0x00000000e1d00000|100%| O|  |TAMS 0x00000000e1c00000| PB 0x00000000e1c00000| Untracked 
|  29|0x00000000e1d00000, 0x00000000e1e00000, 0x00000000e1e00000|100%| O|  |TAMS 0x00000000e1d00000| PB 0x00000000e1d00000| Untracked 
|  30|0x00000000e1e00000, 0x00000000e1ef4ba0, 0x00000000e1f00000| 95%| O|  |TAMS 0x00000000e1e00000| PB 0x00000000e1e00000| Untracked 
|  31|0x00000000e1f00000, 0x00000000e1f00000, 0x00000000e2000000|  0%| F|  |TAMS 0x00000000e1f00000| PB 0x00000000e1f00000| Untracked 
|  32|0x00000000e2000000, 0x00000000e2000000, 0x00000000e2100000|  0%| F|  |TAMS 0x00000000e2000000| PB 0x00000000e2000000| Untracked 
|  33|0x00000000e2100000, 0x00000000e2100000, 0x00000000e2200000|  0%| F|  |TAMS 0x00000000e2100000| PB 0x00000000e2100000| Untracked 
|  34|0x00000000e2200000, 0x00000000e2200000, 0x00000000e2300000|  0%| F|  |TAMS 0x00000000e2200000| PB 0x00000000e2200000| Untracked 
|  35|0x00000000e2300000, 0x00000000e2300000, 0x00000000e2400000|  0%| F|  |TAMS 0x00000000e2300000| PB 0x00000000e2300000| Untracked 
|  36|0x00000000e2400000, 0x00000000e2400000, 0x00000000e2500000|  0%| F|  |TAMS 0x00000000e2400000| PB 0x00000000e2400000| Untracked 
|  37|0x00000000e2500000, 0x00000000e2500000, 0x00000000e2600000|  0%| F|  |TAMS 0x00000000e2500000| PB 0x00000000e2500000| Untracked 
|  38|0x00000000e2600000, 0x00000000e2600000, 0x00000000e2700000|  0%| F|  |TAMS 0x00000000e2600000| PB 0x00000000e2600000| Untracked 
|  39|0x00000000e2700000, 0x00000000e2700000, 0x00000000e2800000|  0%| F|  |TAMS 0x00000000e2700000| PB 0x00000000e2700000| Untracked 
|  40|0x00000000e2800000, 0x00000000e2800000, 0x00000000e2900000|  0%| F|  |TAMS 0x00000000e2800000| PB 0x00000000e2800000| Untracked 
|  41|0x00000000e2900000, 0x00000000e2900000, 0x00000000e2a00000|  0%| F|  |TAMS 0x00000000e2900000| PB 0x00000000e2900000| Untracked 
|  42|0x00000000e2a00000, 0x00000000e2a00000, 0x00000000e2b00000|  0%| F|  |TAMS 0x00000000e2a00000| PB 0x00000000e2a00000| Untracked 
|  43|0x00000000e2b00000, 0x00000000e2b00000, 0x00000000e2c00000|  0%| F|  |TAMS 0x00000000e2b00000| PB 0x00000000e2b00000| Untracked 
|  44|0x00000000e2c00000, 0x00000000e2c00000, 0x00000000e2d00000|  0%| F|  |TAMS 0x00000000e2c00000| PB 0x00000000e2c00000| Untracked 
|  45|0x00000000e2d00000, 0x00000000e2d00000, 0x00000000e2e00000|  0%| F|  |TAMS 0x00000000e2d00000| PB 0x00000000e2d00000| Untracked 
|  46|0x00000000e2e00000, 0x00000000e2e00000, 0x00000000e2f00000|  0%| F|  |TAMS 0x00000000e2e00000| PB 0x00000000e2e00000| Untracked 
|  47|0x00000000e2f00000, 0x00000000e2f00000, 0x00000000e3000000|  0%| F|  |TAMS 0x00000000e2f00000| PB 0x00000000e2f00000| Untracked 
|  48|0x00000000e3000000, 0x00000000e3000000, 0x00000000e3100000|  0%| F|  |TAMS 0x00000000e3000000| PB 0x00000000e3000000| Untracked 
|  49|0x00000000e3100000, 0x00000000e3100000, 0x00000000e3200000|  0%| F|  |TAMS 0x00000000e3100000| PB 0x00000000e3100000| Untracked 
|  50|0x00000000e3200000, 0x00000000e3200000, 0x00000000e3300000|  0%| F|  |TAMS 0x00000000e3200000| PB 0x00000000e3200000| Untracked 
|  51|0x00000000e3300000, 0x00000000e3300000, 0x00000000e3400000|  0%| F|  |TAMS 0x00000000e3300000| PB 0x00000000e3300000| Untracked 
|  52|0x00000000e3400000, 0x00000000e3400000, 0x00000000e3500000|  0%| F|  |TAMS 0x00000000e3400000| PB 0x00000000e3400000| Untracked 
|  53|0x00000000e3500000, 0x00000000e3500000, 0x00000000e3600000|  0%| F|  |TAMS 0x00000000e3500000| PB 0x00000000e3500000| Untracked 
|  54|0x00000000e3600000, 0x00000000e3600000, 0x00000000e3700000|  0%| F|  |TAMS 0x00000000e3600000| PB 0x00000000e3600000| Untracked 
|  55|0x00000000e3700000, 0x00000000e3700000, 0x00000000e3800000|  0%| F|  |TAMS 0x00000000e3700000| PB 0x00000000e3700000| Untracked 
|  56|0x00000000e3800000, 0x00000000e3800000, 0x00000000e3900000|  0%| F|  |TAMS 0x00000000e3800000| PB 0x00000000e3800000| Untracked 
|  57|0x00000000e3900000, 0x00000000e3900000, 0x00000000e3a00000|  0%| F|  |TAMS 0x00000000e3900000| PB 0x00000000e3900000| Untracked 
|  58|0x00000000e3a00000, 0x00000000e3a00000, 0x00000000e3b00000|  0%| F|  |TAMS 0x00000000e3a00000| PB 0x00000000e3a00000| Untracked 
|  59|0x00000000e3b00000, 0x00000000e3b00000, 0x00000000e3c00000|  0%| F|  |TAMS 0x00000000e3b00000| PB 0x00000000e3b00000| Untracked 
|  60|0x00000000e3c00000, 0x00000000e3c00000, 0x00000000e3d00000|  0%| F|  |TAMS 0x00000000e3c00000| PB 0x00000000e3c00000| Untracked 
|  61|0x00000000e3d00000, 0x00000000e3d00000, 0x00000000e3e00000|  0%| F|  |TAMS 0x00000000e3d00000| PB 0x00000000e3d00000| Untracked 
|  62|0x00000000e3e00000, 0x00000000e3e00000, 0x00000000e3f00000|  0%| F|  |TAMS 0x00000000e3e00000| PB 0x00000000e3e00000| Untracked 
|  63|0x00000000e3f00000, 0x00000000e3f00000, 0x00000000e4000000|  0%| F|  |TAMS 0x00000000e3f00000| PB 0x00000000e3f00000| Untracked 
|  64|0x00000000e4000000, 0x00000000e4000000, 0x00000000e4100000|  0%| F|  |TAMS 0x00000000e4000000| PB 0x00000000e4000000| Untracked 
|  65|0x00000000e4100000, 0x00000000e4100000, 0x00000000e4200000|  0%| F|  |TAMS 0x00000000e4100000| PB 0x00000000e4100000| Untracked 
|  66|0x00000000e4200000, 0x00000000e4200000, 0x00000000e4300000|  0%| F|  |TAMS 0x00000000e4200000| PB 0x00000000e4200000| Untracked 
|  67|0x00000000e4300000, 0x00000000e4300000, 0x00000000e4400000|  0%| F|  |TAMS 0x00000000e4300000| PB 0x00000000e4300000| Untracked 
|  68|0x00000000e4400000, 0x00000000e4400000, 0x00000000e4500000|  0%| F|  |TAMS 0x00000000e4400000| PB 0x00000000e4400000| Untracked 
|  69|0x00000000e4500000, 0x00000000e4500000, 0x00000000e4600000|  0%| F|  |TAMS 0x00000000e4500000| PB 0x00000000e4500000| Untracked 
|  70|0x00000000e4600000, 0x00000000e4600000, 0x00000000e4700000|  0%| F|  |TAMS 0x00000000e4600000| PB 0x00000000e4600000| Untracked 
|  71|0x00000000e4700000, 0x00000000e4700000, 0x00000000e4800000|  0%| F|  |TAMS 0x00000000e4700000| PB 0x00000000e4700000| Untracked 
|  72|0x00000000e4800000, 0x00000000e4800000, 0x00000000e4900000|  0%| F|  |TAMS 0x00000000e4800000| PB 0x00000000e4800000| Untracked 
|  73|0x00000000e4900000, 0x00000000e4900000, 0x00000000e4a00000|  0%| F|  |TAMS 0x00000000e4900000| PB 0x00000000e4900000| Untracked 
|  74|0x00000000e4a00000, 0x00000000e4a00000, 0x00000000e4b00000|  0%| F|  |TAMS 0x00000000e4a00000| PB 0x00000000e4a00000| Untracked 
|  75|0x00000000e4b00000, 0x00000000e4b00000, 0x00000000e4c00000|  0%| F|  |TAMS 0x00000000e4b00000| PB 0x00000000e4b00000| Untracked 
|  76|0x00000000e4c00000, 0x00000000e4c00000, 0x00000000e4d00000|  0%| F|  |TAMS 0x00000000e4c00000| PB 0x00000000e4c00000| Untracked 
|  77|0x00000000e4d00000, 0x00000000e4d00000, 0x00000000e4e00000|  0%| F|  |TAMS 0x00000000e4d00000| PB 0x00000000e4d00000| Untracked 
|  78|0x00000000e4e00000, 0x00000000e4e00000, 0x00000000e4f00000|  0%| F|  |TAMS 0x00000000e4e00000| PB 0x00000000e4e00000| Untracked 
|  79|0x00000000e4f00000, 0x00000000e4f00000, 0x00000000e5000000|  0%| F|  |TAMS 0x00000000e4f00000| PB 0x00000000e4f00000| Untracked 
|  80|0x00000000e5000000, 0x00000000e5000000, 0x00000000e5100000|  0%| F|  |TAMS 0x00000000e5000000| PB 0x00000000e5000000| Untracked 
|  81|0x00000000e5100000, 0x00000000e5100000, 0x00000000e5200000|  0%| F|  |TAMS 0x00000000e5100000| PB 0x00000000e5100000| Untracked 
|  82|0x00000000e5200000, 0x00000000e5200000, 0x00000000e5300000|  0%| F|  |TAMS 0x00000000e5200000| PB 0x00000000e5200000| Untracked 
|  83|0x00000000e5300000, 0x00000000e5300000, 0x00000000e5400000|  0%| F|  |TAMS 0x00000000e5300000| PB 0x00000000e5300000| Untracked 
|  84|0x00000000e5400000, 0x00000000e5400000, 0x00000000e5500000|  0%| F|  |TAMS 0x00000000e5400000| PB 0x00000000e5400000| Untracked 
|  85|0x00000000e5500000, 0x00000000e5500000, 0x00000000e5600000|  0%| F|  |TAMS 0x00000000e5500000| PB 0x00000000e5500000| Untracked 
|  86|0x00000000e5600000, 0x00000000e5600000, 0x00000000e5700000|  0%| F|  |TAMS 0x00000000e5600000| PB 0x00000000e5600000| Untracked 
|  87|0x00000000e5700000, 0x00000000e5700000, 0x00000000e5800000|  0%| F|  |TAMS 0x00000000e5700000| PB 0x00000000e5700000| Untracked 
|  88|0x00000000e5800000, 0x00000000e5800000, 0x00000000e5900000|  0%| F|  |TAMS 0x00000000e5800000| PB 0x00000000e5800000| Untracked 
|  89|0x00000000e5900000, 0x00000000e5900000, 0x00000000e5a00000|  0%| F|  |TAMS 0x00000000e5900000| PB 0x00000000e5900000| Untracked 
|  90|0x00000000e5a00000, 0x00000000e5a00000, 0x00000000e5b00000|  0%| F|  |TAMS 0x00000000e5a00000| PB 0x00000000e5a00000| Untracked 
|  91|0x00000000e5b00000, 0x00000000e5b00000, 0x00000000e5c00000|  0%| F|  |TAMS 0x00000000e5b00000| PB 0x00000000e5b00000| Untracked 
|  92|0x00000000e5c00000, 0x00000000e5c00000, 0x00000000e5d00000|  0%| F|  |TAMS 0x00000000e5c00000| PB 0x00000000e5c00000| Untracked 
|  93|0x00000000e5d00000, 0x00000000e5d00000, 0x00000000e5e00000|  0%| F|  |TAMS 0x00000000e5d00000| PB 0x00000000e5d00000| Untracked 
|  94|0x00000000e5e00000, 0x00000000e5e00000, 0x00000000e5f00000|  0%| F|  |TAMS 0x00000000e5e00000| PB 0x00000000e5e00000| Untracked 
|  95|0x00000000e5f00000, 0x00000000e5f00000, 0x00000000e6000000|  0%| F|  |TAMS 0x00000000e5f00000| PB 0x00000000e5f00000| Untracked 
|  96|0x00000000e6000000, 0x00000000e6000000, 0x00000000e6100000|  0%| F|  |TAMS 0x00000000e6000000| PB 0x00000000e6000000| Untracked 
|  97|0x00000000e6100000, 0x00000000e6100000, 0x00000000e6200000|  0%| F|  |TAMS 0x00000000e6100000| PB 0x00000000e6100000| Untracked 
|  98|0x00000000e6200000, 0x00000000e6200000, 0x00000000e6300000|  0%| F|  |TAMS 0x00000000e6200000| PB 0x00000000e6200000| Untracked 
|  99|0x00000000e6300000, 0x00000000e6300000, 0x00000000e6400000|  0%| F|  |TAMS 0x00000000e6300000| PB 0x00000000e6300000| Untracked 
| 100|0x00000000e6400000, 0x00000000e6400000, 0x00000000e6500000|  0%| F|  |TAMS 0x00000000e6400000| PB 0x00000000e6400000| Untracked 
| 101|0x00000000e6500000, 0x00000000e6500000, 0x00000000e6600000|  0%| F|  |TAMS 0x00000000e6500000| PB 0x00000000e6500000| Untracked 
| 102|0x00000000e6600000, 0x00000000e6600000, 0x00000000e6700000|  0%| F|  |TAMS 0x00000000e6600000| PB 0x00000000e6600000| Untracked 
| 103|0x00000000e6700000, 0x00000000e6700000, 0x00000000e6800000|  0%| F|  |TAMS 0x00000000e6700000| PB 0x00000000e6700000| Untracked 
| 104|0x00000000e6800000, 0x00000000e6800000, 0x00000000e6900000|  0%| F|  |TAMS 0x00000000e6800000| PB 0x00000000e6800000| Untracked 
| 105|0x00000000e6900000, 0x00000000e6900000, 0x00000000e6a00000|  0%| F|  |TAMS 0x00000000e6900000| PB 0x00000000e6900000| Untracked 
| 106|0x00000000e6a00000, 0x00000000e6a00000, 0x00000000e6b00000|  0%| F|  |TAMS 0x00000000e6a00000| PB 0x00000000e6a00000| Untracked 
| 107|0x00000000e6b00000, 0x00000000e6b00000, 0x00000000e6c00000|  0%| F|  |TAMS 0x00000000e6b00000| PB 0x00000000e6b00000| Untracked 
| 108|0x00000000e6c00000, 0x00000000e6c00000, 0x00000000e6d00000|  0%| F|  |TAMS 0x00000000e6c00000| PB 0x00000000e6c00000| Untracked 
| 109|0x00000000e6d00000, 0x00000000e6d00000, 0x00000000e6e00000|  0%| F|  |TAMS 0x00000000e6d00000| PB 0x00000000e6d00000| Untracked 
| 110|0x00000000e6e00000, 0x00000000e6e00000, 0x00000000e6f00000|  0%| F|  |TAMS 0x00000000e6e00000| PB 0x00000000e6e00000| Untracked 
| 111|0x00000000e6f00000, 0x00000000e6f00000, 0x00000000e7000000|  0%| F|  |TAMS 0x00000000e6f00000| PB 0x00000000e6f00000| Untracked 
| 112|0x00000000e7000000, 0x00000000e7000000, 0x00000000e7100000|  0%| F|  |TAMS 0x00000000e7000000| PB 0x00000000e7000000| Untracked 
| 113|0x00000000e7100000, 0x00000000e7100000, 0x00000000e7200000|  0%| F|  |TAMS 0x00000000e7100000| PB 0x00000000e7100000| Untracked 
| 114|0x00000000e7200000, 0x00000000e7200000, 0x00000000e7300000|  0%| F|  |TAMS 0x00000000e7200000| PB 0x00000000e7200000| Untracked 
| 115|0x00000000e7300000, 0x00000000e7300000, 0x00000000e7400000|  0%| F|  |TAMS 0x00000000e7300000| PB 0x00000000e7300000| Untracked 
| 116|0x00000000e7400000, 0x00000000e7400000, 0x00000000e7500000|  0%| F|  |TAMS 0x00000000e7400000| PB 0x00000000e7400000| Untracked 
| 117|0x00000000e7500000, 0x00000000e7500000, 0x00000000e7600000|  0%| F|  |TAMS 0x00000000e7500000| PB 0x00000000e7500000| Untracked 
| 118|0x00000000e7600000, 0x00000000e7600000, 0x00000000e7700000|  0%| F|  |TAMS 0x00000000e7600000| PB 0x00000000e7600000| Untracked 
| 119|0x00000000e7700000, 0x00000000e7700000, 0x00000000e7800000|  0%| F|  |TAMS 0x00000000e7700000| PB 0x00000000e7700000| Untracked 
| 120|0x00000000e7800000, 0x00000000e7800000, 0x00000000e7900000|  0%| F|  |TAMS 0x00000000e7800000| PB 0x00000000e7800000| Untracked 
| 121|0x00000000e7900000, 0x00000000e7900000, 0x00000000e7a00000|  0%| F|  |TAMS 0x00000000e7900000| PB 0x00000000e7900000| Untracked 
| 122|0x00000000e7a00000, 0x00000000e7a00000, 0x00000000e7b00000|  0%| F|  |TAMS 0x00000000e7a00000| PB 0x00000000e7a00000| Untracked 
| 123|0x00000000e7b00000, 0x00000000e7b00000, 0x00000000e7c00000|  0%| F|  |TAMS 0x00000000e7b00000| PB 0x00000000e7b00000| Untracked 
| 124|0x00000000e7c00000, 0x00000000e7c00000, 0x00000000e7d00000|  0%| F|  |TAMS 0x00000000e7c00000| PB 0x00000000e7c00000| Untracked 
| 125|0x00000000e7d00000, 0x00000000e7d00000, 0x00000000e7e00000|  0%| F|  |TAMS 0x00000000e7d00000| PB 0x00000000e7d00000| Untracked 
| 126|0x00000000e7e00000, 0x00000000e7e00000, 0x00000000e7f00000|  0%| F|  |TAMS 0x00000000e7e00000| PB 0x00000000e7e00000| Untracked 
| 127|0x00000000e7f00000, 0x00000000e7f00000, 0x00000000e8000000|  0%| F|  |TAMS 0x00000000e7f00000| PB 0x00000000e7f00000| Untracked 
| 128|0x00000000e8000000, 0x00000000e8000000, 0x00000000e8100000|  0%| F|  |TAMS 0x00000000e8000000| PB 0x00000000e8000000| Untracked 
| 129|0x00000000e8100000, 0x00000000e8100000, 0x00000000e8200000|  0%| F|  |TAMS 0x00000000e8100000| PB 0x00000000e8100000| Untracked 
| 130|0x00000000e8200000, 0x00000000e8200000, 0x00000000e8300000|  0%| F|  |TAMS 0x00000000e8200000| PB 0x00000000e8200000| Untracked 
| 131|0x00000000e8300000, 0x00000000e8300000, 0x00000000e8400000|  0%| F|  |TAMS 0x00000000e8300000| PB 0x00000000e8300000| Untracked 
| 132|0x00000000e8400000, 0x00000000e8400000, 0x00000000e8500000|  0%| F|  |TAMS 0x00000000e8400000| PB 0x00000000e8400000| Untracked 
| 133|0x00000000e8500000, 0x00000000e8500000, 0x00000000e8600000|  0%| F|  |TAMS 0x00000000e8500000| PB 0x00000000e8500000| Untracked 
| 134|0x00000000e8600000, 0x00000000e8600000, 0x00000000e8700000|  0%| F|  |TAMS 0x00000000e8600000| PB 0x00000000e8600000| Untracked 
| 135|0x00000000e8700000, 0x00000000e8700000, 0x00000000e8800000|  0%| F|  |TAMS 0x00000000e8700000| PB 0x00000000e8700000| Untracked 
| 136|0x00000000e8800000, 0x00000000e8800000, 0x00000000e8900000|  0%| F|  |TAMS 0x00000000e8800000| PB 0x00000000e8800000| Untracked 
| 137|0x00000000e8900000, 0x00000000e8900000, 0x00000000e8a00000|  0%| F|  |TAMS 0x00000000e8900000| PB 0x00000000e8900000| Untracked 
| 138|0x00000000e8a00000, 0x00000000e8a00000, 0x00000000e8b00000|  0%| F|  |TAMS 0x00000000e8a00000| PB 0x00000000e8a00000| Untracked 
| 139|0x00000000e8b00000, 0x00000000e8b00000, 0x00000000e8c00000|  0%| F|  |TAMS 0x00000000e8b00000| PB 0x00000000e8b00000| Untracked 
| 140|0x00000000e8c00000, 0x00000000e8c00000, 0x00000000e8d00000|  0%| F|  |TAMS 0x00000000e8c00000| PB 0x00000000e8c00000| Untracked 
| 141|0x00000000e8d00000, 0x00000000e8d00000, 0x00000000e8e00000|  0%| F|  |TAMS 0x00000000e8d00000| PB 0x00000000e8d00000| Untracked 
| 142|0x00000000e8e00000, 0x00000000e8e00000, 0x00000000e8f00000|  0%| F|  |TAMS 0x00000000e8e00000| PB 0x00000000e8e00000| Untracked 
| 143|0x00000000e8f00000, 0x00000000e8f00000, 0x00000000e9000000|  0%| F|  |TAMS 0x00000000e8f00000| PB 0x00000000e8f00000| Untracked 
| 144|0x00000000e9000000, 0x00000000e9000000, 0x00000000e9100000|  0%| F|  |TAMS 0x00000000e9000000| PB 0x00000000e9000000| Untracked 
| 145|0x00000000e9100000, 0x00000000e9100000, 0x00000000e9200000|  0%| F|  |TAMS 0x00000000e9100000| PB 0x00000000e9100000| Untracked 
| 146|0x00000000e9200000, 0x00000000e9200000, 0x00000000e9300000|  0%| F|  |TAMS 0x00000000e9200000| PB 0x00000000e9200000| Untracked 
| 147|0x00000000e9300000, 0x00000000e9300000, 0x00000000e9400000|  0%| F|  |TAMS 0x00000000e9300000| PB 0x00000000e9300000| Untracked 
| 148|0x00000000e9400000, 0x00000000e9400000, 0x00000000e9500000|  0%| F|  |TAMS 0x00000000e9400000| PB 0x00000000e9400000| Untracked 
| 149|0x00000000e9500000, 0x00000000e9500000, 0x00000000e9600000|  0%| F|  |TAMS 0x00000000e9500000| PB 0x00000000e9500000| Untracked 
| 150|0x00000000e9600000, 0x00000000e9600000, 0x00000000e9700000|  0%| F|  |TAMS 0x00000000e9600000| PB 0x00000000e9600000| Untracked 
| 151|0x00000000e9700000, 0x00000000e9700000, 0x00000000e9800000|  0%| F|  |TAMS 0x00000000e9700000| PB 0x00000000e9700000| Untracked 
| 152|0x00000000e9800000, 0x00000000e9800000, 0x00000000e9900000|  0%| F|  |TAMS 0x00000000e9800000| PB 0x00000000e9800000| Untracked 
| 153|0x00000000e9900000, 0x00000000e9900000, 0x00000000e9a00000|  0%| F|  |TAMS 0x00000000e9900000| PB 0x00000000e9900000| Untracked 
| 154|0x00000000e9a00000, 0x00000000e9a00000, 0x00000000e9b00000|  0%| F|  |TAMS 0x00000000e9a00000| PB 0x00000000e9a00000| Untracked 
| 155|0x00000000e9b00000, 0x00000000e9b00000, 0x00000000e9c00000|  0%| F|  |TAMS 0x00000000e9b00000| PB 0x00000000e9b00000| Untracked 
| 156|0x00000000e9c00000, 0x00000000e9c00000, 0x00000000e9d00000|  0%| F|  |TAMS 0x00000000e9c00000| PB 0x00000000e9c00000| Untracked 
| 157|0x00000000e9d00000, 0x00000000e9d00000, 0x00000000e9e00000|  0%| F|  |TAMS 0x00000000e9d00000| PB 0x00000000e9d00000| Untracked 
| 158|0x00000000e9e00000, 0x00000000e9e00000, 0x00000000e9f00000|  0%| F|  |TAMS 0x00000000e9e00000| PB 0x00000000e9e00000| Untracked 
| 159|0x00000000e9f00000, 0x00000000e9f00000, 0x00000000ea000000|  0%| F|  |TAMS 0x00000000e9f00000| PB 0x00000000e9f00000| Untracked 
| 160|0x00000000ea000000, 0x00000000ea000000, 0x00000000ea100000|  0%| F|  |TAMS 0x00000000ea000000| PB 0x00000000ea000000| Untracked 
| 161|0x00000000ea100000, 0x00000000ea100000, 0x00000000ea200000|  0%| F|  |TAMS 0x00000000ea100000| PB 0x00000000ea100000| Untracked 
| 162|0x00000000ea200000, 0x00000000ea200000, 0x00000000ea300000|  0%| F|  |TAMS 0x00000000ea200000| PB 0x00000000ea200000| Untracked 
| 163|0x00000000ea300000, 0x00000000ea300000, 0x00000000ea400000|  0%| F|  |TAMS 0x00000000ea300000| PB 0x00000000ea300000| Untracked 
| 164|0x00000000ea400000, 0x00000000ea400000, 0x00000000ea500000|  0%| F|  |TAMS 0x00000000ea400000| PB 0x00000000ea400000| Untracked 
| 165|0x00000000ea500000, 0x00000000ea500000, 0x00000000ea600000|  0%| F|  |TAMS 0x00000000ea500000| PB 0x00000000ea500000| Untracked 
| 166|0x00000000ea600000, 0x00000000ea600000, 0x00000000ea700000|  0%| F|  |TAMS 0x00000000ea600000| PB 0x00000000ea600000| Untracked 
| 167|0x00000000ea700000, 0x00000000ea700000, 0x00000000ea800000|  0%| F|  |TAMS 0x00000000ea700000| PB 0x00000000ea700000| Untracked 
| 168|0x00000000ea800000, 0x00000000ea800000, 0x00000000ea900000|  0%| F|  |TAMS 0x00000000ea800000| PB 0x00000000ea800000| Untracked 
| 169|0x00000000ea900000, 0x00000000ea900000, 0x00000000eaa00000|  0%| F|  |TAMS 0x00000000ea900000| PB 0x00000000ea900000| Untracked 
| 170|0x00000000eaa00000, 0x00000000eaa00000, 0x00000000eab00000|  0%| F|  |TAMS 0x00000000eaa00000| PB 0x00000000eaa00000| Untracked 
| 171|0x00000000eab00000, 0x00000000eab00000, 0x00000000eac00000|  0%| F|  |TAMS 0x00000000eab00000| PB 0x00000000eab00000| Untracked 
| 172|0x00000000eac00000, 0x00000000eac00000, 0x00000000ead00000|  0%| F|  |TAMS 0x00000000eac00000| PB 0x00000000eac00000| Untracked 
| 173|0x00000000ead00000, 0x00000000ead00000, 0x00000000eae00000|  0%| F|  |TAMS 0x00000000ead00000| PB 0x00000000ead00000| Untracked 
| 174|0x00000000eae00000, 0x00000000eae00000, 0x00000000eaf00000|  0%| F|  |TAMS 0x00000000eae00000| PB 0x00000000eae00000| Untracked 
| 175|0x00000000eaf00000, 0x00000000eaf00000, 0x00000000eb000000|  0%| F|  |TAMS 0x00000000eaf00000| PB 0x00000000eaf00000| Untracked 
| 176|0x00000000eb000000, 0x00000000eb000000, 0x00000000eb100000|  0%| F|  |TAMS 0x00000000eb000000| PB 0x00000000eb000000| Untracked 
| 177|0x00000000eb100000, 0x00000000eb100000, 0x00000000eb200000|  0%| F|  |TAMS 0x00000000eb100000| PB 0x00000000eb100000| Untracked 
| 178|0x00000000eb200000, 0x00000000eb200000, 0x00000000eb300000|  0%| F|  |TAMS 0x00000000eb200000| PB 0x00000000eb200000| Untracked 
| 179|0x00000000eb300000, 0x00000000eb300000, 0x00000000eb400000|  0%| F|  |TAMS 0x00000000eb300000| PB 0x00000000eb300000| Untracked 
| 180|0x00000000eb400000, 0x00000000eb400000, 0x00000000eb500000|  0%| F|  |TAMS 0x00000000eb400000| PB 0x00000000eb400000| Untracked 
| 181|0x00000000eb500000, 0x00000000eb500000, 0x00000000eb600000|  0%| F|  |TAMS 0x00000000eb500000| PB 0x00000000eb500000| Untracked 
| 182|0x00000000eb600000, 0x00000000eb600000, 0x00000000eb700000|  0%| F|  |TAMS 0x00000000eb600000| PB 0x00000000eb600000| Untracked 
| 183|0x00000000eb700000, 0x00000000eb700000, 0x00000000eb800000|  0%| F|  |TAMS 0x00000000eb700000| PB 0x00000000eb700000| Untracked 
| 184|0x00000000eb800000, 0x00000000eb800000, 0x00000000eb900000|  0%| F|  |TAMS 0x00000000eb800000| PB 0x00000000eb800000| Untracked 
| 185|0x00000000eb900000, 0x00000000eb900000, 0x00000000eba00000|  0%| F|  |TAMS 0x00000000eb900000| PB 0x00000000eb900000| Untracked 
| 186|0x00000000eba00000, 0x00000000eba00000, 0x00000000ebb00000|  0%| F|  |TAMS 0x00000000eba00000| PB 0x00000000eba00000| Untracked 
| 187|0x00000000ebb00000, 0x00000000ebb00000, 0x00000000ebc00000|  0%| F|  |TAMS 0x00000000ebb00000| PB 0x00000000ebb00000| Untracked 
| 188|0x00000000ebc00000, 0x00000000ebc00000, 0x00000000ebd00000|  0%| F|  |TAMS 0x00000000ebc00000| PB 0x00000000ebc00000| Untracked 
| 189|0x00000000ebd00000, 0x00000000ebd00000, 0x00000000ebe00000|  0%| F|  |TAMS 0x00000000ebd00000| PB 0x00000000ebd00000| Untracked 
| 190|0x00000000ebe00000, 0x00000000ebe00000, 0x00000000ebf00000|  0%| F|  |TAMS 0x00000000ebe00000| PB 0x00000000ebe00000| Untracked 
| 191|0x00000000ebf00000, 0x00000000ebf00000, 0x00000000ec000000|  0%| F|  |TAMS 0x00000000ebf00000| PB 0x00000000ebf00000| Untracked 
| 192|0x00000000ec000000, 0x00000000ec000000, 0x00000000ec100000|  0%| F|  |TAMS 0x00000000ec000000| PB 0x00000000ec000000| Untracked 
| 193|0x00000000ec100000, 0x00000000ec100000, 0x00000000ec200000|  0%| F|  |TAMS 0x00000000ec100000| PB 0x00000000ec100000| Untracked 
| 194|0x00000000ec200000, 0x00000000ec200000, 0x00000000ec300000|  0%| F|  |TAMS 0x00000000ec200000| PB 0x00000000ec200000| Untracked 
| 195|0x00000000ec300000, 0x00000000ec300000, 0x00000000ec400000|  0%| F|  |TAMS 0x00000000ec300000| PB 0x00000000ec300000| Untracked 
| 196|0x00000000ec400000, 0x00000000ec400000, 0x00000000ec500000|  0%| F|  |TAMS 0x00000000ec400000| PB 0x00000000ec400000| Untracked 
| 197|0x00000000ec500000, 0x00000000ec500000, 0x00000000ec600000|  0%| F|  |TAMS 0x00000000ec500000| PB 0x00000000ec500000| Untracked 
| 198|0x00000000ec600000, 0x00000000ec600000, 0x00000000ec700000|  0%| F|  |TAMS 0x00000000ec600000| PB 0x00000000ec600000| Untracked 
| 199|0x00000000ec700000, 0x00000000ec700000, 0x00000000ec800000|  0%| F|  |TAMS 0x00000000ec700000| PB 0x00000000ec700000| Untracked 
| 200|0x00000000ec800000, 0x00000000ec800000, 0x00000000ec900000|  0%| F|  |TAMS 0x00000000ec800000| PB 0x00000000ec800000| Untracked 
| 201|0x00000000ec900000, 0x00000000ec900000, 0x00000000eca00000|  0%| F|  |TAMS 0x00000000ec900000| PB 0x00000000ec900000| Untracked 
| 202|0x00000000eca00000, 0x00000000eca00000, 0x00000000ecb00000|  0%| F|  |TAMS 0x00000000eca00000| PB 0x00000000eca00000| Untracked 
| 203|0x00000000ecb00000, 0x00000000ecb00000, 0x00000000ecc00000|  0%| F|  |TAMS 0x00000000ecb00000| PB 0x00000000ecb00000| Untracked 
| 204|0x00000000ecc00000, 0x00000000ecc00000, 0x00000000ecd00000|  0%| F|  |TAMS 0x00000000ecc00000| PB 0x00000000ecc00000| Untracked 
| 205|0x00000000ecd00000, 0x00000000ecd00000, 0x00000000ece00000|  0%| F|  |TAMS 0x00000000ecd00000| PB 0x00000000ecd00000| Untracked 
| 206|0x00000000ece00000, 0x00000000ece00000, 0x00000000ecf00000|  0%| F|  |TAMS 0x00000000ece00000| PB 0x00000000ece00000| Untracked 
| 207|0x00000000ecf00000, 0x00000000ecf00000, 0x00000000ed000000|  0%| F|  |TAMS 0x00000000ecf00000| PB 0x00000000ecf00000| Untracked 
| 208|0x00000000ed000000, 0x00000000ed000000, 0x00000000ed100000|  0%| F|  |TAMS 0x00000000ed000000| PB 0x00000000ed000000| Untracked 
| 209|0x00000000ed100000, 0x00000000ed100000, 0x00000000ed200000|  0%| F|  |TAMS 0x00000000ed100000| PB 0x00000000ed100000| Untracked 
| 210|0x00000000ed200000, 0x00000000ed200000, 0x00000000ed300000|  0%| F|  |TAMS 0x00000000ed200000| PB 0x00000000ed200000| Untracked 
| 211|0x00000000ed300000, 0x00000000ed300000, 0x00000000ed400000|  0%| F|  |TAMS 0x00000000ed300000| PB 0x00000000ed300000| Untracked 
| 212|0x00000000ed400000, 0x00000000ed400000, 0x00000000ed500000|  0%| F|  |TAMS 0x00000000ed400000| PB 0x00000000ed400000| Untracked 
| 213|0x00000000ed500000, 0x00000000ed500000, 0x00000000ed600000|  0%| F|  |TAMS 0x00000000ed500000| PB 0x00000000ed500000| Untracked 
| 214|0x00000000ed600000, 0x00000000ed600000, 0x00000000ed700000|  0%| F|  |TAMS 0x00000000ed600000| PB 0x00000000ed600000| Untracked 
| 215|0x00000000ed700000, 0x00000000ed700000, 0x00000000ed800000|  0%| F|  |TAMS 0x00000000ed700000| PB 0x00000000ed700000| Untracked 
| 216|0x00000000ed800000, 0x00000000ed800000, 0x00000000ed900000|  0%| F|  |TAMS 0x00000000ed800000| PB 0x00000000ed800000| Untracked 
| 217|0x00000000ed900000, 0x00000000ed900000, 0x00000000eda00000|  0%| F|  |TAMS 0x00000000ed900000| PB 0x00000000ed900000| Untracked 
| 218|0x00000000eda00000, 0x00000000eda00000, 0x00000000edb00000|  0%| F|  |TAMS 0x00000000eda00000| PB 0x00000000eda00000| Untracked 
| 219|0x00000000edb00000, 0x00000000edb00000, 0x00000000edc00000|  0%| F|  |TAMS 0x00000000edb00000| PB 0x00000000edb00000| Untracked 
| 220|0x00000000edc00000, 0x00000000edc00000, 0x00000000edd00000|  0%| F|  |TAMS 0x00000000edc00000| PB 0x00000000edc00000| Untracked 
| 221|0x00000000edd00000, 0x00000000edd00000, 0x00000000ede00000|  0%| F|  |TAMS 0x00000000edd00000| PB 0x00000000edd00000| Untracked 
| 222|0x00000000ede00000, 0x00000000ede00000, 0x00000000edf00000|  0%| F|  |TAMS 0x00000000ede00000| PB 0x00000000ede00000| Untracked 
| 223|0x00000000edf00000, 0x00000000edf00000, 0x00000000ee000000|  0%| F|  |TAMS 0x00000000edf00000| PB 0x00000000edf00000| Untracked 
| 224|0x00000000ee000000, 0x00000000ee000000, 0x00000000ee100000|  0%| F|  |TAMS 0x00000000ee000000| PB 0x00000000ee000000| Untracked 
| 225|0x00000000ee100000, 0x00000000ee100000, 0x00000000ee200000|  0%| F|  |TAMS 0x00000000ee100000| PB 0x00000000ee100000| Untracked 
| 226|0x00000000ee200000, 0x00000000ee200000, 0x00000000ee300000|  0%| F|  |TAMS 0x00000000ee200000| PB 0x00000000ee200000| Untracked 
| 227|0x00000000ee300000, 0x00000000ee300000, 0x00000000ee400000|  0%| F|  |TAMS 0x00000000ee300000| PB 0x00000000ee300000| Untracked 
| 228|0x00000000ee400000, 0x00000000ee400000, 0x00000000ee500000|  0%| F|  |TAMS 0x00000000ee400000| PB 0x00000000ee400000| Untracked 
| 229|0x00000000ee500000, 0x00000000ee500000, 0x00000000ee600000|  0%| F|  |TAMS 0x00000000ee500000| PB 0x00000000ee500000| Untracked 
| 230|0x00000000ee600000, 0x00000000ee600000, 0x00000000ee700000|  0%| F|  |TAMS 0x00000000ee600000| PB 0x00000000ee600000| Untracked 
| 231|0x00000000ee700000, 0x00000000ee700000, 0x00000000ee800000|  0%| F|  |TAMS 0x00000000ee700000| PB 0x00000000ee700000| Untracked 
| 232|0x00000000ee800000, 0x00000000ee800000, 0x00000000ee900000|  0%| F|  |TAMS 0x00000000ee800000| PB 0x00000000ee800000| Untracked 
| 233|0x00000000ee900000, 0x00000000ee900000, 0x00000000eea00000|  0%| F|  |TAMS 0x00000000ee900000| PB 0x00000000ee900000| Untracked 
| 234|0x00000000eea00000, 0x00000000eea00000, 0x00000000eeb00000|  0%| F|  |TAMS 0x00000000eea00000| PB 0x00000000eea00000| Untracked 
| 235|0x00000000eeb00000, 0x00000000eeb00000, 0x00000000eec00000|  0%| F|  |TAMS 0x00000000eeb00000| PB 0x00000000eeb00000| Untracked 
| 236|0x00000000eec00000, 0x00000000eec00000, 0x00000000eed00000|  0%| F|  |TAMS 0x00000000eec00000| PB 0x00000000eec00000| Untracked 
| 237|0x00000000eed00000, 0x00000000eed00000, 0x00000000eee00000|  0%| F|  |TAMS 0x00000000eed00000| PB 0x00000000eed00000| Untracked 
| 238|0x00000000eee00000, 0x00000000eee00000, 0x00000000eef00000|  0%| F|  |TAMS 0x00000000eee00000| PB 0x00000000eee00000| Untracked 
| 239|0x00000000eef00000, 0x00000000eef00000, 0x00000000ef000000|  0%| F|  |TAMS 0x00000000eef00000| PB 0x00000000eef00000| Untracked 
| 240|0x00000000ef000000, 0x00000000ef000000, 0x00000000ef100000|  0%| F|  |TAMS 0x00000000ef000000| PB 0x00000000ef000000| Untracked 
| 241|0x00000000ef100000, 0x00000000ef100000, 0x00000000ef200000|  0%| F|  |TAMS 0x00000000ef100000| PB 0x00000000ef100000| Untracked 
| 242|0x00000000ef200000, 0x00000000ef200000, 0x00000000ef300000|  0%| F|  |TAMS 0x00000000ef200000| PB 0x00000000ef200000| Untracked 
| 243|0x00000000ef300000, 0x00000000ef300000, 0x00000000ef400000|  0%| F|  |TAMS 0x00000000ef300000| PB 0x00000000ef300000| Untracked 
| 244|0x00000000ef400000, 0x00000000ef400000, 0x00000000ef500000|  0%| F|  |TAMS 0x00000000ef400000| PB 0x00000000ef400000| Untracked 
| 245|0x00000000ef500000, 0x00000000ef500000, 0x00000000ef600000|  0%| F|  |TAMS 0x00000000ef500000| PB 0x00000000ef500000| Untracked 
| 246|0x00000000ef600000, 0x00000000ef600000, 0x00000000ef700000|  0%| F|  |TAMS 0x00000000ef600000| PB 0x00000000ef600000| Untracked 
| 247|0x00000000ef700000, 0x00000000ef700000, 0x00000000ef800000|  0%| F|  |TAMS 0x00000000ef700000| PB 0x00000000ef700000| Untracked 
| 248|0x00000000ef800000, 0x00000000ef800000, 0x00000000ef900000|  0%| F|  |TAMS 0x00000000ef800000| PB 0x00000000ef800000| Untracked 
| 249|0x00000000ef900000, 0x00000000ef900000, 0x00000000efa00000|  0%| F|  |TAMS 0x00000000ef900000| PB 0x00000000ef900000| Untracked 
| 250|0x00000000efa00000, 0x00000000efa00000, 0x00000000efb00000|  0%| F|  |TAMS 0x00000000efa00000| PB 0x00000000efa00000| Untracked 
| 251|0x00000000efb00000, 0x00000000efb00000, 0x00000000efc00000|  0%| F|  |TAMS 0x00000000efb00000| PB 0x00000000efb00000| Untracked 
| 252|0x00000000efc00000, 0x00000000efc91028, 0x00000000efd00000| 56%| E|  |TAMS 0x00000000efc00000| PB 0x00000000efc00000| Complete 
| 253|0x00000000efd00000, 0x00000000efe00000, 0x00000000efe00000|100%| S|CS|TAMS 0x00000000efd00000| PB 0x00000000efd00000| Complete 
| 254|0x00000000efe00000, 0x00000000eff00000, 0x00000000eff00000|100%| S|CS|TAMS 0x00000000efe00000| PB 0x00000000efe00000| Complete 
| 255|0x00000000eff00000, 0x00000000f0000000, 0x00000000f0000000|100%| E|CS|TAMS 0x00000000eff00000| PB 0x00000000eff00000| Complete 

Card table byte_map: [0x000001ec7e350000,0x000001ec7e450000] _byte_map_base: 0x000001ec7dc50000

Marking Bits: (CMBitMap*) 0x000001ec7397c230
 Bits: [0x000001ec7e450000, 0x000001ec7ec50000)

Polling page: 0x000001ec73a00000

Metaspace:

Usage:
  Non-class:     29.56 MB used.
      Class:      4.69 MB used.
       Both:     34.25 MB used.

Virtual space:
  Non-class space:       64.00 MB reserved,      30.12 MB ( 47%) committed,  1 nodes.
      Class space:      320.00 MB reserved,       5.25 MB (  2%) committed,  1 nodes.
             Both:      384.00 MB reserved,      35.38 MB (  9%) committed. 

Chunk freelists:
   Non-Class:  1.84 MB
       Class:  10.74 MB
        Both:  12.58 MB

MaxMetaspaceSize: 384.00 MB
CompressedClassSpaceSize: 320.00 MB
Initial GC threshold: 21.00 MB
Current GC threshold: 58.69 MB
CDS: on
 - commit_granule_bytes: 65536.
 - commit_granule_words: 8192.
 - virtual_space_node_default_size: 8388608.
 - enlarge_chunks_in_place: 1.
 - use_allocation_guard: 0.


Internal statistics:

num_allocs_failed_limit: 6.
num_arena_births: 1738.
num_arena_deaths: 0.
num_vsnodes_births: 2.
num_vsnodes_deaths: 0.
num_space_committed: 566.
num_space_uncommitted: 0.
num_chunks_returned_to_freelist: 6.
num_chunks_taken_from_freelist: 3215.
num_chunk_merges: 3.
num_chunk_splits: 2080.
num_chunks_enlarged: 1310.
num_inconsistent_stats: 0.

CodeHeap 'non-profiled nmethods': size=120000Kb used=2437Kb max_used=2768Kb free=117562Kb
 bounds [0x000001ec07ad0000, 0x000001ec07d90000, 0x000001ec0f000000]
CodeHeap 'profiled nmethods': size=120000Kb used=8004Kb max_used=9357Kb free=111995Kb
 bounds [0x000001ec00000000, 0x000001ec00930000, 0x000001ec07530000]
CodeHeap 'non-nmethods': size=5760Kb used=2677Kb max_used=2708Kb free=3082Kb
 bounds [0x000001ec07530000, 0x000001ec077e0000, 0x000001ec07ad0000]
 total_blobs=5039 nmethods=4219 adapters=724
 compilation: enabled
              stopped_count=0, restarted_count=0
 full_count=0

Compilation events (20 events):
Event: 291.478 Thread 0x000001ec7fa62520 nmethod 4763 0x000001ec07c1bc90 code [0x000001ec07c1bea0, 0x000001ec07c1c6e8]
Event: 291.478 Thread 0x000001ec7fa6b4d0 4769       3       org.objectweb.asm.Type::appendDescriptor (185 bytes)
Event: 291.479 Thread 0x000001ec7fa6b4d0 nmethod 4769 0x000001ec0014d310 code [0x000001ec0014d600, 0x000001ec0014e228]
Event: 291.479 Thread 0x000001ec7fa6b4d0 4770       3       org.gradle.model.internal.asm.MethodVisitorScope::_INVOKEVIRTUAL (12 bytes)
Event: 291.480 Thread 0x000001ec7fa6b4d0 nmethod 4770 0x000001ec0001fa90 code [0x000001ec0001fc40, 0x000001ec0001fda8]
Event: 291.480 Thread 0x000001ec7fa6b4d0 4771       3       org.objectweb.asm.MethodVisitor::visitJumpInsn (17 bytes)
Event: 291.481 Thread 0x000001ec7fa6b4d0 nmethod 4771 0x000001ec00302390 code [0x000001ec00302540, 0x000001ec00302750]
Event: 291.481 Thread 0x000001ec7fa6b4d0 4772       3       org.objectweb.asm.MethodWriter::visitJumpInsn (495 bytes)
Event: 291.483 Thread 0x000001ec7fa6b4d0 nmethod 4772 0x000001ec00044b10 code [0x000001ec00044e60, 0x000001ec00045ed8]
Event: 291.483 Thread 0x000001ec7fa6b4d0 4773       3       org.gradle.model.internal.asm.MethodVisitorScope::_INVOKEVIRTUAL (11 bytes)
Event: 291.483 Thread 0x000001ec7fa6b4d0 nmethod 4773 0x000001ec001c0690 code [0x000001ec001c0860, 0x000001ec001c0af8]
Event: 291.751 Thread 0x000001ec7fa6b4d0 4774       3       org.objectweb.asm.Frame::setLocal (65 bytes)
Event: 291.770 Thread 0x000001ec7fa6b4d0 nmethod 4774 0x000001ec0006ef10 code [0x000001ec0006f0e0, 0x000001ec0006f5f8]
Event: 291.841 Thread 0x000001ec7fa6b4d0 4775       3       org.objectweb.asm.ByteVector::put11 (52 bytes)
Event: 291.841 Thread 0x000001ec7fa6b4d0 nmethod 4775 0x000001ec0004d410 code [0x000001ec0004d5c0, 0x000001ec0004d7d0]
Event: 291.841 Thread 0x000001ec7fa6b4d0 4776       3       org.objectweb.asm.SymbolTable::getType (7 bytes)
Event: 291.841 Thread 0x000001ec7fa6b4d0 nmethod 4776 0x000001ec00076790 code [0x000001ec00076940, 0x000001ec00076a78]
Event: 291.990 Thread 0x000001ec7fa62520 4777       4       jdk.internal.org.objectweb.asm.Frame::setInputFrameFromDescriptor (175 bytes)
Event: 292.058 Thread 0x000001ec7fa6b4d0 4778       3       java.lang.invoke.LambdaForm$MH/0x000001ec120c8000::invoke (42 bytes)
Event: 292.060 Thread 0x000001ec7fa6b4d0 nmethod 4778 0x000001ec003b8210 code [0x000001ec003b84a0, 0x000001ec003b9168]

GC Heap History (12 events):
Event: 1.487 GC heap before
{Heap before GC invocations=0 (full 0):
 garbage-first heap   total 262144K, used 23552K [0x00000000e0000000, 0x0000000100000000)
  region size 1024K, 23 young (23552K), 0 survivors (0K)
 Metaspace       used 919K, committed 1088K, reserved 393216K
  class space    used 70K, committed 128K, reserved 327680K
}
Event: 1.545 GC heap after
{Heap after GC invocations=1 (full 0):
 garbage-first heap   total 262144K, used 1503K [0x00000000e0000000, 0x0000000100000000)
  region size 1024K, 2 young (2048K), 2 survivors (2048K)
 Metaspace       used 919K, committed 1088K, reserved 393216K
  class space    used 70K, committed 128K, reserved 327680K
}
Event: 61.754 GC heap before
{Heap before GC invocations=1 (full 0):
 garbage-first heap   total 262144K, used 40415K [0x00000000e0000000, 0x0000000100000000)
  region size 1024K, 38 young (38912K), 2 survivors (2048K)
 Metaspace       used 4424K, committed 4608K, reserved 393216K
  class space    used 539K, committed 640K, reserved 327680K
}
Event: 61.772 GC heap after
{Heap after GC invocations=2 (full 0):
 garbage-first heap   total 262144K, used 11001K [0x00000000e0000000, 0x0000000100000000)
  region size 1024K, 5 young (5120K), 5 survivors (5120K)
 Metaspace       used 4424K, committed 4608K, reserved 393216K
  class space    used 539K, committed 640K, reserved 327680K
}
Event: 136.209 GC heap before
{Heap before GC invocations=2 (full 0):
 garbage-first heap   total 262144K, used 67321K [0x00000000e0000000, 0x0000000100000000)
  region size 1024K, 58 young (59392K), 5 survivors (5120K)
 Metaspace       used 6048K, committed 6272K, reserved 393216K
  class space    used 781K, committed 896K, reserved 327680K
}
Event: 136.240 GC heap after
{Heap after GC invocations=3 (full 0):
 garbage-first heap   total 262144K, used 18051K [0x00000000e0000000, 0x0000000100000000)
  region size 1024K, 6 young (6144K), 6 survivors (6144K)
 Metaspace       used 6048K, committed 6272K, reserved 393216K
  class space    used 781K, committed 896K, reserved 327680K
}
Event: 197.758 GC heap before
{Heap before GC invocations=3 (full 0):
 garbage-first heap   total 262144K, used 107139K [0x00000000e0000000, 0x0000000100000000)
  region size 1024K, 94 young (96256K), 6 survivors (6144K)
 Metaspace       used 20864K, committed 21504K, reserved 393216K
  class space    used 2950K, committed 3264K, reserved 327680K
}
Event: 197.808 GC heap after
{Heap after GC invocations=4 (full 0):
 garbage-first heap   total 262144K, used 24206K [0x00000000e0000000, 0x0000000100000000)
  region size 1024K, 12 young (12288K), 12 survivors (12288K)
 Metaspace       used 20864K, committed 21504K, reserved 393216K
  class space    used 2950K, committed 3264K, reserved 327680K
}
Event: 287.959 GC heap before
{Heap before GC invocations=5 (full 0):
 garbage-first heap   total 262144K, used 137870K [0x00000000e0000000, 0x0000000100000000)
  region size 1024K, 120 young (122880K), 12 survivors (12288K)
 Metaspace       used 34917K, committed 35968K, reserved 393216K
  class space    used 4775K, committed 5312K, reserved 327680K
}
Event: 289.045 GC heap after
{Heap after GC invocations=6 (full 0):
 garbage-first heap   total 262144K, used 33077K [0x00000000e0000000, 0x0000000100000000)
  region size 1024K, 15 young (15360K), 15 survivors (15360K)
 Metaspace       used 34917K, committed 35968K, reserved 393216K
  class space    used 4775K, committed 5312K, reserved 327680K
}
Event: 290.868 GC heap before
{Heap before GC invocations=7 (full 0):
 garbage-first heap   total 262144K, used 34101K [0x00000000e0000000, 0x0000000100000000)
  region size 1024K, 16 young (16384K), 15 survivors (15360K)
 Metaspace       used 34970K, committed 36096K, reserved 393216K
  class space    used 4785K, committed 5312K, reserved 327680K
}
Event: 290.884 GC heap after
{Heap after GC invocations=8 (full 0):
 garbage-first heap   total 262144K, used 33746K [0x00000000e0000000, 0x0000000100000000)
  region size 1024K, 2 young (2048K), 2 survivors (2048K)
 Metaspace       used 34970K, committed 36096K, reserved 393216K
  class space    used 4785K, committed 5312K, reserved 327680K
}

Dll operation events (15 events):
Event: 0.033 Loaded shared library C:\Program Files\Java\jdk-21_windows-x64_bin\jdk-21.0.10\bin\java.dll
Event: 0.173 Loaded shared library C:\Program Files\Java\jdk-21_windows-x64_bin\jdk-21.0.10\bin\jsvml.dll
Event: 0.274 Loaded shared library C:\Program Files\Java\jdk-21_windows-x64_bin\jdk-21.0.10\bin\zip.dll
Event: 0.287 Loaded shared library C:\Program Files\Java\jdk-21_windows-x64_bin\jdk-21.0.10\bin\instrument.dll
Event: 0.319 Loaded shared library C:\Program Files\Java\jdk-21_windows-x64_bin\jdk-21.0.10\bin\net.dll
Event: 0.324 Loaded shared library C:\Program Files\Java\jdk-21_windows-x64_bin\jdk-21.0.10\bin\nio.dll
Event: 0.335 Loaded shared library C:\Program Files\Java\jdk-21_windows-x64_bin\jdk-21.0.10\bin\zip.dll
Event: 1.470 Loaded shared library C:\Program Files\Java\jdk-21_windows-x64_bin\jdk-21.0.10\bin\jimage.dll
Event: 1.839 Loaded shared library C:\Program Files\Java\jdk-21_windows-x64_bin\jdk-21.0.10\bin\verify.dll
Event: 2.074 Loaded shared library C:\Users\vongo\.gradle\native\1def1411415f61bf3af743bc5b6707747c0891f09f0c88961ee8f79bc544acac\windows-amd64\native-platform.dll
Event: 2.098 Loaded shared library C:\Users\vongo\.gradle\native\0.2.7\x86_64-windows-gnu\gradle-fileevents.dll
Event: 136.882 Loaded shared library C:\Program Files\Java\jdk-21_windows-x64_bin\jdk-21.0.10\bin\management.dll
Event: 136.959 Loaded shared library C:\Program Files\Java\jdk-21_windows-x64_bin\jdk-21.0.10\bin\management_ext.dll
Event: 146.695 Loaded shared library C:\Program Files\Java\jdk-21_windows-x64_bin\jdk-21.0.10\bin\extnet.dll
Event: 161.164 Loaded shared library C:\Program Files\Java\jdk-21_windows-x64_bin\jdk-21.0.10\bin\sunmscapi.dll

Deoptimization events (20 events):
Event: 280.353 Thread 0x000001ec2b059f50 Uncommon trap: trap_request=0xffffffc6 fr.pc=0x000001ec07d3833c relative=0x000000000000087c
Event: 280.353 Thread 0x000001ec2b059f50 Uncommon trap: reason=bimorphic_or_optimized_type_check action=maybe_recompile pc=0x000001ec07d3833c method=java.util.regex.Pattern$Start.match(Ljava/util/regex/Matcher;ILjava/lang/CharSequence;)Z @ 44 c2
Event: 280.353 Thread 0x000001ec2b059f50 DEOPT PACKING pc=0x000001ec07d3833c sp=0x000000c71c6f91d0
Event: 280.354 Thread 0x000001ec2b059f50 DEOPT UNPACKING pc=0x000001ec075846a2 sp=0x000000c71c6f90a8 mode 2
Event: 280.355 Thread 0x000001ec2b059f50 Uncommon trap: trap_request=0xffffffc6 fr.pc=0x000001ec07d3833c relative=0x000000000000087c
Event: 280.355 Thread 0x000001ec2b059f50 Uncommon trap: reason=bimorphic_or_optimized_type_check action=maybe_recompile pc=0x000001ec07d3833c method=java.util.regex.Pattern$Start.match(Ljava/util/regex/Matcher;ILjava/lang/CharSequence;)Z @ 44 c2
Event: 280.355 Thread 0x000001ec2b059f50 DEOPT PACKING pc=0x000001ec07d3833c sp=0x000000c71c6f91d0
Event: 280.355 Thread 0x000001ec2b059f50 DEOPT UNPACKING pc=0x000001ec075846a2 sp=0x000000c71c6f90a8 mode 2
Event: 280.359 Thread 0x000001ec2b059f50 Uncommon trap: trap_request=0xffffffc6 fr.pc=0x000001ec07d346a8 relative=0x0000000000000868
Event: 280.359 Thread 0x000001ec2b059f50 Uncommon trap: reason=bimorphic_or_optimized_type_check action=maybe_recompile pc=0x000001ec07d346a8 method=java.util.regex.Pattern$Start.match(Ljava/util/regex/Matcher;ILjava/lang/CharSequence;)Z @ 44 c2
Event: 280.359 Thread 0x000001ec2b059f50 DEOPT PACKING pc=0x000001ec07d346a8 sp=0x000000c71c6f9150
Event: 280.359 Thread 0x000001ec2b059f50 DEOPT UNPACKING pc=0x000001ec075846a2 sp=0x000000c71c6f90a0 mode 2
Event: 289.491 Thread 0x000001ec2b059f50 Uncommon trap: trap_request=0xffffffde fr.pc=0x000001ec07c5f710 relative=0x00000000000002d0
Event: 289.491 Thread 0x000001ec2b059f50 Uncommon trap: reason=class_check action=maybe_recompile pc=0x000001ec07c5f710 method=java.util.Collections$SetFromMap.remove(Ljava/lang/Object;)Z @ 5 c2
Event: 289.491 Thread 0x000001ec2b059f50 DEOPT PACKING pc=0x000001ec07c5f710 sp=0x000000c71c6faff0
Event: 289.492 Thread 0x000001ec2b059f50 DEOPT UNPACKING pc=0x000001ec075846a2 sp=0x000000c71c6fafd8 mode 2
Event: 291.006 Thread 0x000001ec2b059f50 Uncommon trap: trap_request=0xffffff45 fr.pc=0x000001ec07d0844c relative=0x000000000000022c
Event: 291.006 Thread 0x000001ec2b059f50 Uncommon trap: reason=unstable_if action=reinterpret pc=0x000001ec07d0844c method=java.util.HashMap.putVal(ILjava/lang/Object;Ljava/lang/Object;ZZ)Ljava/lang/Object; @ 162 c2
Event: 291.006 Thread 0x000001ec2b059f50 DEOPT PACKING pc=0x000001ec07d0844c sp=0x000000c71c6fa220
Event: 291.006 Thread 0x000001ec2b059f50 DEOPT UNPACKING pc=0x000001ec075846a2 sp=0x000000c71c6fa130 mode 2

Classes loaded (20 events):
Event: 253.704 Loading class jdk/internal/jimage/ImageReader$Resource
Event: 253.705 Loading class jdk/internal/jimage/ImageReader$Resource done
Event: 258.265 Loading class java/util/WeakHashMap$KeyIterator
Event: 258.267 Loading class java/util/WeakHashMap$HashIterator
Event: 258.268 Loading class java/util/WeakHashMap$HashIterator done
Event: 258.268 Loading class java/util/WeakHashMap$KeyIterator done
Event: 280.347 Loading class sun/reflect/generics/tree/IntSignature
Event: 280.349 Loading class sun/reflect/generics/tree/IntSignature done
Event: 280.351 Loading class sun/reflect/generics/tree/ArrayTypeSignature
Event: 280.352 Loading class sun/reflect/generics/tree/ArrayTypeSignature done
Event: 281.427 Loading class com/sun/beans/finder/MethodFinder
Event: 281.434 Loading class com/sun/beans/finder/AbstractFinder
Event: 281.442 Loading class com/sun/beans/finder/AbstractFinder done
Event: 281.442 Loading class com/sun/beans/finder/MethodFinder done
Event: 281.442 Loading class com/sun/beans/finder/MethodFinder$1
Event: 281.449 Loading class com/sun/beans/finder/MethodFinder$1 done
Event: 281.449 Loading class com/sun/beans/finder/FinderUtils
Event: 281.450 Loading class com/sun/beans/finder/FinderUtils done
Event: 287.948 Loading class java/lang/invoke/SerializedLambda
Event: 289.136 Loading class java/lang/invoke/SerializedLambda done

Classes unloaded (0 events):
No events

Classes redefined (0 events):
No events

Internal exceptions (20 events):
Event: 261.807 Thread 0x000001ec2b059f50 Exception <a 'java/lang/ClassNotFoundException'{0x00000000e9478c30}: groovy/lang/ScriptCustomizer> (0x00000000e9478c30) 
thrown [s\open\src\hotspot\share\classfile\systemDictionary.cpp, line 312]
Event: 261.818 Thread 0x000001ec2b059f50 Exception <a 'java/lang/ClassNotFoundException'{0x00000000e948a3f8}: org/gradle/groovy/scripts/ScriptCustomizer> (0x00000000e948a3f8) 
thrown [s\open\src\hotspot\share\classfile\systemDictionary.cpp, line 312]
Event: 261.835 Thread 0x000001ec2b059f50 Exception <a 'java/lang/ClassNotFoundException'{0x00000000e9499ae8}: org/gradle/groovy/scripts/BasicScriptCustomizer> (0x00000000e9499ae8) 
thrown [s\open\src\hotspot\share\classfile\systemDictionary.cpp, line 312]
Event: 262.028 Thread 0x000001ec2b059f50 Exception <a 'java/lang/ClassNotFoundException'{0x00000000e94af7d0}: org/gradle/groovy/scripts/DefaultScriptCustomizer> (0x00000000e94af7d0) 
thrown [s\open\src\hotspot\share\classfile\systemDictionary.cpp, line 312]
Event: 262.097 Thread 0x000001ec2b059f50 Exception <a 'java/lang/ClassNotFoundException'{0x00000000e94f1ec8}: org/gradle/initialization/InitScriptCustomizer> (0x00000000e94f1ec8) 
thrown [s\open\src\hotspot\share\classfile\systemDictionary.cpp, line 312]
Event: 262.393 Thread 0x000001ec2b059f50 Exception <a 'java/lang/ClassNotFoundException'{0x00000000e93006c8}: javals_3ut6ezwgmfr0tgjrfmuz2dfwwCustomizer> (0x00000000e93006c8) 
thrown [s\open\src\hotspot\share\classfile\systemDictionary.cpp, line 312]
Event: 268.455 Thread 0x000001ec2b059f50 Exception <a 'java/lang/ClassNotFoundException'{0x00000000e93d2510}: org/gradle/internal/extensibility/DefaultExtraPropertiesExtensionBeanInfo> (0x00000000e93d2510) 
thrown [s\open\src\hotspot\share\classfile\systemDictionary.cpp, line 312]
Event: 268.476 Thread 0x000001ec2b059f50 Exception <a 'java/lang/ClassNotFoundException'{0x00000000e93db538}: org/gradle/internal/extensibility/DefaultExtraPropertiesExtensionCustomizer> (0x00000000e93db538) 
thrown [s\open\src\hotspot\share\classfile\systemDictionary.cpp, line 312]
Event: 274.696 Thread 0x000001ec2b059f50 Exception <a 'java/lang/NoSuchMethodError'{0x00000000e92cf410}: 'java.lang.Object java.lang.invoke.DirectMethodHandle$Holder.invokeSpecialIFC(java.lang.Object, java.lang.Object, java.lang.Object, java.lang.Object)'> (0x00000000e92cf410) 
thrown [s\open\src\hotspot\share\interpreter\linkResolver.cpp, line 773]
Event: 280.337 Thread 0x000001ec2b059f50 Exception <a 'java/lang/ClassNotFoundException'{0x00000000e8d0a6e8}: groovy/lang/Closure$1BeanInfo> (0x00000000e8d0a6e8) 
thrown [s\open\src\hotspot\share\classfile\systemDictionary.cpp, line 312]
Event: 280.340 Thread 0x000001ec2b059f50 Exception <a 'java/lang/ClassNotFoundException'{0x00000000e8d17848}: groovy/lang/ClosureBeanInfo> (0x00000000e8d17848) 
thrown [s\open\src\hotspot\share\classfile\systemDictionary.cpp, line 312]
Event: 280.342 Thread 0x000001ec2b059f50 Exception <a 'java/lang/ClassNotFoundException'{0x00000000e8d24910}: groovy/lang/ClosureCustomizer> (0x00000000e8d24910) 
thrown [s\open\src\hotspot\share\classfile\systemDictionary.cpp, line 312]
Event: 281.416 Thread 0x000001ec2b059f50 Exception <a 'java/lang/ClassNotFoundException'{0x00000000e8d565d0}: groovy/lang/Closure$1Customizer> (0x00000000e8d565d0) 
thrown [s\open\src\hotspot\share\classfile\systemDictionary.cpp, line 312]
Event: 283.683 Thread 0x000001ec2b059f50 Exception <a 'java/lang/NoSuchMethodError'{0x00000000e8c5c578}: 'void java.lang.invoke.Invokers$Holder.invoke_MT(java.lang.Object, java.lang.Object, java.lang.Object, java.lang.Object)'> (0x00000000e8c5c578) 
thrown [s\open\src\hotspot\share\interpreter\linkResolver.cpp, line 773]
Event: 286.051 Thread 0x000001ec2b059f50 Exception <a 'java/lang/ClassNotFoundException'{0x00000000e8a8d5d8}: org/gradle/invocation/DefaultGradle_DecoratedBeanInfo> (0x00000000e8a8d5d8) 
thrown [s\open\src\hotspot\share\classfile\systemDictionary.cpp, line 312]
Event: 286.058 Thread 0x000001ec2b059f50 Exception <a 'java/lang/ClassNotFoundException'{0x00000000e8a9aba8}: org/gradle/invocation/DefaultGradleBeanInfo> (0x00000000e8a9aba8) 
thrown [s\open\src\hotspot\share\classfile\systemDictionary.cpp, line 312]
Event: 286.061 Thread 0x000001ec2b059f50 Exception <a 'java/lang/ClassNotFoundException'{0x00000000e8aa8708}: org/gradle/api/internal/project/AbstractPluginAwareBeanInfo> (0x00000000e8aa8708) 
thrown [s\open\src\hotspot\share\classfile\systemDictionary.cpp, line 312]
Event: 286.065 Thread 0x000001ec2b059f50 Exception <a 'java/lang/ClassNotFoundException'{0x00000000e8ab6308}: org/gradle/api/internal/project/AbstractPluginAwareCustomizer> (0x00000000e8ab6308) 
thrown [s\open\src\hotspot\share\classfile\systemDictionary.cpp, line 312]
Event: 286.075 Thread 0x000001ec2b059f50 Exception <a 'java/lang/ClassNotFoundException'{0x00000000e8aca378}: org/gradle/invocation/DefaultGradleCustomizer> (0x00000000e8aca378) 
thrown [s\open\src\hotspot\share\classfile\systemDictionary.cpp, line 312]
Event: 286.609 Thread 0x000001ec2b059f50 Exception <a 'java/lang/ClassNotFoundException'{0x00000000e890e4b8}: org/gradle/invocation/DefaultGradle_DecoratedCustomizer> (0x00000000e890e4b8) 
thrown [s\open\src\hotspot\share\classfile\systemDictionary.cpp, line 312]

ZGC Phase Switch (0 events):
No events

VM Operations (20 events):
Event: 282.431 Executing VM operation: Cleanup done
Event: 284.450 Executing VM operation: Cleanup
Event: 284.495 Executing VM operation: Cleanup done
Event: 286.505 Executing VM operation: Cleanup
Event: 286.602 Executing VM operation: Cleanup done
Event: 287.608 Executing VM operation: Cleanup
Event: 287.608 Executing VM operation: Cleanup done
Event: 287.958 Executing VM operation: CollectForMetadataAllocation (Metadata GC Threshold)
Event: 289.129 Executing VM operation: CollectForMetadataAllocation (Metadata GC Threshold) done
Event: 289.166 Executing VM operation: G1PauseRemark
Event: 289.392 Executing VM operation: G1PauseRemark done
Event: 289.397 Executing VM operation: G1PauseCleanup
Event: 289.419 Executing VM operation: G1PauseCleanup done
Event: 290.423 Executing VM operation: Cleanup
Event: 290.735 Executing VM operation: Cleanup done
Event: 290.821 Executing VM operation: G1CollectForAllocation (G1 Evacuation Pause)
Event: 290.884 Executing VM operation: G1CollectForAllocation (G1 Evacuation Pause) done
Event: 291.891 Executing VM operation: Cleanup
Event: 291.953 Executing VM operation: Cleanup done
Event: 292.955 Executing VM operation: Cleanup

Events (20 events):
Event: 289.358 Thread 0x000001ec7f92a450 flushing nmethod 0x000001ec000cf710
Event: 289.358 Thread 0x000001ec7f92a450 flushing nmethod 0x000001ec000cfa90
Event: 289.358 Thread 0x000001ec7f92a450 flushing nmethod 0x000001ec000d0810
Event: 289.358 Thread 0x000001ec7f92a450 flushing nmethod 0x000001ec000d2410
Event: 289.358 Thread 0x000001ec7f92a450 flushing nmethod 0x000001ec000d2890
Event: 289.358 Thread 0x000001ec7f92a450 flushing nmethod 0x000001ec000d2c10
Event: 289.358 Thread 0x000001ec7f92a450 flushing nmethod 0x000001ec000d3a10
Event: 289.358 Thread 0x000001ec7f92a450 flushing nmethod 0x000001ec000d3f90
Event: 289.358 Thread 0x000001ec7f92a450 flushing nmethod 0x000001ec000d5d90
Event: 289.358 Thread 0x000001ec7f92a450 flushing nmethod 0x000001ec0025a410
Event: 289.358 Thread 0x000001ec7f92a450 flushing nmethod 0x000001ec0036a610
Event: 289.358 Thread 0x000001ec7f92a450 flushing nmethod 0x000001ec00405b90
Event: 289.358 Thread 0x000001ec7f92a450 flushing nmethod 0x000001ec00407510
Event: 289.358 Thread 0x000001ec7f92a450 flushing nmethod 0x000001ec00408c10
Event: 289.358 Thread 0x000001ec7f92a450 flushing nmethod 0x000001ec00409490
Event: 289.358 Thread 0x000001ec7f92a450 flushing nmethod 0x000001ec00453b10
Event: 289.358 Thread 0x000001ec7f92a450 flushing nmethod 0x000001ec00454410
Event: 289.358 Thread 0x000001ec7f92a450 flushing nmethod 0x000001ec00485890
Event: 289.358 Thread 0x000001ec7f92a450 flushing nmethod 0x000001ec004c3810
Event: 289.358 Thread 0x000001ec7f92a450 flushing nmethod 0x000001ec004dfc90


Dynamic libraries:
0x00007ff6041d0000 - 0x00007ff6041e0000 	C:\Program Files\Java\jdk-21_windows-x64_bin\jdk-21.0.10\bin\java.exe
0x00007ff8307a0000 - 0x00007ff830a06000 	C:\WINDOWS\SYSTEM32\ntdll.dll
0x00007ff82f480000 - 0x00007ff82f549000 	C:\WINDOWS\System32\KERNEL32.DLL
0x00007ff82db30000 - 0x00007ff82df2f000 	C:\WINDOWS\System32\KERNELBASE.dll
0x00007ff82a480000 - 0x00007ff82a51f000 	C:\WINDOWS\SYSTEM32\apphelp.dll
0x00007ff82e370000 - 0x00007ff82e4bc000 	C:\WINDOWS\System32\ucrtbase.dll
0x00007ff824660000 - 0x00007ff824679000 	C:\Program Files\Java\jdk-21_windows-x64_bin\jdk-21.0.10\bin\jli.dll
0x00007ff830010000 - 0x00007ff8300cc000 	C:\WINDOWS\System32\ADVAPI32.dll
0x00007ff82ec00000 - 0x00007ff82eca9000 	C:\WINDOWS\System32\msvcrt.dll
0x00007ff8300e0000 - 0x00007ff83018a000 	C:\WINDOWS\System32\sechost.dll
0x00007ff82e4d0000 - 0x00007ff82e5e8000 	C:\WINDOWS\System32\RPCRT4.dll
0x00007ff82fba0000 - 0x00007ff82fd66000 	C:\WINDOWS\System32\USER32.dll
0x00007ff82d9b0000 - 0x00007ff82d9d7000 	C:\WINDOWS\System32\win32u.dll
0x00007ff82ff20000 - 0x00007ff82ff4b000 	C:\WINDOWS\System32\GDI32.dll
0x00007ff82e000000 - 0x00007ff82e129000 	C:\WINDOWS\System32\gdi32full.dll
0x00007ff82e2c0000 - 0x00007ff82e363000 	C:\WINDOWS\System32\msvcp_win.dll
0x00007ff8246e0000 - 0x00007ff8246fe000 	C:\Program Files\Java\jdk-21_windows-x64_bin\jdk-21.0.10\bin\VCRUNTIME140.dll
0x00007ff8137a0000 - 0x00007ff813a31000 	C:\WINDOWS\WinSxS\amd64_microsoft.windows.common-controls_6595b64144ccf1df_6.0.26100.8972_none_3e0da176e32f9d4b\COMCTL32.dll
0x00007ff826060000 - 0x00007ff82606b000 	C:\WINDOWS\SYSTEM32\VERSION.dll
0x00007ff82e700000 - 0x00007ff82e732000 	C:\WINDOWS\System32\IMM32.DLL
0x00007ff824710000 - 0x00007ff82471c000 	C:\Program Files\Java\jdk-21_windows-x64_bin\jdk-21.0.10\bin\vcruntime140_1.dll
0x00007ff81be60000 - 0x00007ff81beed000 	C:\Program Files\Java\jdk-21_windows-x64_bin\jdk-21.0.10\bin\msvcp140.dll
0x00007fff91e80000 - 0x00007fff92ba7000 	C:\Program Files\Java\jdk-21_windows-x64_bin\jdk-21.0.10\bin\server\jvm.dll
0x00007ff82fe20000 - 0x00007ff82fea2000 	C:\WINDOWS\System32\WS2_32.dll
0x00007ff82d810000 - 0x00007ff82d86e000 	C:\WINDOWS\SYSTEM32\POWRPROF.dll
0x00007ff827dc0000 - 0x00007ff827df6000 	C:\WINDOWS\SYSTEM32\WINMM.dll
0x00007ff82d7f0000 - 0x00007ff82d805000 	C:\WINDOWS\SYSTEM32\UMPDC.dll
0x00007ff82c670000 - 0x00007ff82c68b000 	C:\WINDOWS\SYSTEM32\kernel.appcore.dll
0x00007ff8246d0000 - 0x00007ff8246da000 	C:\Program Files\Java\jdk-21_windows-x64_bin\jdk-21.0.10\bin\jimage.dll
0x00007ff82ae30000 - 0x00007ff82b072000 	C:\WINDOWS\SYSTEM32\DBGHELP.DLL
0x00007ff82f550000 - 0x00007ff82f8d5000 	C:\WINDOWS\System32\combase.dll
0x00007ff8301f0000 - 0x00007ff8302c9000 	C:\WINDOWS\System32\OLEAUT32.dll
0x00007ff827d80000 - 0x00007ff827dbb000 	C:\WINDOWS\SYSTEM32\dbgcore.DLL
0x00007ff82df40000 - 0x00007ff82dfec000 	C:\WINDOWS\System32\bcryptPrimitives.dll
0x00007ff81d020000 - 0x00007ff81d030000 	C:\Program Files\Java\jdk-21_windows-x64_bin\jdk-21.0.10\bin\instrument.dll
0x00007ff81c670000 - 0x00007ff81c691000 	C:\Program Files\Java\jdk-21_windows-x64_bin\jdk-21.0.10\bin\java.dll
0x00007ff82ecc0000 - 0x00007ff82f448000 	C:\WINDOWS\System32\SHELL32.dll
0x00007ff82b420000 - 0x00007ff82bcbb000 	C:\WINDOWS\SYSTEM32\windows.storage.dll
0x00007ff82e920000 - 0x00007ff82ea19000 	C:\WINDOWS\System32\SHCORE.dll
0x00007ff82feb0000 - 0x00007ff82ff16000 	C:\WINDOWS\System32\shlwapi.dll
0x00007ff82d8d0000 - 0x00007ff82d8f9000 	C:\WINDOWS\SYSTEM32\profapi.dll
0x00007ffff5960000 - 0x00007ffff5a37000 	C:\Program Files\Java\jdk-21_windows-x64_bin\jdk-21.0.10\bin\jsvml.dll
0x00007ff81c570000 - 0x00007ff81c588000 	C:\Program Files\Java\jdk-21_windows-x64_bin\jdk-21.0.10\bin\zip.dll
0x00007ff81c550000 - 0x00007ff81c561000 	C:\Program Files\Java\jdk-21_windows-x64_bin\jdk-21.0.10\bin\net.dll
0x00007ff8255e0000 - 0x00007ff825708000 	C:\WINDOWS\SYSTEM32\WINHTTP.dll
0x00007ff82cc30000 - 0x00007ff82cc9c000 	C:\WINDOWS\system32\mswsock.dll
0x00007ff81c430000 - 0x00007ff81c446000 	C:\Program Files\Java\jdk-21_windows-x64_bin\jdk-21.0.10\bin\nio.dll
0x00007ff824700000 - 0x00007ff824710000 	C:\Program Files\Java\jdk-21_windows-x64_bin\jdk-21.0.10\bin\verify.dll
0x00007ff81b5d0000 - 0x00007ff81b5f7000 	C:\Users\vongo\.gradle\native\1def1411415f61bf3af743bc5b6707747c0891f09f0c88961ee8f79bc544acac\windows-amd64\native-platform.dll
0x00007ff81b490000 - 0x00007ff81b508000 	C:\Users\vongo\.gradle\native\0.2.7\x86_64-windows-gnu\gradle-fileevents.dll
0x00007ff81cf60000 - 0x00007ff81cf6a000 	C:\Program Files\Java\jdk-21_windows-x64_bin\jdk-21.0.10\bin\management.dll
0x00007ff81cda0000 - 0x00007ff81cdac000 	C:\Program Files\Java\jdk-21_windows-x64_bin\jdk-21.0.10\bin\management_ext.dll
0x00007ff82ecb0000 - 0x00007ff82ecb8000 	C:\WINDOWS\System32\PSAPI.DLL
0x00007ff82c070000 - 0x00007ff82c0a3000 	C:\WINDOWS\SYSTEM32\IPHLPAPI.DLL
0x00007ff82f470000 - 0x00007ff82f47a000 	C:\WINDOWS\System32\NSI.dll
0x00007ff81c660000 - 0x00007ff81c669000 	C:\Program Files\Java\jdk-21_windows-x64_bin\jdk-21.0.10\bin\extnet.dll
0x00007ff82cf60000 - 0x00007ff82cf7b000 	C:\WINDOWS\SYSTEM32\CRYPTSP.dll
0x00007ff82c5d0000 - 0x00007ff82c609000 	C:\WINDOWS\system32\rsaenh.dll
0x00007ff82cce0000 - 0x00007ff82cd12000 	C:\WINDOWS\SYSTEM32\USERENV.dll
0x00007ff82d8a0000 - 0x00007ff82d8ca000 	C:\WINDOWS\SYSTEM32\bcrypt.dll
0x00007ff82cf40000 - 0x00007ff82cf4c000 	C:\WINDOWS\SYSTEM32\CRYPTBASE.dll
0x00007ff81bf20000 - 0x00007ff81bf2e000 	C:\Program Files\Java\jdk-21_windows-x64_bin\jdk-21.0.10\bin\sunmscapi.dll
0x00007ff82e130000 - 0x00007ff82e2ae000 	C:\WINDOWS\System32\CRYPT32.dll
0x00007ff82d180000 - 0x00007ff82d1b0000 	C:\WINDOWS\SYSTEM32\ncrypt.dll
0x00007ff82d130000 - 0x00007ff82d16f000 	C:\WINDOWS\SYSTEM32\NTASN1.dll
0x00007ff800000000 - 0x00007ff800008000 	C:\WINDOWS\system32\wshunix.dll

dbghelp: loaded successfully - version: 4.0.5 - missing functions: none
symbol engine: initialized successfully - sym options: 0x614 - pdb path: .;C:\Program Files\Java\jdk-21_windows-x64_bin\jdk-21.0.10\bin;C:\WINDOWS\SYSTEM32;C:\WINDOWS\WinSxS\amd64_microsoft.windows.common-controls_6595b64144ccf1df_6.0.26100.8972_none_3e0da176e32f9d4b;C:\Program Files\Java\jdk-21_windows-x64_bin\jdk-21.0.10\bin\server;C:\Users\vongo\.gradle\native\1def1411415f61bf3af743bc5b6707747c0891f09f0c88961ee8f79bc544acac\windows-amd64;C:\Users\vongo\.gradle\native\0.2.7\x86_64-windows-gnu

VM Arguments:
jvm_args: --add-opens=java.base/java.lang=ALL-UNNAMED --add-opens=java.base/java.lang.invoke=ALL-UNNAMED --add-opens=java.base/java.util=ALL-UNNAMED --add-opens=java.prefs/java.util.prefs=ALL-UNNAMED --add-exports=jdk.compiler/com.sun.tools.javac.api=ALL-UNNAMED --add-exports=jdk.compiler/com.sun.tools.javac.util=ALL-UNNAMED --add-opens=java.base/java.util=ALL-UNNAMED --add-opens=java.prefs/java.util.prefs=ALL-UNNAMED --add-opens=java.base/java.nio.charset=ALL-UNNAMED --add-opens=java.base/java.net=ALL-UNNAMED --add-opens=java.base/java.util.concurrent.atomic=ALL-UNNAMED --add-opens=java.xml/javax.xml.namespace=ALL-UNNAMED -XX:MaxMetaspaceSize=384m -XX:+HeapDumpOnOutOfMemoryError -Xms256m -Xmx512m -Dfile.encoding=UTF-8 -Duser.country=US -Duser.language=en -Duser.variant -javaagent:C:\Users\vongo\.gradle\wrapper\dists\gradle-8.14.5-bin\690y85m0j9nfaub7xoiayko8a\gradle-8.14.5\lib\agents\gradle-instrumentation-agent-8.14.5.jar 
java_command: org.gradle.launcher.daemon.bootstrap.GradleDaemon 8.14.5
java_class_path (initial): C:\Users\vongo\.gradle\wrapper\dists\gradle-8.14.5-bin\690y85m0j9nfaub7xoiayko8a\gradle-8.14.5\lib\gradle-daemon-main-8.14.5.jar
Launcher Type: SUN_STANDARD

[Global flags]
     intx CICompilerCount                          = 4                                         {product} {ergonomic}
   size_t CompressedClassSpaceSize                 = 335544320                                 {product} {ergonomic}
     uint ConcGCThreads                            = 3                                         {product} {ergonomic}
     uint G1ConcRefinementThreads                  = 10                                        {product} {ergonomic}
   size_t G1HeapRegionSize                         = 1048576                                   {product} {ergonomic}
    uintx GCDrainStackTargetSize                   = 64                                        {product} {ergonomic}
     bool HeapDumpOnOutOfMemoryError               = true                                   {manageable} {command line}
   size_t InitialHeapSize                          = 268435456                                 {product} {command line}
   size_t MarkStackSize                            = 4194304                                   {product} {ergonomic}
   size_t MaxHeapSize                              = 536870912                                 {product} {command line}
   size_t MaxMetaspaceSize                         = 402653184                                 {product} {command line}
   size_t MaxNewSize                               = 321912832                                 {product} {ergonomic}
   size_t MinHeapDeltaBytes                        = 1048576                                   {product} {ergonomic}
   size_t MinHeapSize                              = 268435456                                 {product} {command line}
    uintx NonNMethodCodeHeapSize                   = 5839372                                {pd product} {ergonomic}
    uintx NonProfiledCodeHeapSize                  = 122909434                              {pd product} {ergonomic}
    uintx ProfiledCodeHeapSize                     = 122909434                              {pd product} {ergonomic}
    uintx ReservedCodeCacheSize                    = 251658240                              {pd product} {ergonomic}
     bool SegmentedCodeCache                       = true                                      {product} {ergonomic}
   size_t SoftMaxHeapSize                          = 536870912                              {manageable} {ergonomic}
     bool UseCompressedOops                        = true                           {product lp64_product} {ergonomic}
     bool UseG1GC                                  = true                                      {product} {ergonomic}
     bool UseLargePagesIndividualAllocation        = false                                  {pd product} {ergonomic}

Logging:
Log output configuration:
 #0: stdout all=warning uptime,level,tags foldmultilines=false
 #1: stderr all=off uptime,level,tags foldmultilines=false

Environment Variables:
JAVA_HOME=C:\Program Files\Java\jdk-17
PATH=C:\Program Files\Common Files\Oracle\Java\javapath;C:\WINDOWS\system32;C:\WINDOWS;C:\WINDOWS\System32\Wbem;C:\WINDOWS\System32\WindowsPowerShell\v1.0\;C:\WINDOWS\System32\OpenSSH\;C:\Program Files\Git\cmd;C:\Program Files\nodejs\;C:\Users\vongo\.local\bin;C:\Users\vongo\AppData\Local\Microsoft\WindowsApps;C:\Program Files\Java\jdk-17\bin;C:\Users\vongo\AppData\Roaming\npm;C:\Users\vongo\AppData\Local\Programs\Microsoft VS Code\bin;C:\Program Files\flutter_windows_3.44.4-stable\flutter\bin;
USERNAME=vongo
OS=Windows_NT
PROCESSOR_IDENTIFIER=Intel64 Family 6 Model 154 Stepping 4, GenuineIntel
TMP=C:\Users\vongo\AppData\Local\Temp
TEMP=C:\Users\vongo\AppData\Local\Temp




Periodic native trim disabled

---------------  S Y S T E M  ---------------

OS:
 Windows 11 , 64 bit Build 26100 (10.0.26100.9168)
OS uptime: 0 days 2:44 hours
Hyper-V role detected

CPU: total 12 (initial active 12) (6 cores per cpu, 2 threads per core) family 6 model 154 stepping 4 microcode 0x41f, cx8, cmov, fxsr, ht, mmx, 3dnowpref, sse, sse2, sse3, ssse3, sse4.1, sse4.2, popcnt, lzcnt, tsc, tscinvbit, avx, avx2, aes, erms, clmul, bmi1, bmi2, adx, sha, fma, vzeroupper, clflush, clflushopt, clwb, hv, serialize, rdtscp, rdpid, fsrm, f16c, cet_ibt, cet_ss
Processor Information for processor 0
  Max Mhz: 1300, Current Mhz: 1300, Mhz Limit: 1300
Processor Information for processor 1
  Max Mhz: 1300, Current Mhz: 1300, Mhz Limit: 1300
Processor Information for processor 2
  Max Mhz: 1300, Current Mhz: 1300, Mhz Limit: 1300
Processor Information for processor 3
  Max Mhz: 1300, Current Mhz: 1300, Mhz Limit: 1300
Processor Information for processor 4
  Max Mhz: 900, Current Mhz: 900, Mhz Limit: 900
Processor Information for processor 5
  Max Mhz: 900, Current Mhz: 900, Mhz Limit: 900
Processor Information for processor 6
  Max Mhz: 900, Current Mhz: 900, Mhz Limit: 900
Processor Information for processor 7
  Max Mhz: 900, Current Mhz: 900, Mhz Limit: 900
Processor Information for processor 8
  Max Mhz: 900, Current Mhz: 900, Mhz Limit: 900
Processor Information for processor 9
  Max Mhz: 900, Current Mhz: 900, Mhz Limit: 900
Processor Information for processor 10
  Max Mhz: 900, Current Mhz: 900, Mhz Limit: 900
Processor Information for processor 11
  Max Mhz: 900, Current Mhz: 900, Mhz Limit: 900

Memory: 4k page, system-wide physical 7916M (9M free)
TotalPageFile size 31191M (AvailPageFile size 129M)
current process WorkingSet (physical memory assigned to process): 48M, peak: 194M
current process commit charge ("private bytes"): 435M, peak: 439M

vm_info: Java HotSpot(TM) 64-Bit Server VM (21.0.10+8-LTS-217) for windows-amd64 JRE (21.0.10+8-LTS-217), built on 2025-12-18T14:59:28Z by "mach5run" with MS VC++ 17.13 (VS2022)

END.
